12-05 22:17:09.168 W/AsyncOperation(6039): operation=CommitToConfigurationOperationCall, opStatusCode=29503 [CONTEXT service_id=51 ]
12-05 22:17:09.168 W/AsyncOperation(6039): OperationException[Status{statusCode=unknown status code: 29503, resolution=null}]
12-05 22:17:09.168 W/AsyncOperation(6039): 	at bptu.e(:com.google.android.gms@224617044@22.46.17 (190400-491726958):6)
12-05 22:17:09.168 W/AsyncOperation(6039): 	at bptu.f(:com.google.android.gms@224617044@22.46.17 (190400-491726958):2)
12-05 22:17:09.168 W/AsyncOperation(6039): 	at arxv.eq(:com.google.android.gms@224617044@22.46.17 (190400-491726958):1)
12-05 22:17:09.168 W/AsyncOperation(6039): 	at aryc.run(:com.google.android.gms@224617044@22.46.17 (190400-491726958):12)
12-05 22:17:09.168 W/AsyncOperation(6039): 	at cvwo.run(:com.google.android.gms@224617044@22.46.17 (190400-491726958):2)
12-05 22:17:09.168 W/AsyncOperation(6039): 	at aafj.c(:com.google.android.gms@224617044@22.46.17 (190400-491726958):6)
12-05 22:17:09.168 W/AsyncOperation(6039): 	at aafj.run(:com.google.android.gms@224617044@22.46.17 (190400-491726958):7)
12-05 22:17:09.168 W/AsyncOperation(6039): 	at java.util.concurrent.ThreadPoolExecutor.runWorker(ThreadPoolExecutor.java:1137)
12-05 22:17:09.168 W/AsyncOperation(6039): 	at java.util.concurrent.ThreadPoolExecutor$Worker.run(ThreadPoolExecutor.java:637)
12-05 22:17:09.168 W/AsyncOperation(6039): 	at aakn.run(:com.google.android.gms@224617044@22.46.17 (190400-491726958):0)
12-05 22:17:09.168 W/AsyncOperation(6039): 	at java.lang.Thread.run(Thread.java:1012)
12-05 22:17:09.173 E/bptu    (6039): Phenotype API error. Event # dsda@600c551d, EventCode: 5 [CONTEXT service_id=51 ]
12-05 22:17:09.173 E/bptu    (6039): bpsw: 29503
12-05 22:17:09.173 E/bptu    (6039): 	at bpuk.a(:com.google.android.gms@224617044@22.46.17 (190400-491726958):5)
12-05 22:17:09.173 E/bptu    (6039): 	at bptz.b(:com.google.android.gms@224617044@22.46.17 (190400-491726958):6)
12-05 22:17:09.173 E/bptu    (6039): 	at bptx.g(:com.google.android.gms@224617044@22.46.17 (190400-491726958):0)
12-05 22:17:09.173 E/bptu    (6039): 	at bptu.e(:com.google.android.gms@224617044@22.46.17 (190400-491726958):4)
12-05 22:17:09.173 E/bptu    (6039): 	at bptu.f(:com.google.android.gms@224617044@22.46.17 (190400-491726958):2)
12-05 22:17:09.173 E/bptu    (6039): 	at arxv.eq(:com.google.android.gms@224617044@22.46.17 (190400-491726958):1)
12-05 22:17:09.173 E/bptu    (6039): 	at aryc.run(:com.google.android.gms@224617044@22.46.17 (190400-491726958):12)
12-05 22:17:09.173 E/bptu    (6039): 	at cvwo.run(:com.google.android.gms@224617044@22.46.17 (190400-491726958):2)
12-05 22:17:09.173 E/bptu    (6039): 	at aafj.c(:com.google.android.gms@224617044@22.46.17 (190400-491726958):6)
12-05 22:17:09.173 E/bptu    (6039): 	at aafj.run(:com.google.android.gms@224617044@22.46.17 (190400-491726958):8)
12-05 22:17:09.173 E/bptu    (6039): 	at java.util.concurrent.ThreadPoolExecutor.runWorker(ThreadPoolExecutor.java:1137)
12-05 22:17:09.173 E/bptu    (6039): 	at java.util.concurrent.ThreadPoolExecutor$Worker.run(ThreadPoolExecutor.java:637)
12-05 22:17:09.173 E/bptu    (6039): 	at aakn.run(:com.google.android.gms@224617044@22.46.17 (190400-491726958):0)
12-05 22:17:09.173 E/bptu    (6039): 	at java.lang.Thread.run(Thread.java:1012)
12-05 22:17:09.174 E/bptu    (6039): Phenotype API error. Event # dsda@f1d7e86e, EventCode: 5 [CONTEXT service_id=51 ]
12-05 22:17:09.174 E/bptu    (6039): bpsw: 29503
12-05 22:17:09.174 E/bptu    (6039): 	at bpuk.a(:com.google.android.gms@224617044@22.46.17 (190400-491726958):5)
12-05 22:17:09.174 E/bptu    (6039): 	at bptz.b(:com.google.android.gms@224617044@22.46.17 (190400-491726958):6)
12-05 22:17:09.174 E/bptu    (6039): 	at bptx.g(:com.google.android.gms@224617044@22.46.17 (190400-491726958):0)
12-05 22:17:09.174 E/bptu    (6039): 	at bptu.e(:com.google.android.gms@224617044@22.46.17 (190400-491726958):4)
12-05 22:17:09.174 E/bptu    (6039): 	at bptu.f(:com.google.android.gms@224617044@22.46.17 (190400-491726958):2)
12-05 22:17:09.174 E/bptu    (6039): 	at arxv.eq(:com.google.android.gms@224617044@22.46.17 (190400-491726958):1)
12-05 22:17:09.174 E/bptu    (6039): 	at aryc.run(:com.google.android.gms@224617044@22.46.17 (190400-491726958):12)
12-05 22:17:09.174 E/bptu    (6039): 	at cvwo.run(:com.google.android.gms@224617044@22.46.17 (190400-491726958):2)
12-05 22:17:09.174 E/bptu    (6039): 	at aafj.c(:com.google.android.gms@224617044@22.46.17 (190400-491726958):6)
12-05 22:17:09.174 E/bptu    (6039): 	at aafj.run(:com.google.android.gms@224617044@22.46.17 (190400-491726958):8)
12-05 22:17:09.174 E/bptu    (6039): 	at java.util.concurrent.ThreadPoolExecutor.runWorker(ThreadPoolExecutor.java:1137)
12-05 22:17:09.174 E/bptu    (6039): 	at java.util.concurrent.ThreadPoolExecutor$Worker.run(ThreadPoolExecutor.java:637)
12-05 22:17:09.174 E/bptu    (6039): 	at aakn.run(:com.google.android.gms@224617044@22.46.17 (190400-491726958):0)
12-05 22:17:09.174 E/bptu    (6039): 	at java.lang.Thread.run(Thread.java:1012)
12-05 22:17:09.174 W/AsyncOperation(6039): operation=CommitToConfigurationOperationCall, opStatusCode=29503 [CONTEXT service_id=51 ]
12-05 22:17:09.174 W/AsyncOperation(6039): OperationException[Status{statusCode=unknown status code: 29503, resolution=null}]
12-05 22:17:09.174 W/AsyncOperation(6039): 	at bptu.e(:com.google.android.gms@224617044@22.46.17 (190400-491726958):6)
12-05 22:17:09.174 W/AsyncOperation(6039): 	at bptu.f(:com.google.android.gms@224617044@22.46.17 (190400-491726958):2)
12-05 22:17:09.174 W/AsyncOperation(6039): 	at arxv.eq(:com.google.android.gms@224617044@22.46.17 (190400-491726958):1)
12-05 22:17:09.174 W/AsyncOperation(6039): 	at aryc.run(:com.google.android.gms@224617044@22.46.17 (190400-491726958):12)
12-05 22:17:09.174 W/AsyncOperation(6039): 	at cvwo.run(:com.google.android.gms@224617044@22.46.17 (190400-491726958):2)
12-05 22:17:09.174 W/AsyncOperation(6039): 	at aafj.c(:com.google.android.gms@224617044@22.46.17 (190400-491726958):6)
12-05 22:17:09.174 W/AsyncOperation(6039): 	at aafj.run(:com.google.android.gms@224617044@22.46.17 (190400-491726958):8)
12-05 22:17:09.174 W/AsyncOperation(6039): 	at java.util.concurrent.ThreadPoolExecutor.runWorker(ThreadPoolExecutor.java:1137)
12-05 22:17:09.174 W/AsyncOperation(6039): 	at java.util.concurrent.ThreadPoolExecutor$Worker.run(ThreadPoolExecutor.java:637)
12-05 22:17:09.174 W/AsyncOperation(6039): 	at aakn.run(:com.google.android.gms@224617044@22.46.17 (190400-491726958):0)
12-05 22:17:09.174 W/AsyncOperation(6039): 	at java.lang.Thread.run(Thread.java:1012)
12-05 22:17:09.181 W/AsyncOperation(6039): operation=CommitToConfigurationOperationCall, opStatusCode=29503 [CONTEXT service_id=51 ]
12-05 22:17:09.181 W/AsyncOperation(6039): OperationException[Status{statusCode=unknown status code: 29503, resolution=null}]
12-05 22:17:09.181 W/AsyncOperation(6039): 	at bptu.e(:com.google.android.gms@224617044@22.46.17 (190400-491726958):6)
12-05 22:17:09.181 W/AsyncOperation(6039): 	at bptu.f(:com.google.android.gms@224617044@22.46.17 (190400-491726958):2)
12-05 22:17:09.181 W/AsyncOperation(6039): 	at arxv.eq(:com.google.android.gms@224617044@22.46.17 (190400-491726958):1)
12-05 22:17:09.181 W/AsyncOperation(6039): 	at aryc.run(:com.google.android.gms@224617044@22.46.17 (190400-491726958):12)
12-05 22:17:09.181 W/AsyncOperation(6039): 	at cvwo.run(:com.google.android.gms@224617044@22.46.17 (190400-491726958):2)
12-05 22:17:09.181 W/AsyncOperation(6039): 	at aafj.c(:com.google.android.gms@224617044@22.46.17 (190400-491726958):6)
12-05 22:17:09.181 W/AsyncOperation(6039): 	at aafj.run(:com.google.android.gms@224617044@22.46.17 (190400-491726958):8)
12-05 22:17:09.181 W/AsyncOperation(6039): 	at java.util.concurrent.ThreadPoolExecutor.runWorker(ThreadPoolExecutor.java:1137)
12-05 22:17:09.181 W/AsyncOperation(6039): 	at java.util.concurrent.ThreadPoolExecutor$Worker.run(ThreadPoolExecutor.java:637)
12-05 22:17:09.181 W/AsyncOperation(6039): 	at aakn.run(:com.google.android.gms@224617044@22.46.17 (190400-491726958):0)
12-05 22:17:09.181 W/AsyncOperation(6039): 	at java.lang.Thread.run(Thread.java:1012)
12-05 22:17:09.184 E/bptu    (6039): Phenotype API error. Event # dsda@7bf616ab, EventCode: 5 [CONTEXT service_id=51 ]
12-05 22:17:09.184 E/bptu    (6039): bpsw: 29503
12-05 22:17:09.184 E/bptu    (6039): 	at bpuk.a(:com.google.android.gms@224617044@22.46.17 (190400-491726958):5)
12-05 22:17:09.184 E/bptu    (6039): 	at bptz.b(:com.google.android.gms@224617044@22.46.17 (190400-491726958):6)
12-05 22:17:09.184 E/bptu    (6039): 	at bptx.g(:com.google.android.gms@224617044@22.46.17 (190400-491726958):0)
12-05 22:17:09.184 E/bptu    (6039): 	at bptu.e(:com.google.android.gms@224617044@22.46.17 (190400-491726958):4)
12-05 22:17:09.184 E/bptu    (6039): 	at bptu.f(:com.google.android.gms@224617044@22.46.17 (190400-491726958):2)
12-05 22:17:09.184 E/bptu    (6039): 	at arxv.eq(:com.google.android.gms@224617044@22.46.17 (190400-491726958):1)
12-05 22:17:09.184 E/bptu    (6039): 	at aryc.run(:com.google.android.gms@224617044@22.46.17 (190400-491726958):12)
12-05 22:17:09.184 E/bptu    (6039): 	at cvwo.run(:com.google.android.gms@224617044@22.46.17 (190400-491726958):2)
12-05 22:17:09.184 E/bptu    (6039): 	at aafj.c(:com.google.android.gms@224617044@22.46.17 (190400-491726958):6)
12-05 22:17:09.184 E/bptu    (6039): 	at aafj.run(:com.google.android.gms@224617044@22.46.17 (190400-491726958):8)
12-05 22:17:09.184 E/bptu    (6039): 	at java.util.concurrent.ThreadPoolExecutor.runWorker(ThreadPoolExecutor.java:1137)
12-05 22:17:09.184 E/bptu    (6039): 	at java.util.concurrent.ThreadPoolExecutor$Worker.run(ThreadPoolExecutor.java:637)
12-05 22:17:09.184 E/bptu    (6039): 	at aakn.run(:com.google.android.gms@224617044@22.46.17 (190400-491726958):0)
12-05 22:17:09.184 E/bptu    (6039): 	at java.lang.Thread.run(Thread.java:1012)
12-05 22:17:09.185 W/AsyncOperation(6039): operation=CommitToConfigurationOperationCall, opStatusCode=29503 [CONTEXT service_id=51 ]
12-05 22:17:09.185 W/AsyncOperation(6039): OperationException[Status{statusCode=unknown status code: 29503, resolution=null}]
12-05 22:17:09.185 W/AsyncOperation(6039): 	at bptu.e(:com.google.android.gms@224617044@22.46.17 (190400-491726958):6)
12-05 22:17:09.185 W/AsyncOperation(6039): 	at bptu.f(:com.google.android.gms@224617044@22.46.17 (190400-491726958):2)
12-05 22:17:09.185 W/AsyncOperation(6039): 	at arxv.eq(:com.google.android.gms@224617044@22.46.17 (190400-491726958):1)
12-05 22:17:09.185 W/AsyncOperation(6039): 	at aryc.run(:com.google.android.gms@224617044@22.46.17 (190400-491726958):12)
12-05 22:17:09.185 W/AsyncOperation(6039): 	at cvwo.run(:com.google.android.gms@224617044@22.46.17 (190400-491726958):2)
12-05 22:17:09.185 W/AsyncOperation(6039): 	at aafj.c(:com.google.android.gms@224617044@22.46.17 (190400-491726958):6)
12-05 22:17:09.185 W/AsyncOperation(6039): 	at aafj.run(:com.google.android.gms@224617044@22.46.17 (190400-491726958):8)
12-05 22:17:09.185 W/AsyncOperation(6039): 	at java.util.concurrent.ThreadPoolExecutor.runWorker(ThreadPoolExecutor.java:1137)
12-05 22:17:09.185 W/AsyncOperation(6039): 	at java.util.concurrent.ThreadPoolExecutor$Worker.run(ThreadPoolExecutor.java:637)
12-05 22:17:09.185 W/AsyncOperation(6039): 	at aakn.run(:com.google.android.gms@224617044@22.46.17 (190400-491726958):0)
12-05 22:17:09.185 W/AsyncOperation(6039): 	at java.lang.Thread.run(Thread.java:1012)
12-05 22:17:09.198 W/b       (29658): (Possibly expected) - Error changing state for com.google.android.apps.docs.common.storagebackend.StorageBackendContentProvider
12-05 22:17:09.199 W/b       (29658): (Possibly expected) - Error changing state for com.google.android.apps.docs.drive.directsharing.ChooserTargetService
12-05 22:17:09.200 W/b       (29658): (Possibly expected) - Error changing state for com.google.android.apps.viewer.PdfViewerActivity
12-05 22:17:09.202 W/b       (29658): (Possibly expected) - Error changing state for com.google.android.apps.viewer.ProjectorActivity
12-05 22:17:09.204 W/b       (29658): (Possibly expected) - Error changing state for com.google.android.apps.docs.drive.filepicker.GetMetadataActivity
12-05 22:17:09.206 W/b       (29658): (Possibly expected) - Error changing state for com.google.android.apps.docs.drive.capture.DocScannerActivity
12-05 22:17:09.208 W/b       (29658): (Possibly expected) - Error changing state for com.google.android.apps.docs.shortcut.ScanToDriveActivity
12-05 22:17:09.209 W/b       (29658): (Possibly expected) - Error changing state for com.google.android.apps.docs.androidshortcuts.ScanToDriveActivity
12-05 22:17:09.210 I/VoiceLanguageHelper(5057): #initializeLanguages
12-05 22:17:09.210 W/b       (29658): (Possibly expected) - Error changing state for com.google.android.apps.docs.androidshortcuts.CreateShortcutActivity
12-05 22:17:09.211 W/b       (29658): (Possibly expected) - Error changing state for com.google.android.apps.docs.androidshortcuts.CreateDocumentScanShortcutActivity
12-05 22:17:09.216 W/b       (29658): (Possibly expected) - Error changing state for com.google.android.apps.docs.common.androidshortcuts.ScanToDriveActivity
12-05 22:17:09.217 W/b       (29658): (Possibly expected) - Error changing state for com.google.android.apps.docs.common.androidshortcuts.CreateShortcutActivity
12-05 22:17:09.219 W/b       (29658): (Possibly expected) - Error changing state for com.google.android.apps.docs.common.androidshortcuts.CreateDocumentScanShortcutActivity
12-05 22:17:09.220 W/b       (29658): (Possibly expected) - Error changing state for com.google.android.apps.docs.drive.widget.WidgetConfigureActivity
12-05 22:17:09.221 E/bptu    (6039): Phenotype API error. Event # dsda@35cc6fb0, EventCode: 5 [CONTEXT service_id=51 ]
12-05 22:17:09.221 E/bptu    (6039): bpsw: 29503
12-05 22:17:09.221 E/bptu    (6039): 	at bpuk.a(:com.google.android.gms@224617044@22.46.17 (190400-491726958):5)
12-05 22:17:09.221 E/bptu    (6039): 	at bptz.b(:com.google.android.gms@224617044@22.46.17 (190400-491726958):6)
12-05 22:17:09.221 E/bptu    (6039): 	at bptx.g(:com.google.android.gms@224617044@22.46.17 (190400-491726958):0)
12-05 22:17:09.221 E/bptu    (6039): 	at bptu.e(:com.google.android.gms@224617044@22.46.17 (190400-491726958):4)
12-05 22:17:09.221 E/bptu    (6039): 	at bptu.f(:com.google.android.gms@224617044@22.46.17 (190400-491726958):2)
12-05 22:17:09.221 E/bptu    (6039): 	at arxv.eq(:com.google.android.gms@224617044@22.46.17 (190400-491726958):1)
12-05 22:17:09.221 E/bptu    (6039): 	at aryc.run(:com.google.android.gms@224617044@22.46.17 (190400-491726958):12)
12-05 22:17:09.221 E/bptu    (6039): 	at cvwo.run(:com.google.android.gms@224617044@22.46.17 (190400-491726958):2)
12-05 22:17:09.221 E/bptu    (6039): 	at aafj.c(:com.google.android.gms@224617044@22.46.17 (190400-491726958):6)
12-05 22:17:09.221 E/bptu    (6039): 	at aafj.run(:com.google.android.gms@224617044@22.46.17 (190400-491726958):8)
12-05 22:17:09.221 E/bptu    (6039): 	at java.util.concurrent.ThreadPoolExecutor.runWorker(ThreadPoolExecutor.java:1137)
12-05 22:17:09.221 E/bptu    (6039): 	at java.util.concurrent.ThreadPoolExecutor$Worker.run(ThreadPoolExecutor.java:637)
12-05 22:17:09.221 E/bptu    (6039): 	at aakn.run(:com.google.android.gms@224617044@22.46.17 (190400-491726958):0)
12-05 22:17:09.221 E/bptu    (6039): 	at java.lang.Thread.run(Thread.java:1012)
12-05 22:17:09.221 W/b       (29658): (Possibly expected) - Error changing state for com.google.android.apps.docs.drive.widget.CakemixAppWidgetProvider
12-05 22:17:09.222 W/AsyncOperation(6039): operation=CommitToConfigurationOperationCall, opStatusCode=29503 [CONTEXT service_id=51 ]
12-05 22:17:09.222 W/AsyncOperation(6039): OperationException[Status{statusCode=unknown status code: 29503, resolution=null}]
12-05 22:17:09.222 W/AsyncOperation(6039): 	at bptu.e(:com.google.android.gms@224617044@22.46.17 (190400-491726958):6)
12-05 22:17:09.222 W/AsyncOperation(6039): 	at bptu.f(:com.google.android.gms@224617044@22.46.17 (190400-491726958):2)
12-05 22:17:09.222 W/AsyncOperation(6039): 	at arxv.eq(:com.google.android.gms@224617044@22.46.17 (190400-491726958):1)
12-05 22:17:09.222 W/AsyncOperation(6039): 	at aryc.run(:com.google.android.gms@224617044@22.46.17 (190400-491726958):12)
12-05 22:17:09.222 W/AsyncOperation(6039): 	at cvwo.run(:com.google.android.gms@224617044@22.46.17 (190400-491726958):2)
12-05 22:17:09.222 W/AsyncOperation(6039): 	at aafj.c(:com.google.android.gms@224617044@22.46.17 (190400-491726958):6)
12-05 22:17:09.222 W/AsyncOperation(6039): 	at aafj.run(:com.google.android.gms@224617044@22.46.17 (190400-491726958):8)
12-05 22:17:09.222 W/AsyncOperation(6039): 	at java.util.concurrent.ThreadPoolExecutor.runWorker(ThreadPoolExecutor.java:1137)
12-05 22:17:09.222 W/AsyncOperation(6039): 	at java.util.concurrent.ThreadPoolExecutor$Worker.run(ThreadPoolExecutor.java:637)
12-05 22:17:09.222 W/AsyncOperation(6039): 	at aakn.run(:com.google.android.gms@224617044@22.46.17 (190400-491726958):0)
12-05 22:17:09.222 W/AsyncOperation(6039): 	at java.lang.Thread.run(Thread.java:1012)
12-05 22:17:09.226 I/BufferQueueProducer(13119): [ViewRootImpl[wallpaper]#419(BLAST Consumer)419](id:333f000001a3,api:1,p:13119,c:13119) disconnect: api 1
12-05 22:17:09.229 E/bptu    (6039): Phenotype API error. Event # dsda@ffc2cdcc, EventCode: 5 [CONTEXT service_id=51 ]
12-05 22:17:09.229 E/bptu    (6039): bpsw: 29503
12-05 22:17:09.229 E/bptu    (6039): 	at bpuk.a(:com.google.android.gms@224617044@22.46.17 (190400-491726958):5)
12-05 22:17:09.229 E/bptu    (6039): 	at bptz.b(:com.google.android.gms@224617044@22.46.17 (190400-491726958):6)
12-05 22:17:09.229 E/bptu    (6039): 	at bptx.g(:com.google.android.gms@224617044@22.46.17 (190400-491726958):0)
12-05 22:17:09.229 E/bptu    (6039): 	at bptu.e(:com.google.android.gms@224617044@22.46.17 (190400-491726958):4)
12-05 22:17:09.229 E/bptu    (6039): 	at bptu.f(:com.google.android.gms@224617044@22.46.17 (190400-491726958):2)
12-05 22:17:09.229 E/bptu    (6039): 	at arxv.eq(:com.google.android.gms@224617044@22.46.17 (190400-491726958):1)
12-05 22:17:09.229 E/bptu    (6039): 	at aryc.run(:com.google.android.gms@224617044@22.46.17 (190400-491726958):12)
12-05 22:17:09.229 E/bptu    (6039): 	at cvwo.run(:com.google.android.gms@224617044@22.46.17 (190400-491726958):2)
12-05 22:17:09.229 E/bptu    (6039): 	at aafj.c(:com.google.android.gms@224617044@22.46.17 (190400-491726958):6)
12-05 22:17:09.229 E/bptu    (6039): 	at aafj.run(:com.google.android.gms@224617044@22.46.17 (190400-491726958):8)
12-05 22:17:09.229 E/bptu    (6039): 	at java.util.concurrent.ThreadPoolExecutor.runWorker(ThreadPoolExecutor.java:1137)
12-05 22:17:09.229 E/bptu    (6039): 	at java.util.concurrent.ThreadPoolExecutor$Worker.run(ThreadPoolExecutor.java:637)
12-05 22:17:09.229 E/bptu    (6039): 	at aakn.run(:com.google.android.gms@224617044@22.46.17 (190400-491726958):0)
12-05 22:17:09.229 E/bptu    (6039): 	at java.lang.Thread.run(Thread.java:1012)
12-05 22:17:09.230 W/WindowManager(1646): Failed looking up window session=Session{d85ef1c 13119:u0a10326} callers=com.android.server.wm.WindowManagerService.windowForClientLocked:6212 com.android.server.wm.WindowManagerService.relayoutWindow:2450 com.android.server.wm.Session.relayout:235 
12-05 22:17:09.230 W/WindowManager(1646): win is null client=android.os.BinderProxy@1767ab1
12-05 22:17:09.231 W/AsyncOperation(6039): operation=CommitToConfigurationOperationCall, opStatusCode=29503 [CONTEXT service_id=51 ]
12-05 22:17:09.231 W/AsyncOperation(6039): OperationException[Status{statusCode=unknown status code: 29503, resolution=null}]
12-05 22:17:09.231 W/AsyncOperation(6039): 	at bptu.e(:com.google.android.gms@224617044@22.46.17 (190400-491726958):6)
12-05 22:17:09.231 W/AsyncOperation(6039): 	at bptu.f(:com.google.android.gms@224617044@22.46.17 (190400-491726958):2)
12-05 22:17:09.231 W/AsyncOperation(6039): 	at arxv.eq(:com.google.android.gms@224617044@22.46.17 (190400-491726958):1)
12-05 22:17:09.231 W/AsyncOperation(6039): 	at aryc.run(:com.google.android.gms@224617044@22.46.17 (190400-491726958):12)
12-05 22:17:09.231 W/AsyncOperation(6039): 	at cvwo.run(:com.google.android.gms@224617044@22.46.17 (190400-491726958):2)
12-05 22:17:09.231 W/AsyncOperation(6039): 	at aafj.c(:com.google.android.gms@224617044@22.46.17 (190400-491726958):6)
12-05 22:17:09.231 W/AsyncOperation(6039): 	at aafj.run(:com.google.android.gms@224617044@22.46.17 (190400-491726958):8)
12-05 22:17:09.231 W/AsyncOperation(6039): 	at java.util.concurrent.ThreadPoolExecutor.runWorker(ThreadPoolExecutor.java:1137)
12-05 22:17:09.231 W/AsyncOperation(6039): 	at java.util.concurrent.ThreadPoolExecutor$Worker.run(ThreadPoolExecutor.java:637)
12-05 22:17:09.231 W/AsyncOperation(6039): 	at aakn.run(:com.google.android.gms@224617044@22.46.17 (190400-491726958):0)
12-05 22:17:09.231 W/AsyncOperation(6039): 	at java.lang.Thread.run(Thread.java:1012)
12-05 22:17:09.234 E/m.spotify.musi(29888): Not starting debugger since process cannot load the jdwp agent.
12-05 22:17:09.236 D/ProcessState(29888): Binder ioctl to enable oneway spam detection failed: Invalid argument
12-05 22:17:09.237 W/WindowManager(1646): Cannot find window which accessibility connection is added to
12-05 22:17:09.238 I/BLASTBufferQueue(13119): [ViewRootImpl[wallpaper]#419] destructor()
12-05 22:17:09.238 I/BufferQueueConsumer(13119): [ViewRootImpl[wallpaper]#419(BLAST Consumer)419](id:333f000001a3,api:0,p:-1,c:13119) disconnect
12-05 22:17:09.238 W/b       (29658): (Possibly expected) - Error changing state for com.google.android.apps.docs.editors.kix.conversion.KixOnlineImportActivity
12-05 22:17:09.238 I/SurfaceFlinger(1000): operator()(), mtkRenderCntDebug 47269, screenshot (Wallpaper BBQ wrapper#0)
12-05 22:17:09.238 I/SurfaceFlinger(1000): operator()(), mtkRenderCntDebug 47269, screenshot (com.google.android.apps.nexuslauncher/com.google.android.apps.nexuslauncher.NexusLauncherActivity#1)
12-05 22:17:09.239 W/b       (29658): (Possibly expected) - Error changing state for com.google.android.apps.docs.editors.punch.conversion.PunchOnlineImportActivity
12-05 22:17:09.242 E/bptu    (6039): Phenotype API error. Event # dsda@e90e482, EventCode: 5 [CONTEXT service_id=51 ]
12-05 22:17:09.242 E/bptu    (6039): bpsw: 29503
12-05 22:17:09.242 E/bptu    (6039): 	at bpuk.a(:com.google.android.gms@224617044@22.46.17 (190400-491726958):5)
12-05 22:17:09.242 E/bptu    (6039): 	at bptz.b(:com.google.android.gms@224617044@22.46.17 (190400-491726958):6)
12-05 22:17:09.242 E/bptu    (6039): 	at bptx.g(:com.google.android.gms@224617044@22.46.17 (190400-491726958):0)
12-05 22:17:09.242 E/bptu    (6039): 	at bptu.e(:com.google.android.gms@224617044@22.46.17 (190400-491726958):4)
12-05 22:17:09.242 E/bptu    (6039): 	at bptu.f(:com.google.android.gms@224617044@22.46.17 (190400-491726958):2)
12-05 22:17:09.242 E/bptu    (6039): 	at arxv.eq(:com.google.android.gms@224617044@22.46.17 (190400-491726958):1)
12-05 22:17:09.242 E/bptu    (6039): 	at aryc.run(:com.google.android.gms@224617044@22.46.17 (190400-491726958):12)
12-05 22:17:09.242 E/bptu    (6039): 	at cvwo.run(:com.google.android.gms@224617044@22.46.17 (190400-491726958):2)
12-05 22:17:09.242 E/bptu    (6039): 	at aafj.c(:com.google.android.gms@224617044@22.46.17 (190400-491726958):6)
12-05 22:17:09.242 E/bptu    (6039): 	at aafj.run(:com.google.android.gms@224617044@22.46.17 (190400-491726958):8)
12-05 22:17:09.242 E/bptu    (6039): 	at java.util.concurrent.ThreadPoolExecutor.runWorker(ThreadPoolExecutor.java:1137)
12-05 22:17:09.242 E/bptu    (6039): 	at java.util.concurrent.ThreadPoolExecutor$Worker.run(ThreadPoolExecutor.java:637)
12-05 22:17:09.242 E/bptu    (6039): 	at aakn.run(:com.google.android.gms@224617044@22.46.17 (190400-491726958):0)
12-05 22:17:09.242 E/bptu    (6039): 	at java.lang.Thread.run(Thread.java:1012)
12-05 22:17:09.242 I/BufferQueueDebug(1000): [Splash Screen com.google.android.apps.wallpaper#0](this:0xb4000072199ff370,id:-1,api:0,p:-1,c:1000) onDestructor()
12-05 22:17:09.242 I/BLASTBufferQueue(13119): releaseBufferCallbackThunk bufferId:56345675958655 framenumber:33 blastBufferQueue is dead
12-05 22:17:09.244 W/WindowManager(1646): Failed looking up window session=Session{d85ef1c 13119:u0a10326} callers=com.android.server.wm.WindowManagerService.windowForClientLocked:6212 com.android.server.wm.WindowManagerService.removeWindow:2241 com.android.server.wm.Session.remove:218 
12-05 22:17:09.244 W/WindowManager(1646): win is null client=android.os.BinderProxy@1767ab1
12-05 22:17:09.245 I/LPDownloadSettingsState(5057): Defaulting LP download condition to WIFI_ONLY as user has not edited settings.
12-05 22:17:09.246 E/bptu    (6039): Phenotype API error. Event # dsda@98de1618, EventCode: 5 [CONTEXT service_id=51 ]
12-05 22:17:09.246 E/bptu    (6039): bpsw: 29503
12-05 22:17:09.246 E/bptu    (6039): 	at bpuk.a(:com.google.android.gms@224617044@22.46.17 (190400-491726958):5)
12-05 22:17:09.246 E/bptu    (6039): 	at bptz.b(:com.google.android.gms@224617044@22.46.17 (190400-491726958):6)
12-05 22:17:09.246 E/bptu    (6039): 	at bptx.g(:com.google.android.gms@224617044@22.46.17 (190400-491726958):0)
12-05 22:17:09.246 E/bptu    (6039): 	at bptu.e(:com.google.android.gms@224617044@22.46.17 (190400-491726958):4)
12-05 22:17:09.246 E/bptu    (6039): 	at bptu.f(:com.google.android.gms@224617044@22.46.17 (190400-491726958):2)
12-05 22:17:09.246 E/bptu    (6039): 	at arxv.eq(:com.google.android.gms@224617044@22.46.17 (190400-491726958):1)
12-05 22:17:09.246 E/bptu    (6039): 	at aryc.run(:com.google.android.gms@224617044@22.46.17 (190400-491726958):12)
12-05 22:17:09.246 E/bptu    (6039): 	at cvwo.run(:com.google.android.gms@224617044@22.46.17 (190400-491726958):2)
12-05 22:17:09.246 E/bptu    (6039): 	at aafj.c(:com.google.android.gms@224617044@22.46.17 (190400-491726958):6)
12-05 22:17:09.246 E/bptu    (6039): 	at aafj.run(:com.google.android.gms@224617044@22.46.17 (190400-491726958):8)
12-05 22:17:09.246 E/bptu    (6039): 	at java.util.concurrent.ThreadPoolExecutor.runWorker(ThreadPoolExecutor.java:1137)
12-05 22:17:09.246 E/bptu    (6039): 	at java.util.concurrent.ThreadPoolExecutor$Worker.run(ThreadPoolExecutor.java:637)
12-05 22:17:09.246 E/bptu    (6039): 	at aakn.run(:com.google.android.gms@224617044@22.46.17 (190400-491726958):0)
12-05 22:17:09.246 E/bptu    (6039): 	at java.lang.Thread.run(Thread.java:1012)
12-05 22:17:09.247 W/AsyncOperation(6039): operation=CommitToConfigurationOperationCall, opStatusCode=29503 [CONTEXT service_id=51 ]
12-05 22:17:09.247 W/AsyncOperation(6039): OperationException[Status{statusCode=unknown status code: 29503, resolution=null}]
12-05 22:17:09.247 W/AsyncOperation(6039): 	at bptu.e(:com.google.android.gms@224617044@22.46.17 (190400-491726958):6)
12-05 22:17:09.247 W/AsyncOperation(6039): 	at bptu.f(:com.google.android.gms@224617044@22.46.17 (190400-491726958):2)
12-05 22:17:09.247 W/AsyncOperation(6039): 	at arxv.eq(:com.google.android.gms@224617044@22.46.17 (190400-491726958):1)
12-05 22:17:09.247 W/AsyncOperation(6039): 	at aryc.run(:com.google.android.gms@224617044@22.46.17 (190400-491726958):12)
12-05 22:17:09.247 W/AsyncOperation(6039): 	at cvwo.run(:com.google.android.gms@224617044@22.46.17 (190400-491726958):2)
12-05 22:17:09.247 W/AsyncOperation(6039): 	at aafj.c(:com.google.android.gms@224617044@22.46.17 (190400-491726958):6)
12-05 22:17:09.247 W/AsyncOperation(6039): 	at aafj.run(:com.google.android.gms@224617044@22.46.17 (190400-491726958):8)
12-05 22:17:09.247 W/AsyncOperation(6039): 	at java.util.concurrent.ThreadPoolExecutor.runWorker(ThreadPoolExecutor.java:1137)
12-05 22:17:09.247 W/AsyncOperation(6039): 	at java.util.concurrent.ThreadPoolExecutor$Worker.run(ThreadPoolExecutor.java:637)
12-05 22:17:09.247 W/AsyncOperation(6039): 	at aakn.run(:com.google.android.gms@224617044@22.46.17 (190400-491726958):0)
12-05 22:17:09.247 W/AsyncOperation(6039): 	at java.lang.Thread.run(Thread.java:1012)
12-05 22:17:09.249 W/AsyncOperation(6039): operation=CommitToConfigurationOperationCall, opStatusCode=29503 [CONTEXT service_id=51 ]
12-05 22:17:09.249 W/AsyncOperation(6039): OperationException[Status{statusCode=unknown status code: 29503, resolution=null}]
12-05 22:17:09.249 W/AsyncOperation(6039): 	at bptu.e(:com.google.android.gms@224617044@22.46.17 (190400-491726958):6)
12-05 22:17:09.249 W/AsyncOperation(6039): 	at bptu.f(:com.google.android.gms@224617044@22.46.17 (190400-491726958):2)
12-05 22:17:09.249 W/AsyncOperation(6039): 	at arxv.eq(:com.google.android.gms@224617044@22.46.17 (190400-491726958):1)
12-05 22:17:09.249 W/AsyncOperation(6039): 	at aryc.run(:com.google.android.gms@224617044@22.46.17 (190400-491726958):12)
12-05 22:17:09.249 W/AsyncOperation(6039): 	at cvwo.run(:com.google.android.gms@224617044@22.46.17 (190400-491726958):2)
12-05 22:17:09.249 W/AsyncOperation(6039): 	at aafj.c(:com.google.android.gms@224617044@22.46.17 (190400-491726958):6)
12-05 22:17:09.249 W/AsyncOperation(6039): 	at aafj.run(:com.google.android.gms@224617044@22.46.17 (190400-491726958):8)
12-05 22:17:09.249 W/AsyncOperation(6039): 	at java.util.concurrent.ThreadPoolExecutor.runWorker(ThreadPoolExecutor.java:1137)
12-05 22:17:09.249 W/AsyncOperation(6039): 	at java.util.concurrent.ThreadPoolExecutor$Worker.run(ThreadPoolExecutor.java:637)
12-05 22:17:09.249 W/AsyncOperation(6039): 	at aakn.run(:com.google.android.gms@224617044@22.46.17 (190400-491726958):0)
12-05 22:17:09.249 W/AsyncOperation(6039): 	at java.lang.Thread.run(Thread.java:1012)
12-05 22:17:09.251 I/WM-WorkerWrapper(5057): Worker result SUCCESS for Work [ id=13cd1688-7ca2-4e1c-9342-313ff6778a8a, tags={ com.google.apps.tiktok.contrib.work.TikTokListenableWorker, TikTokWorker#com.google.apps.tiktok.sync.impl.workmanager.SyncWorker } ]
12-05 22:17:09.251 I/DefaultLPManager(5057): #getAvailablePackages
12-05 22:17:09.251 E/bptu    (6039): Phenotype API error. Event # dsda@432455b0, EventCode: 5 [CONTEXT service_id=51 ]
12-05 22:17:09.251 E/bptu    (6039): bpsw: 29503
12-05 22:17:09.251 E/bptu    (6039): 	at bpuk.a(:com.google.android.gms@224617044@22.46.17 (190400-491726958):5)
12-05 22:17:09.251 E/bptu    (6039): 	at bptz.b(:com.google.android.gms@224617044@22.46.17 (190400-491726958):6)
12-05 22:17:09.251 E/bptu    (6039): 	at bptx.g(:com.google.android.gms@224617044@22.46.17 (190400-491726958):0)
12-05 22:17:09.251 E/bptu    (6039): 	at bptu.e(:com.google.android.gms@224617044@22.46.17 (190400-491726958):4)
12-05 22:17:09.251 E/bptu    (6039): 	at bptu.f(:com.google.android.gms@224617044@22.46.17 (190400-491726958):2)
12-05 22:17:09.251 E/bptu    (6039): 	at arxv.eq(:com.google.android.gms@224617044@22.46.17 (190400-491726958):1)
12-05 22:17:09.251 E/bptu    (6039): 	at aryc.run(:com.google.android.gms@224617044@22.46.17 (190400-491726958):12)
12-05 22:17:09.251 E/bptu    (6039): 	at cvwo.run(:com.google.android.gms@224617044@22.46.17 (190400-491726958):2)
12-05 22:17:09.251 E/bptu    (6039): 	at aafj.c(:com.google.android.gms@224617044@22.46.17 (190400-491726958):6)
12-05 22:17:09.251 E/bptu    (6039): 	at aafj.run(:com.google.android.gms@224617044@22.46.17 (190400-491726958):8)
12-05 22:17:09.251 E/bptu    (6039): 	at java.util.concurrent.ThreadPoolExecutor.runWorker(ThreadPoolExecutor.java:1137)
12-05 22:17:09.251 E/bptu    (6039): 	at java.util.concurrent.ThreadPoolExecutor$Worker.run(ThreadPoolExecutor.java:637)
12-05 22:17:09.251 E/bptu    (6039): 	at aakn.run(:com.google.android.gms@224617044@22.46.17 (190400-491726958):0)
12-05 22:17:09.251 E/bptu    (6039): 	at java.lang.Thread.run(Thread.java:1012)
12-05 22:17:09.252 I/eqp     (5057): #getDownloadableLanguagePacks
12-05 22:17:09.252 W/AsyncOperation(6039): operation=CommitToConfigurationOperationCall, opStatusCode=29503 [CONTEXT service_id=51 ]
12-05 22:17:09.252 W/AsyncOperation(6039): OperationException[Status{statusCode=unknown status code: 29503, resolution=null}]
12-05 22:17:09.252 W/AsyncOperation(6039): 	at bptu.e(:com.google.android.gms@224617044@22.46.17 (190400-491726958):6)
12-05 22:17:09.252 W/AsyncOperation(6039): 	at bptu.f(:com.google.android.gms@224617044@22.46.17 (190400-491726958):2)
12-05 22:17:09.252 W/AsyncOperation(6039): 	at arxv.eq(:com.google.android.gms@224617044@22.46.17 (190400-491726958):1)
12-05 22:17:09.252 W/AsyncOperation(6039): 	at aryc.run(:com.google.android.gms@224617044@22.46.17 (190400-491726958):12)
12-05 22:17:09.252 W/AsyncOperation(6039): 	at cvwo.run(:com.google.android.gms@224617044@22.46.17 (190400-491726958):2)
12-05 22:17:09.252 W/AsyncOperation(6039): 	at aafj.c(:com.google.android.gms@224617044@22.46.17 (190400-491726958):6)
12-05 22:17:09.252 W/AsyncOperation(6039): 	at aafj.run(:com.google.android.gms@224617044@22.46.17 (190400-491726958):8)
12-05 22:17:09.252 W/AsyncOperation(6039): 	at java.util.concurrent.ThreadPoolExecutor.runWorker(ThreadPoolExecutor.java:1137)
12-05 22:17:09.252 W/AsyncOperation(6039): 	at java.util.concurrent.ThreadPoolExecutor$Worker.run(ThreadPoolExecutor.java:637)
12-05 22:17:09.252 W/AsyncOperation(6039): 	at aakn.run(:com.google.android.gms@224617044@22.46.17 (190400-491726958):0)
12-05 22:17:09.252 W/AsyncOperation(6039): 	at java.lang.Thread.run(Thread.java:1012)
12-05 22:17:09.252 I/BufferQueueProducer(1000): [NavigationBar0#0](this:0xb40000721974b3c0,id:-1,api:0,p:-1,c:1000) queueBuffer: fps=88.31 dur=1007.79 max=22.13 min=6.16
12-05 22:17:09.268 D/CompatibilityChangeReporter(1646): Compat change id reported: 168419799; UID 10425; state: DISABLED
12-05 22:17:09.276 D/CompatibilityChangeReporter(29888): Compat change id reported: 171979766; UID 10425; state: ENABLED
12-05 22:17:09.279 D/CompatibilityChangeReporter(1646): Compat change id reported: 135634846; UID 10430; state: DISABLED
12-05 22:17:09.279 D/CompatibilityChangeReporter(1646): Compat change id reported: 177438394; UID 10430; state: DISABLED
12-05 22:17:09.279 D/CompatibilityChangeReporter(1646): Compat change id reported: 135772972; UID 10430; state: DISABLED
12-05 22:17:09.280 D/CompatibilityChangeReporter(1646): Compat change id reported: 135754954; UID 10430; state: ENABLED
12-05 22:17:09.280 D/CompatibilityChangeReporter(1646): Compat change id reported: 143937733; UID 10430; state: ENABLED
12-05 22:17:09.288 D/Zygote  (904): Forked child process 29913
12-05 22:17:09.289 I/ActivityManager(1646): Start proc 29913:com.fox2code.mmm/u0a430 for service {com.fox2code.mmm/androidx.work.impl.background.systemjob.SystemJobService}
12-05 22:17:09.290 W/SystemLPSourceImpl(5057): #getAvailablePackages: Note there is not reason to call this method, as getInstalledPackages() returns the same LanguagePacks for this impl.
12-05 22:17:09.293 I/DefaultLPManager(5057): #getInstalledPackages
12-05 22:17:09.297 E/OfflineDatabaseManagerI(29658): checkDirectory: cacheDir - /data/user/0/com.google.android.apps.docs.editors.sheets/cache exists
12-05 22:17:09.298 I/eqp     (5057): #getInstalledPackages
12-05 22:17:09.298 E/OfflineDatabaseManagerI(29658): checkDirectory: filesDir - /data/user/0/com.google.android.apps.docs.editors.sheets/files exists
12-05 22:17:09.299 I/DefaultLPManager(5057): #getInstalledPackages
12-05 22:17:09.300 I/eqp     (5057): #getInstalledPackages
12-05 22:17:09.301 I/DefaultLPManager(5057): #getRequestedPackages
12-05 22:17:09.304 I/ZipLPPopulator(5057): #addNewFileGroups
12-05 22:17:09.304 I/eqp     (5057): #getDownloadableLanguagePacks
12-05 22:17:09.305 E/OfflineDatabaseManagerI(29658): checkDirectory: cacheDir - /data/user/0/com.google.android.apps.docs.editors.sheets/cache exists
12-05 22:17:09.305 E/OfflineDatabaseManagerI(29658): checkDirectory: filesDir - /data/user/0/com.google.android.apps.docs.editors.sheets/files exists
12-05 22:17:09.317 I/SystemLPSourceImpl(5057): Parsed system partition LanguagePack metadata file: /product/usr/srec/en-US/metadata
12-05 22:17:09.319 I/SystemLPSourceImpl(5057): Parsed system partition LanguagePack metadata file: /product/usr/srec/en-US/metadata
12-05 22:17:09.327 W/ActivityTaskManager(1646): Activity top resumed state loss timeout for ActivityRecord{49d3cca u0 com.google.android.apps.wallpaper/com.android.customization.picker.CustomizationPickerActivity t-1 f}}
12-05 22:17:09.331 I/SystemLPSourceImpl(5057): Parsed system partition LanguagePack metadata file: /product/usr/srec/en-US/metadata
12-05 22:17:09.333 W/SystemLPSourceImpl(5057): #getRequestedPackages: There is not reason to call this method, as the result is always empty.
12-05 22:17:09.333 I/DefaultLPManager(5057): #getAvailablePackages
12-05 22:17:09.335 I/LPRequestState(5057): [ZipfileRequests] #resolveDesiredLanguagePacks
12-05 22:17:09.338 I/SurfaceFlinger(1000): operator()(), mtkRenderCntDebug 47270, screenshot (Wallpaper BBQ wrapper#0)
12-05 22:17:09.338 I/SurfaceFlinger(1000): operator()(), mtkRenderCntDebug 47270, screenshot (com.google.android.apps.nexuslauncher/com.google.android.apps.nexuslauncher.NexusLauncherActivity#1)
12-05 22:17:09.343 I/eqp     (5057): #getDownloadableLanguagePacks
12-05 22:17:09.366 I/Cello   (29658): [29885:NonCelloThread] cello.cc:499:operator() got notified of network change to online
12-05 22:17:09.369 W/SystemLPSourceImpl(5057): #getAvailablePackages: Note there is not reason to call this method, as getInstalledPackages() returns the same LanguagePacks for this impl.
12-05 22:17:09.376 I/LPRequestState(5057): [ManagerRequests] #resolveDesiredLanguagePacks
12-05 22:17:09.377 I/SystemLPSourceImpl(5057): Parsed system partition LanguagePack metadata file: /product/usr/srec/en-US/metadata
12-05 22:17:09.405 D/nativeloader(29888): Configuring classloader-namespace for other apk /data/app/~~hQyhl-_sxNUx8WO2KATwPQ==/com.spotify.music-de5L3HjhLj2kize4CVH4dQ==/base.apk. target_sdk_version=31, uses_libraries=, library_path=/data/app/~~hQyhl-_sxNUx8WO2KATwPQ==/com.spotify.music-de5L3HjhLj2kize4CVH4dQ==/lib/arm64:/data/app/~~hQyhl-_sxNUx8WO2KATwPQ==/com.spotify.music-de5L3HjhLj2kize4CVH4dQ==/base.apk!/lib/arm64-v8a, permitted_path=/data:/mnt/expand:/data/user/0/com.spotify.music
12-05 22:17:09.409 I/lowmemorykiller(565): Kill 'com.facebook.services' (28493), uid 10165, oom_score_adj 965 to free 53956kB rss, 38532kB swap; reason: kernel is busy on reclaim (2798) and low watermark is breached
12-05 22:17:09.413 I/LPDownloadSettingsState(5057): Defaulting LP download condition to WIFI_ONLY as user has not edited settings.
12-05 22:17:09.424 I/libPowerHal(972): [perfLockAcq] idx:1 hdl:93484 hint:0 pid:972 duration:80 lock_user:mtkpower@1.0-se => ret_hdl:93484
12-05 22:17:09.426 I/libPowerHal(972): [perfLockAcq] idx:2 hdl:93485 hint:25 pid:972 duration:10000 lock_user:mtkpower@1.0-se => ret_hdl:93485
12-05 22:17:09.426 I/libPowerHal(972): [PE] MTKPOWER_HINT_APP_TOUCH update cmd:3408600 param:1
12-05 22:17:09.426 I/libPowerHal(972): [perfLockAcq] idx:3 hdl:93486 hint:0 pid:972 duration:80 lock_user:mtkpower@1.0-se => ret_hdl:93486
12-05 22:17:09.433 E/om.fox2code.mm(29913): Not starting debugger since process cannot load the jdwp agent.
12-05 22:17:09.435 D/ProcessState(29913): Binder ioctl to enable oneway spam detection failed: Invalid argument
12-05 22:17:09.438 I/Zygote  (904): Process 28493 exited due to signal 9 (Killed)
12-05 22:17:09.439 E/PhFileGroupPop(26305): Failed to add file group 
12-05 22:17:09.439 I/ActivityManager(1646): appDiedLocked: app=ProcessRecord{fe5a5f5 28493:com.facebook.services/u0a165} thread=android.os.BinderProxy@2e70490 fromBinderDied=true isKilledByAm=false reason=null
12-05 22:17:09.440 I/ActivityManager(1646): Process com.facebook.services (pid 28493) has died: cch+65 CEM 
12-05 22:17:09.448 I/SurfaceFlinger(1000): operator()(), mtkRenderCntDebug 47271, screenshot (Wallpaper BBQ wrapper#0)
12-05 22:17:09.449 I/SurfaceFlinger(1000): operator()(), mtkRenderCntDebug 47271, screenshot (com.google.android.apps.nexuslauncher/com.google.android.apps.nexuslauncher.NexusLauncherActivity#1)
12-05 22:17:09.439 E/PhFileGroupPop(26305): Failed to add file group 
12-05 22:17:09.450 E/PhFileGroupPop(26305): Failed to add file group 
12-05 22:17:09.450 E/PhFileGroupPop(26305): Failed to add file group 
12-05 22:17:09.451 I/libprocessgroup(1646): Successfully killed process cgroup uid 10165 pid 28493 in 0ms
12-05 22:17:09.452 E/PhFileGroupPop(26305): Failed to add file group 
12-05 22:17:09.452 E/PhFileGroupPop(26305): Failed to add file group 
12-05 22:17:09.452 E/PhFileGroupPop(26305): Failed to add file group 
12-05 22:17:09.452 E/PhFileGroupPop(26305): Failed to add file group 
12-05 22:17:09.452 E/PhFileGroupPop(26305): Failed to add file group 
12-05 22:17:09.452 E/PhFileGroupPop(26305): Failed to add file group 
12-05 22:17:09.452 E/PhFileGroupPop(26305): Failed to add file group 
12-05 22:17:09.452 D/PhFileGroupPop(26305): Added file groups assistant_appintegration_appactions_config
12-05 22:17:09.452 W/Bugle   (29249): TextClassifierLibManagerImpl: Reclaiming memory at level: 60
12-05 22:17:09.453 D/PhFileGroupPop(26305): Added file groups fedass_policy_config_group
12-05 22:17:09.455 D/PhFileGroupPop(26305): Added file groups tapas_cortex
12-05 22:17:09.465 I/GoogleTTSServiceImpl(5057): Cache enabled: true
12-05 22:17:09.465 D/CompatibilityChangeReporter(1646): Compat change id reported: 168419799; UID 10430; state: DISABLED
12-05 22:17:09.468 I/AiAi    (4314): onTrimMemory() with level 5
12-05 22:17:09.468 I/AppBase (7379): AppBase.onTrimMemory():497 onTrimMemory(): 5
12-05 22:17:09.470 I/GoogleInputMethodService(7379): GoogleInputMethodService.onTrimMemory():4406 onTrimMemory(): 5
12-05 22:17:09.471 I/Finsky  (23124): [2] qcq.onTrimMemory(1): Memory trim requested to level 40
12-05 22:17:09.472 I/Finsky  (23124): [2] kdx.accept(12): Flushing in-memory image cache
12-05 22:17:09.472 I/cr_BindingManager(24923): onTrimMemory: level=40, size=0
12-05 22:17:09.473 D/CompatibilityChangeReporter(29913): Compat change id reported: 171979766; UID 10430; state: ENABLED
12-05 22:17:09.489 I/libPerfCtl(972): xgfGetFPS pid:1646 fps:-1
12-05 22:17:09.490 I/libPerfCtl(972): xgfGetFPS pid:2751 fps:41
12-05 22:17:09.490 I/libPerfCtl(972): xgfGetFPS pid:13119 fps:89
12-05 22:17:09.490 I/libPerfCtl(972): xgfGetFPS pid:25430 fps:88
12-05 22:17:09.490 I/libPerfCtl(972): xgfGetFPS pid:26305 fps:-1
12-05 22:17:09.490 I/libPerfCtl(972): xgfGetFPS pid:29428 fps:-1
12-05 22:17:09.505 I/mtkpower@impl(972): [powerd_req] TIMER_MSG_PERF_LOCK_TIMEOUT hdl:93484
12-05 22:17:09.505 I/libPowerHal(972): [perfLockRel] hdl:93484, idx:1
12-05 22:17:09.507 I/mtkpower@impl(972): [powerd_req] TIMER_MSG_PERF_LOCK_TIMEOUT hdl:93486
12-05 22:17:09.507 I/libPowerHal(972): [perfLockRel] hdl:93486, idx:3
12-05 22:17:09.508 D/nativeloader(29913): Configuring classloader-namespace for other apk /data/app/~~h7pBynh38pGLmzBVyGgxGQ==/com.fox2code.mmm-3eGjIYM3KbZKlCNo0b7XIQ==/base.apk. target_sdk_version=33, uses_libraries=, library_path=/data/app/~~h7pBynh38pGLmzBVyGgxGQ==/com.fox2code.mmm-3eGjIYM3KbZKlCNo0b7XIQ==/lib/arm64:/data/app/~~h7pBynh38pGLmzBVyGgxGQ==/com.fox2code.mmm-3eGjIYM3KbZKlCNo0b7XIQ==/base.apk!/lib/arm64-v8a, permitted_path=/data:/mnt/expand:/data/user/0/com.fox2code.mmm
12-05 22:17:09.537 V/GraphicsEnvironment(29913): ANGLE Developer option for 'com.fox2code.mmm' set to: 'default'
12-05 22:17:09.537 V/GraphicsEnvironment(29913): Neither updatable production driver nor prerelease driver is supported.
12-05 22:17:09.541 D/NetworkSecurityConfig(29913): Using Network Security Config from resource network_security_config debugBuild: false
12-05 22:17:09.543 V/GraphicsEnvironment(29888): ANGLE Developer option for 'com.spotify.music' set to: 'default'
12-05 22:17:09.543 V/GraphicsEnvironment(29888): Neither updatable production driver nor prerelease driver is supported.
12-05 22:17:09.544 D/NetworkSecurityConfig(29913): Using Network Security Config from resource network_security_config debugBuild: false
12-05 22:17:09.544 D/NetworkSecurityConfig(29888): Using Network Security Config from resource network_security_config debugBuild: false
12-05 22:17:09.546 D/PhFileGroupPop(26305): Added file groups nga_sot_configs
12-05 22:17:09.547 D/NetworkSecurityConfig(29888): Using Network Security Config from resource network_security_config debugBuild: false
12-05 22:17:09.542 E/bptu    (6039): Phenotype API error. Event # dsda@84706a8f, EventCode: 5 [CONTEXT service_id=51 ]
12-05 22:17:09.542 E/bptu    (6039): bpsw: 29501: Stale snapshot for com.google.android.apps.search.transcription.device#com.google.android.tts(change count changed - expected 6  but was 5)
12-05 22:17:09.542 E/bptu    (6039): 	at bptz.b(:com.google.android.gms@224617044@22.46.17 (190400-491726958):14)
12-05 22:17:09.542 E/bptu    (6039): 	at bptx.g(:com.google.android.gms@224617044@22.46.17 (190400-491726958):0)
12-05 22:17:09.542 E/bptu    (6039): 	at bptu.e(:com.google.android.gms@224617044@22.46.17 (190400-491726958):4)
12-05 22:17:09.542 E/bptu    (6039): 	at bptu.f(:com.google.android.gms@224617044@22.46.17 (190400-491726958):2)
12-05 22:17:09.542 E/bptu    (6039): 	at arxv.eq(:com.google.android.gms@224617044@22.46.17 (190400-491726958):1)
12-05 22:17:09.542 E/bptu    (6039): 	at aryc.run(:com.google.android.gms@224617044@22.46.17 (190400-491726958):12)
12-05 22:17:09.542 E/bptu    (6039): 	at cvwo.run(:com.google.android.gms@224617044@22.46.17 (190400-491726958):2)
12-05 22:17:09.542 E/bptu    (6039): 	at aafj.c(:com.google.android.gms@224617044@22.46.17 (190400-491726958):6)
12-05 22:17:09.542 E/bptu    (6039): 	at aafj.run(:com.google.android.gms@224617044@22.46.17 (190400-491726958):8)
12-05 22:17:09.542 E/bptu    (6039): 	at java.util.concurrent.ThreadPoolExecutor.runWorker(ThreadPoolExecutor.java:1137)
12-05 22:17:09.542 E/bptu    (6039): 	at java.util.concurrent.ThreadPoolExecutor$Worker.run(ThreadPoolExecutor.java:637)
12-05 22:17:09.542 E/bptu    (6039): 	at aakn.run(:com.google.android.gms@224617044@22.46.17 (190400-491726958):0)
12-05 22:17:09.542 E/bptu    (6039): 	at java.lang.Thread.run(Thread.java:1012)
12-05 22:17:09.554 W/AsyncOperation(6039): operation=CommitToConfigurationOperationCall, opStatusCode=29501 [CONTEXT service_id=51 ]
12-05 22:17:09.554 W/AsyncOperation(6039): OperationException[Status{statusCode=Stale snapshot for com.google.android.apps.search.transcription.device#com.google.android.tts(change count changed - expected 6  but was 5), resolution=null}]
12-05 22:17:09.554 W/AsyncOperation(6039): 	at bptu.e(:com.google.android.gms@224617044@22.46.17 (190400-491726958):6)
12-05 22:17:09.554 W/AsyncOperation(6039): 	at bptu.f(:com.google.android.gms@224617044@22.46.17 (190400-491726958):2)
12-05 22:17:09.554 W/AsyncOperation(6039): 	at arxv.eq(:com.google.android.gms@224617044@22.46.17 (190400-491726958):1)
12-05 22:17:09.554 W/AsyncOperation(6039): 	at aryc.run(:com.google.android.gms@224617044@22.46.17 (190400-491726958):12)
12-05 22:17:09.554 W/AsyncOperation(6039): 	at cvwo.run(:com.google.android.gms@224617044@22.46.17 (190400-491726958):2)
12-05 22:17:09.554 W/AsyncOperation(6039): 	at aafj.c(:com.google.android.gms@224617044@22.46.17 (190400-491726958):6)
12-05 22:17:09.554 W/AsyncOperation(6039): 	at aafj.run(:com.google.android.gms@224617044@22.46.17 (190400-491726958):8)
12-05 22:17:09.554 W/AsyncOperation(6039): 	at java.util.concurrent.ThreadPoolExecutor.runWorker(ThreadPoolExecutor.java:1137)
12-05 22:17:09.554 W/AsyncOperation(6039): 	at java.util.concurrent.ThreadPoolExecutor$Worker.run(ThreadPoolExecutor.java:637)
12-05 22:17:09.554 W/AsyncOperation(6039): 	at aakn.run(:com.google.android.gms@224617044@22.46.17 (190400-491726958):0)
12-05 22:17:09.554 W/AsyncOperation(6039): 	at java.lang.Thread.run(Thread.java:1012)
12-05 22:17:09.558 W/m.spotify.musi(29888): Method com.google.android.play.core.splitinstall.t com.google.android.play.core.splitinstall.t.a(android.content.Context) failed lock verification and will run slower.
12-05 22:17:09.558 W/m.spotify.musi(29888): Common causes for lock verification issues are non-optimized dex code
12-05 22:17:09.558 W/m.spotify.musi(29888): and incorrect proguard optimizations.
12-05 22:17:09.559 I/SurfaceFlinger(1000): operator()(), mtkRenderCntDebug 47272, screenshot (Wallpaper BBQ wrapper#0)
12-05 22:17:09.560 I/SurfaceFlinger(1000): operator()(), mtkRenderCntDebug 47272, screenshot (com.google.android.apps.nexuslauncher/com.google.android.apps.nexuslauncher.NexusLauncherActivity#1)
12-05 22:17:09.563 D/Sentry  (29913): io.sentry.auto-init read: false
12-05 22:17:09.563 I/Sentry  (29913): Retrieving auto-init from AndroidManifest.xml
12-05 22:17:09.576 W/m.spotify.musi(29888): Method void p.rwm.f(java.lang.ClassLoader, java.util.HashSet) failed lock verification and will run slower.
12-05 22:17:09.581 W/m.spotify.musi(29888): Method java.lang.Thread p.rj20.B() failed lock verification and will run slower.
12-05 22:17:09.586 W/om.fox2code.mm(29913): Accessing hidden method Landroid/graphics/HardwareRenderer;->setContextPriority(I)V (blocked, reflection, denied)
12-05 22:17:09.586 W/om.fox2code.mm(29913): Accessing hidden method Landroid/graphics/HardwareRenderer;->setContextPriority(I)V (blocked, reflection, denied)
12-05 22:17:09.596 I/Cello   (29658): [29885:NonCelloThread] token_bucket.cc:221:Create TokenBucket initialized with max_bucket_size of 300, with each request requiring 10 tokens
12-05 22:17:09.596 I/Cello   (29658): [29885:NonCelloThread] token_bucket.cc:221:Create TokenBucket initialized with max_bucket_size of 300, with each request requiring 10 tokens
12-05 22:17:09.596 I/Cello   (29658): [29885:NonCelloThread] token_bucket.cc:221:Create TokenBucket initialized with max_bucket_size of 300, with each request requiring 10 tokens
12-05 22:17:09.596 W/m.spotify.musi(29888): Method java.lang.Object p.qk.l(p.xmt) failed lock verification and will run slower.
