12-05 22:17:08.493 I/DynamiteModule(26305): Considering local module com.google.android.gms.cronet_dynamite:0 and remote module com.google.android.gms.cronet_dynamite:1611
12-05 22:17:08.493 I/DynamiteModule(26305): Selected remote version of com.google.android.gms.cronet_dynamite, version >= 1611
12-05 22:17:08.494 V/DynamiteModule(26305): Dynamite loader version >= 2, using loadModule2NoCrashUtils
12-05 22:17:08.495 E/chromium(24923): [ERROR:gpu_process_host.cc(990)] GPU process exited unexpectedly: exit_code=0
12-05 22:17:08.495 I/ContentDownloadTask(7379): ContentDownloadTask.downloadAndCacheImages():167 Starting content download task
12-05 22:17:08.495 W/chromium(24923): [WARNING:gpu_process_host.cc(1337)] The GPU process has crashed 12 time(s)
12-05 22:17:08.496 W/ziparchive(29734): Unable to open '/data/app/~~rRHycHxbiHXhnHRwxJNNvg==/com.google.android.trichromelibrary_530414133-kPJ9zO_ShVQ19-Ud0uYltA==/base.dm': No such file or directory
12-05 22:17:08.496 W/ziparchive(29734): Unable to open '/data/app/~~rRHycHxbiHXhnHRwxJNNvg==/com.google.android.trichromelibrary_530414133-kPJ9zO_ShVQ19-Ud0uYltA==/base.dm': No such file or directory
12-05 22:17:08.499 W/webview_servic(29734): Entry not found
12-05 22:17:08.508 D/nativeloader(29734): Configuring classloader-namespace for other apk /data/app/~~rRHycHxbiHXhnHRwxJNNvg==/com.google.android.trichromelibrary_530414133-kPJ9zO_ShVQ19-Ud0uYltA==/base.apk. target_sdk_version=33, uses_libraries=ALL, library_path=/data/app/~~MqCrp2Q_knGU9v0yoATmJA==/com.google.android.webview-UyI7Pjt8mZ0TqOELIa89AA==/lib/arm:/data/app/~~MqCrp2Q_knGU9v0yoATmJA==/com.google.android.webview-UyI7Pjt8mZ0TqOELIa89AA==/base.apk!/lib/armeabi-v7a:/data/app/~~rRHycHxbiHXhnHRwxJNNvg==/com.google.android.trichromelibrary_530414133-kPJ9zO_ShVQ19-Ud0uYltA==/base.apk!/lib/armeabi-v7a, permitted_path=/data:/mnt/expand:/data/user/0/com.google.android.webview
12-05 22:17:08.508 D/nativeloader(29734): Extending system_exposed_libraries: libteeservice_client.trustonic.so:libapuwareapusys.mtk.so:libapuwareapusys_v2.mtk.so:libapuwarexrp.mtk.so:libapuwarexrp_v2.mtk.so:libapuwareutils.mtk.so:libapuwareutils_v2.mtk.so:libapuwarehmp.mtk.so:libmcv_runtime_usdk.mtk.so:libneuron_graph_delegate.mtk.so:libneuronusdk_adapter.mtk.so:libtflite_mtk.mtk.so:libarmnn_ndk.mtk.so:libcmdl_ndk.mtk.so:libnir_neon_driver_ndk.mtk.so:libmvpu_runtime.mtk.so:libmvpu_runtime_pub.mtk.so:libmvpu_engine_pub.mtk.so:libmvpu_pattern_pub.mtk.so:libmvpuop_mtk_cv.mtk.so:libmvpuop_mtk_nn.mtk.so:libmcf_native_window_helper.motocamera.so:libjni_helper.motocameradesktop.so:libimgTuner_jni.motoimagetuner.so
12-05 22:17:08.513 W/chromium(24923): [WARNING:compositor_view.cc(342)] Child process died (type=9) pid=29089)
12-05 22:17:08.513 W/chromium(24923): [WARNING:compositor_view.cc(342)] Child process died (type=9) pid=29089)
12-05 22:17:08.522 I/mtkpower@impl(972): [powerd_req] TIMER_MSG_PERF_LOCK_TIMEOUT hdl:93479
12-05 22:17:08.522 I/libPowerHal(972): [perfLockRel] hdl:93479, idx:0
12-05 22:17:08.522 I/mtkpower@impl(972): [powerd_req] TIMER_MSG_PERF_LOCK_TIMEOUT hdl:93480
12-05 22:17:08.522 I/libPowerHal(972): [perfLockRel] hdl:93480, idx:2
12-05 22:17:08.522 I/libPowerHal(972): [perfLockAcq] idx:4 hdl:93482 hint:0 pid:972 duration:80 lock_user:mtkpower@1.0-se => ret_hdl:93482
12-05 22:17:08.522 I/libPowerHal(972): [perfLockRel] hdl:93481, idx:3
12-05 22:17:08.523 I/libPowerHal(972): [PD] MTKPOWER_HINT_APP_TOUCH update cmd:3408600 param:0
12-05 22:17:08.526 I/ActivityTaskManager(1646): START u0 {act=android.intent.action.SET_WALLPAPER flg=0x10008000 pkg=com.google.android.apps.wallpaper cmp=com.google.android.apps.wallpaper/com.android.customization.picker.CustomizationPickerActivity bnds=[147,580][525,678] (has extras)} from uid 10428
12-05 22:17:08.526 D/ActivityTaskManager(1646): getPreferredLaunchDisplay userset_displayid false current displayId -1
12-05 22:17:08.526 D/ActivityTaskManager(1646): getPreferredLaunchDisplay userset_displayid false current displayId -1
12-05 22:17:08.526 W/ActivityTaskManager(1646): Can't find TaskDisplayArea to determine support for multi window. Task id=1289 attached=false
12-05 22:17:08.528 D/ActivityTaskManager(1646): getPreferredLaunchDisplay userset_displayid false current displayId -1
12-05 22:17:08.528 D/CompatibilityChangeReporter(1646): Compat change id reported: 174042980; UID 10342; state: DISABLED
12-05 22:17:08.529 D/CompatibilityChangeReporter(1646): Compat change id reported: 184838306; UID 10342; state: DISABLED
12-05 22:17:08.530 D/CompatibilityChangeReporter(1646): Compat change id reported: 185004937; UID 10342; state: DISABLED
12-05 22:17:08.531 D/CompatibilityChangeReporter(1646): Compat change id reported: 181136395; UID 10342; state: DISABLED
12-05 22:17:08.531 D/CompatibilityChangeReporter(1646): Compat change id reported: 174042936; UID 10342; state: DISABLED
12-05 22:17:08.533 I/mtkpower@impl(972): [setMode] type:5, enabled:1
12-05 22:17:08.533 I/libPowerHal(972): [perfLockAcq] idx:0 hdl:93483 hint:11 pid:972 duration:3000 lock_user:mtkpower@1.0-se => ret_hdl:93483
12-05 22:17:08.533 I/libPowerHal(972): LAUNCH: set gpu opp level max: 0
12-05 22:17:08.534 I/libPowerHal(972): [perfLockRel] hdl:93454, idx:1
12-05 22:17:08.537 D/CompatibilityChangeReporter(1646): Compat change id reported: 168419799; UID 10342; state: DISABLED
12-05 22:17:08.542 I/SurfaceFlinger(1000): [SF client] NEW(0xb4000071296acab0) for (13119:com.android.systemui)
12-05 22:17:08.544 D/CustomAppIcons(13119): Get custom app icon: com.android.systemui.SystemUIApplication@4822420 | com.google.android.apps.wallpaper | com.android.customization.picker.customizationpickeractivity
12-05 22:17:08.544 D/CustomAppIcons(13119): Icon from CustomAppIcons: com.google.android.apps.wallpaper | com.android.customization.picker.customizationpickeractivity | null
12-05 22:17:08.547 D/CompatibilityChangeReporter(1646): Compat change id reported: 135634846; UID 10342; state: DISABLED
12-05 22:17:08.548 D/CompatibilityChangeReporter(1646): Compat change id reported: 177438394; UID 10342; state: DISABLED
12-05 22:17:08.548 D/CompatibilityChangeReporter(1646): Compat change id reported: 135772972; UID 10342; state: DISABLED
12-05 22:17:08.548 D/CompatibilityChangeReporter(1646): Compat change id reported: 135754954; UID 10342; state: ENABLED
12-05 22:17:08.549 D/CompatibilityChangeReporter(1646): Compat change id reported: 143937733; UID 10342; state: ENABLED
12-05 22:17:08.563 I/SurfaceFlinger(1000): operator()(), mtkRenderCntDebug 47264, screenshot (Wallpaper BBQ wrapper#0)
12-05 22:17:08.563 I/SurfaceFlinger(1000): operator()(), mtkRenderCntDebug 47264, screenshot (com.google.android.apps.nexuslauncher/com.google.android.apps.nexuslauncher.NexusLauncherActivity#1)
12-05 22:17:08.571 E/BufferQueueDebug(1000): [Splash Screen com.google.android.apps.wallpaper#0](this:0xb4000072199ff370,id:-1,api:0,p:-1,c:-1) id info cannot be read from 'Splash Screen com.google.android.apps.wallpaper#0'
12-05 22:17:08.571 I/BufferQueueDebug(1000): [Splash Screen com.google.android.apps.wallpaper#0](this:0xb4000072199ff370,id:-1,api:0,p:-1,c:-1) BufferQueue core=(1000:/system/bin/surfaceflinger)
12-05 22:17:08.573 V/WindowManager(1646): Changing focus of displayId=0 to null from Window{ccf30b1 u0 com.google.android.apps.nexuslauncher/com.google.android.apps.nexuslauncher.NexusLauncherActivity}
12-05 22:17:08.574 I/BufferQueueConsumer(13119): [](id:333f000001a3,api:0,p:-1,c:13119) connect: controlledByApp=false
12-05 22:17:08.575 I/BLASTBufferQueue(13119): [ViewRootImpl[wallpaper]#419] constructor()
12-05 22:17:08.576 I/BufferQueueProducer(13119): [ViewRootImpl[wallpaper]#419(BLAST Consumer)419](id:333f000001a3,api:1,p:13119,c:13119) connect: api=1 producerControlledByApp=true
12-05 22:17:08.579 I/AssistantForeground(4355): (REDACTED) Get launcher package: %s
12-05 22:17:08.600 D/nativeloader(29734): Configuring classloader-namespace for other apk /data/app/~~MqCrp2Q_knGU9v0yoATmJA==/com.google.android.webview-UyI7Pjt8mZ0TqOELIa89AA==/base.apk. target_sdk_version=33, uses_libraries=, library_path=/data/app/~~MqCrp2Q_knGU9v0yoATmJA==/com.google.android.webview-UyI7Pjt8mZ0TqOELIa89AA==/lib/arm:/data/app/~~MqCrp2Q_knGU9v0yoATmJA==/com.google.android.webview-UyI7Pjt8mZ0TqOELIa89AA==/base.apk!/lib/armeabi-v7a:/data/app/~~rRHycHxbiHXhnHRwxJNNvg==/com.google.android.trichromelibrary_530414133-kPJ9zO_ShVQ19-Ud0uYltA==/base.apk!/lib/armeabi-v7a, permitted_path=/data:/mnt/expand:/data/user/0/com.google.android.webview
12-05 22:17:08.602 D/Zygote  (904): Forked child process 29786
12-05 22:17:08.603 I/mtkpower@impl(972): [powerd_req] TIMER_MSG_PERF_LOCK_TIMEOUT hdl:93482
12-05 22:17:08.603 I/libPowerHal(972): [perfLockRel] hdl:93482, idx:4
12-05 22:17:08.603 W/ActivityManager(1646): Slow operation: 55ms so far, now at startProcess: returned from zygote!
12-05 22:17:08.603 W/ActivityManager(1646): Slow operation: 56ms so far, now at startProcess: done updating battery stats
12-05 22:17:08.603 W/ActivityManager(1646): Slow operation: 56ms so far, now at startProcess: building log message
12-05 22:17:08.603 I/ActivityManager(1646): Start proc 29786:com.google.android.apps.wallpaper/u0a342 for pre-top-activity {com.google.android.apps.wallpaper/com.android.customization.picker.CustomizationPickerActivity}
12-05 22:17:08.603 W/ActivityManager(1646): Slow operation: 56ms so far, now at startProcess: starting to update pids map
12-05 22:17:08.603 I/WindowManager(1646): SURFACE SHOW Surface(name=Splash Screen com.google.android.apps.wallpaper)/@0x369476e on display:0
12-05 22:17:08.605 W/ActivityManager(1646): Slow operation: 58ms so far, now at startProcess: done updating pids map
12-05 22:17:08.627 W/webview_servic(29734): JIT profile information will not be recorded: profile file does not exist.
12-05 22:17:08.636 I/Pixelify(29786): inject android.os.Build for com.google.android.apps.wallpaper with 
12-05 22:17:08.636 I/Pixelify(29786): PRODUCT:cheetah 
12-05 22:17:08.636 I/Pixelify(29786): MODEL:Pixel 7 Pro 
12-05 22:17:08.636 I/Pixelify(29786): FINGERPRINT:google/cheetah/cheetah:13/T1B3.221003.008/9245559:user/release-keys
12-05 22:17:08.669 I/GsaVoiceInteractionSrv(4355): Handling ACTION_STOP_HOTWORD
12-05 22:17:08.676 E/.apps.wallpape(29786): Not starting debugger since process cannot load the jdwp agent.
12-05 22:17:08.677 D/ProcessState(29786): Binder ioctl to enable oneway spam detection failed: Invalid argument
12-05 22:17:08.690 V/GraphicsEnvironment(29734): ANGLE Developer option for 'com.google.android.webview' set to: 'default'
12-05 22:17:08.690 V/GraphicsEnvironment(29734): Neither updatable production driver nor prerelease driver is supported.
12-05 22:17:08.694 D/CompatibilityChangeReporter(29786): Compat change id reported: 171979766; UID 10342; state: DISABLED
12-05 22:17:08.701 D/nativeloader(29786): Configuring classloader-namespace for system apk /system/framework/org.apache.http.legacy.jar. target_sdk_version=30, uses_libraries=ALL, library_path=/data/app/~~EljOBgIYggw8oJ28dVPAWQ==/com.google.android.apps.wallpaper-143WTjKFzeHfsJipGbJjqg==/lib/arm64:/system/lib64:/system_ext/lib64, permitted_path=/data:/mnt/expand:/data/user/0/com.google.android.apps.wallpaper:/system/lib64:/system_ext/lib64
12-05 22:17:08.701 D/nativeloader(29786): Extending system_exposed_libraries: libteeservice_client.trustonic.so:libapuwareapusys.mtk.so:libapuwareapusys_v2.mtk.so:libapuwarexrp.mtk.so:libapuwarexrp_v2.mtk.so:libapuwareutils.mtk.so:libapuwareutils_v2.mtk.so:libapuwarehmp.mtk.so:libmcv_runtime_usdk.mtk.so:libneuron_graph_delegate.mtk.so:libneuronusdk_adapter.mtk.so:libtflite_mtk.mtk.so:libarmnn_ndk.mtk.so:libcmdl_ndk.mtk.so:libnir_neon_driver_ndk.mtk.so:libmvpu_runtime.mtk.so:libmvpu_runtime_pub.mtk.so:libmvpu_engine_pub.mtk.so:libmvpu_pattern_pub.mtk.so:libmvpuop_mtk_cv.mtk.so:libmvpuop_mtk_nn.mtk.so:libmcf_native_window_helper.motocamera.so:libjni_helper.motocameradesktop.so:libimgTuner_jni.motoimagetuner.so
12-05 22:17:08.703 W/DynamicVolume-DynamicVolumeService(4637): onForegroundActivitiesChanged, record latest volume: AppStartVolume(packageUid=10342, packageName=com.google.android.apps.wallpaper, timeInMillis=1670296628698, date=Mon Dec 05 22:17:08 EST 2022, startVolume=15, deviceType=8)
12-05 22:17:08.707 D/nativeloader(29786): Configuring classloader-namespace for other apk /data/app/~~EljOBgIYggw8oJ28dVPAWQ==/com.google.android.apps.wallpaper-143WTjKFzeHfsJipGbJjqg==/base.apk. target_sdk_version=30, uses_libraries=, library_path=/data/app/~~EljOBgIYggw8oJ28dVPAWQ==/com.google.android.apps.wallpaper-143WTjKFzeHfsJipGbJjqg==/lib/arm64, permitted_path=/data:/mnt/expand:/data/user/0/com.google.android.apps.wallpaper
12-05 22:17:08.707 D/nativeloader(29786): Extending system_exposed_libraries: libteeservice_client.trustonic.so:libapuwareapusys.mtk.so:libapuwareapusys_v2.mtk.so:libapuwarexrp.mtk.so:libapuwarexrp_v2.mtk.so:libapuwareutils.mtk.so:libapuwareutils_v2.mtk.so:libapuwarehmp.mtk.so:libmcv_runtime_usdk.mtk.so:libneuron_graph_delegate.mtk.so:libneuronusdk_adapter.mtk.so:libtflite_mtk.mtk.so:libarmnn_ndk.mtk.so:libcmdl_ndk.mtk.so:libnir_neon_driver_ndk.mtk.so:libmvpu_runtime.mtk.so:libmvpu_runtime_pub.mtk.so:libmvpu_engine_pub.mtk.so:libmvpu_pattern_pub.mtk.so:libmvpuop_mtk_cv.mtk.so:libmvpuop_mtk_nn.mtk.so:libmcf_native_window_helper.motocamera.so:libjni_helper.motocameradesktop.so:libimgTuner_jni.motoimagetuner.so
12-05 22:17:08.707 I/LoadedApk(29734): No resource references to update in package com.google.android.trichromelibrary
12-05 22:17:08.708 D/NetworkSecurityConfig(29734): No Network Security Config specified, using platform default
12-05 22:17:08.711 D/NetworkSecurityConfig(29734): No Network Security Config specified, using platform default
12-05 22:17:08.713 V/GraphicsEnvironment(29786): ANGLE Developer option for 'com.google.android.apps.wallpaper' set to: 'default'
12-05 22:17:08.713 V/GraphicsEnvironment(29786): Neither updatable production driver nor prerelease driver is supported.
12-05 22:17:08.714 D/NetworkSecurityConfig(29786): No Network Security Config specified, using platform default
12-05 22:17:08.715 D/NetworkSecurityConfig(29786): No Network Security Config specified, using platform default
12-05 22:17:08.721 I/BufferQueueProducer(1000): [Wallpaper BBQ wrapper#0](this:0xb4000072197a0aa0,id:-1,api:0,p:-1,c:1000) queueBuffer: fps=26.78 dur=1008.07 max=77.69 min=10.04
12-05 22:17:08.735 I/cr_WebViewApkApp(29734): Launched version=107.0.5304.141 minSdkVersion=29 isBundle=true processName=com.google.android.webview:webview_service
12-05 22:17:08.763 D/libMEOW (29786): meow new tls: 0xb400007b72be8020
12-05 22:17:08.763 D/libMEOW (29786): meow reload base cfg path: na
12-05 22:17:08.763 D/libMEOW (29786): meow reload overlay cfg path: na
12-05 22:17:08.764 W/QT      (29786): qt_process_init() called
12-05 22:17:08.764 E/QT      (29786): [QT]file does not exist
12-05 22:17:08.764 W/QT      (29786): Support!!
12-05 22:17:08.766 E/QT      (29786): [QT]file does not exist
12-05 22:17:08.766 D/libMEOW (29786): applied 1 plugins for [com.google.android.apps.wallpaper]:
12-05 22:17:08.766 D/libMEOW (29786):   plugin 1: [libMEOW_gift.so]:
12-05 22:17:08.766 D/libMEOW (29786): meow delete tls: 0xb400007b72be8020
12-05 22:17:08.775 I/SurfaceFlinger(1000): operator()(), mtkRenderCntDebug 47265, screenshot (Wallpaper BBQ wrapper#0)
12-05 22:17:08.776 I/SurfaceFlinger(1000): operator()(), mtkRenderCntDebug 47265, screenshot (com.google.android.apps.nexuslauncher/com.google.android.apps.nexuslauncher.NexusLauncherActivity#1)
12-05 22:17:08.801 W/BottomSheetBehavior(29786): BottomSheetBehavior now supports multiple callbacks. `setBottomSheetCallback()` removes all existing callbacks, including ones set internally by library authors, which may result in unintended behavior. This may change in the future. Please use `addBottomSheetCallback()` and `removeBottomSheetCallback()` instead to set your own callbacks.
12-05 22:17:08.804 D/AndroidRuntime(29786): Shutting down VM
12-05 22:17:08.807 E/AndroidRuntime(29786): FATAL EXCEPTION: main
12-05 22:17:08.807 E/AndroidRuntime(29786): Process: com.google.android.apps.wallpaper, PID: 29786
12-05 22:17:08.807 E/AndroidRuntime(29786): java.lang.RuntimeException: Unable to start activity ComponentInfo{com.google.android.apps.wallpaper/com.android.wallpaper.picker.CustomizationPickerActivity}: android.view.InflateException: Binary XML file line #29 in com.google.android.apps.wallpaper:layout/activity_customization_picker: Binary XML file line #16 in com.google.android.apps.wallpaper:layout/bottom_action_bar: Error inflating class com.android.wallpaper.widget.BottomActionBar
12-05 22:17:08.807 E/AndroidRuntime(29786): 	at android.app.ActivityThread.performLaunchActivity(ActivityThread.java:3751)
12-05 22:17:08.807 E/AndroidRuntime(29786): 	at android.app.ActivityThread.handleLaunchActivity(ActivityThread.java:3919)
12-05 22:17:08.807 E/AndroidRuntime(29786): 	at android.app.servertransaction.LaunchActivityItem.execute(LaunchActivityItem.java:103)
12-05 22:17:08.807 E/AndroidRuntime(29786): 	at android.app.servertransaction.TransactionExecutor.executeCallbacks(TransactionExecutor.java:135)
12-05 22:17:08.807 E/AndroidRuntime(29786): 	at android.app.servertransaction.TransactionExecutor.execute(TransactionExecutor.java:95)
12-05 22:17:08.807 E/AndroidRuntime(29786): 	at android.app.ActivityThread$H.handleMessage(ActivityThread.java:2311)
12-05 22:17:08.807 E/AndroidRuntime(29786): 	at android.os.Handler.dispatchMessage(Handler.java:111)
12-05 22:17:08.807 E/AndroidRuntime(29786): 	at android.os.Looper.loopOnce(Looper.java:238)
12-05 22:17:08.807 E/AndroidRuntime(29786): 	at android.os.Looper.loop(Looper.java:357)
12-05 22:17:08.807 E/AndroidRuntime(29786): 	at android.app.ActivityThread.main(ActivityThread.java:8089)
12-05 22:17:08.807 E/AndroidRuntime(29786): 	at java.lang.reflect.Method.invoke(Native Method)
12-05 22:17:08.807 E/AndroidRuntime(29786): 	at com.android.internal.os.RuntimeInit$MethodAndArgsCaller.run(RuntimeInit.java:548)
12-05 22:17:08.807 E/AndroidRuntime(29786): 	at com.android.internal.os.ZygoteInit.main(ZygoteInit.java:1026)
12-05 22:17:08.807 E/AndroidRuntime(29786): Caused by: android.view.InflateException: Binary XML file line #29 in com.google.android.apps.wallpaper:layout/activity_customization_picker: Binary XML file line #16 in com.google.android.apps.wallpaper:layout/bottom_action_bar: Error inflating class com.android.wallpaper.widget.BottomActionBar
12-05 22:17:08.807 E/AndroidRuntime(29786): Caused by: android.view.InflateException: Binary XML file line #16 in com.google.android.apps.wallpaper:layout/bottom_action_bar: Error inflating class com.android.wallpaper.widget.BottomActionBar
12-05 22:17:08.807 E/AndroidRuntime(29786): Caused by: java.lang.reflect.InvocationTargetException
12-05 22:17:08.807 E/AndroidRuntime(29786): 	at java.lang.reflect.Constructor.newInstance0(Native Method)
12-05 22:17:08.807 E/AndroidRuntime(29786): 	at java.lang.reflect.Constructor.newInstance(Constructor.java:343)
12-05 22:17:08.807 E/AndroidRuntime(29786): 	at android.view.LayoutInflater.createView(LayoutInflater.java:858)
12-05 22:17:08.807 E/AndroidRuntime(29786): 	at android.view.LayoutInflater.createViewFromTag(LayoutInflater.java:1010)
12-05 22:17:08.807 E/AndroidRuntime(29786): 	at android.view.LayoutInflater.parseInclude(LayoutInflater.java:1237)
12-05 22:17:08.807 E/AndroidRuntime(29786): 	at android.view.LayoutInflater.rInflate(LayoutInflater.java:1123)
12-05 22:17:08.807 E/AndroidRuntime(29786): 	at android.view.LayoutInflater.rInflateChildren(LayoutInflater.java:1088)
12-05 22:17:08.807 E/AndroidRuntime(29786): 	at android.view.LayoutInflater.inflate(LayoutInflater.java:686)
12-05 22:17:08.807 E/AndroidRuntime(29786): 	at android.view.LayoutInflater.inflate(LayoutInflater.java:538)
12-05 22:17:08.807 E/AndroidRuntime(29786): 	at android.view.LayoutInflater.inflate(LayoutInflater.java:485)
12-05 22:17:08.807 E/AndroidRuntime(29786): 	at com.android.internal.policy.PhoneWindow.setContentView(PhoneWindow.java:490)
12-05 22:17:08.807 E/AndroidRuntime(29786): 	at android.app.Activity.setContentView(Activity.java:3603)
12-05 22:17:08.807 E/AndroidRuntime(29786): 	at androidx.activity.ComponentActivity.setContentView(SourceFile:2)
12-05 22:17:08.807 E/AndroidRuntime(29786): 	at com.android.wallpaper.picker.CustomizationPickerActivity.onCreate(SourceFile:8)
12-05 22:17:08.807 E/AndroidRuntime(29786): 	at android.app.Activity.performCreate(Activity.java:8232)
12-05 22:17:08.807 E/AndroidRuntime(29786): 	at android.app.Activity.performCreate(Activity.java:8212)
12-05 22:17:08.807 E/AndroidRuntime(29786): 	at android.app.Instrumentation.callActivityOnCreate(Instrumentation.java:1331)
12-05 22:17:08.807 E/AndroidRuntime(29786): 	at android.app.ActivityThread.performLaunchActivity(ActivityThread.java:3724)
12-05 22:17:08.807 E/AndroidRuntime(29786): 	at android.app.ActivityThread.handleLaunchActivity(ActivityThread.java:3919)
12-05 22:17:08.807 E/AndroidRuntime(29786): 	at android.app.servertransaction.LaunchActivityItem.execute(LaunchActivityItem.java:103)
12-05 22:17:08.807 E/AndroidRuntime(29786): 	at android.app.servertransaction.TransactionExecutor.executeCallbacks(TransactionExecutor.java:135)
12-05 22:17:08.807 E/AndroidRuntime(29786): 	at android.app.servertransaction.TransactionExecutor.execute(TransactionExecutor.java:95)
12-05 22:17:08.807 E/AndroidRuntime(29786): 	at android.app.ActivityThread$H.handleMessage(ActivityThread.java:2311)
12-05 22:17:08.807 E/AndroidRuntime(29786): 	at android.os.Handler.dispatchMessage(Handler.java:111)
12-05 22:17:08.807 E/AndroidRuntime(29786): 	at android.os.Looper.loopOnce(Looper.java:238)
12-05 22:17:08.807 E/AndroidRuntime(29786): 	at android.os.Looper.loop(Looper.java:357)
12-05 22:17:08.807 E/AndroidRuntime(29786): 	at android.app.ActivityThread.main(ActivityThread.java:8089)
12-05 22:17:08.807 E/AndroidRuntime(29786): 	at java.lang.reflect.Method.invoke(Native Method)
12-05 22:17:08.813 E/AndroidRuntime(29786): 	at com.android.internal.os.RuntimeInit$MethodAndArgsCaller.run(RuntimeInit.java:548)
12-05 22:17:08.813 E/AndroidRuntime(29786): 	at com.android.internal.os.ZygoteInit.main(ZygoteInit.java:1026)
12-05 22:17:08.813 E/AndroidRuntime(29786): Caused by: android.view.InflateException: Binary XML file line #53 in com.google.android.apps.wallpaper:layout/bottom_actions_layout: Binary XML file line #53 in com.google.android.apps.wallpaper:layout/bottom_actions_layout: Error inflating class android.widget.ImageView
12-05 22:17:08.813 E/AndroidRuntime(29786): Caused by: android.view.InflateException: Binary XML file line #53 in com.google.android.apps.wallpaper:layout/bottom_actions_layout: Error inflating class android.widget.ImageView
12-05 22:17:08.813 E/AndroidRuntime(29786): Caused by: java.lang.reflect.InvocationTargetException
12-05 22:17:08.813 E/AndroidRuntime(29786): 	at java.lang.reflect.Constructor.newInstance0(Native Method)
12-05 22:17:08.813 E/AndroidRuntime(29786): 	at java.lang.reflect.Constructor.newInstance(Constructor.java:343)
12-05 22:17:08.813 E/AndroidRuntime(29786): 	at android.view.LayoutInflater.createView(LayoutInflater.java:858)
12-05 22:17:08.813 E/AndroidRuntime(29786): 	at android.view.LayoutInflater.createView(LayoutInflater.java:780)
12-05 22:17:08.813 E/AndroidRuntime(29786): 	at com.android.internal.policy.PhoneLayoutInflater.onCreateView(PhoneLayoutInflater.java:58)
12-05 22:17:08.813 E/AndroidRuntime(29786): 	at android.view.LayoutInflater.onCreateView(LayoutInflater.java:934)
12-05 22:17:08.813 E/AndroidRuntime(29786): 	at android.view.LayoutInflater.onCreateView(LayoutInflater.java:954)
12-05 22:17:08.813 E/AndroidRuntime(29786): 	at android.view.LayoutInflater.createViewFromTag(LayoutInflater.java:1008)
12-05 22:17:08.813 E/AndroidRuntime(29786): 	at android.view.LayoutInflater.createViewFromTag(LayoutInflater.java:965)
12-05 22:17:08.813 E/AndroidRuntime(29786): 	at android.view.LayoutInflater.rInflate(LayoutInflater.java:1127)
12-05 22:17:08.813 E/AndroidRuntime(29786): 	at android.view.LayoutInflater.rInflateChildren(LayoutInflater.java:1088)
12-05 22:17:08.813 E/AndroidRuntime(29786): 	at android.view.LayoutInflater.rInflate(LayoutInflater.java:1130)
12-05 22:17:08.813 E/AndroidRuntime(29786): 	at android.view.LayoutInflater.rInflateChildren(LayoutInflater.java:1088)
12-05 22:17:08.813 E/AndroidRuntime(29786): 	at android.view.LayoutInflater.inflate(LayoutInflater.java:686)
12-05 22:17:08.813 E/AndroidRuntime(29786): 	at android.view.LayoutInflater.inflate(LayoutInflater.java:538)
12-05 22:17:08.813 E/AndroidRuntime(29786): 	at com.android.wallpaper.widget.BottomActionBar.<init>(SourceFile:6)
12-05 22:17:08.813 E/AndroidRuntime(29786): 	at java.lang.reflect.Constructor.newInstance0(Native Method)
12-05 22:17:08.813 E/AndroidRuntime(29786): 	at java.lang.reflect.Constructor.newInstance(Constructor.java:343)
12-05 22:17:08.813 E/AndroidRuntime(29786): 	at android.view.LayoutInflater.createView(LayoutInflater.java:858)
12-05 22:17:08.813 E/AndroidRuntime(29786): 	at android.view.LayoutInflater.createViewFromTag(LayoutInflater.java:1010)
12-05 22:17:08.813 E/AndroidRuntime(29786): 	at android.view.LayoutInflater.parseInclude(LayoutInflater.java:1237)
12-05 22:17:08.813 E/AndroidRuntime(29786): 	at android.view.LayoutInflater.rInflate(LayoutInflater.java:1123)
12-05 22:17:08.813 E/AndroidRuntime(29786): 	at android.view.LayoutInflater.rInflateChildren(LayoutInflater.java:1088)
12-05 22:17:08.813 E/AndroidRuntime(29786): 	at android.view.LayoutInflater.inflate(LayoutInflater.java:686)
12-05 22:17:08.813 E/AndroidRuntime(29786): 	at android.view.LayoutInflater.inflate(LayoutInflater.java:538)
12-05 22:17:08.813 E/AndroidRuntime(29786): 	at android.view.LayoutInflater.inflate(LayoutInflater.java:485)
12-05 22:17:08.813 E/AndroidRuntime(29786): 	at com.android.internal.policy.PhoneWindow.setContentView(PhoneWindow.java:490)
12-05 22:17:08.813 E/AndroidRuntime(29786): 	at android.app.Activity.setContentView(Activity.java:3603)
12-05 22:17:08.813 E/AndroidRuntime(29786): 	at androidx.activity.ComponentActivity.setContentView(SourceFile:2)
12-05 22:17:08.813 E/AndroidRuntime(29786): 	at com.android.wallpaper.picker.CustomizationPickerActivity.onCreate(SourceFile:8)
12-05 22:17:08.813 E/AndroidRuntime(29786): 	at android.app.Activity.performCreate(Activity.java:8232)
12-05 22:17:08.813 E/AndroidRuntime(29786): 	at android.app.Activity.performCreate(Activity.java:8212)
12-05 22:17:08.813 E/AndroidRuntime(29786): 	at android.app.Instrumentation.callActivityOnCreate(Instrumentation.java:1331)
12-05 22:17:08.813 E/AndroidRuntime(29786): 	at android.app.ActivityThread.performLaunchActivity(ActivityThread.java:3724)
12-05 22:17:08.813 E/AndroidRuntime(29786): 	at android.app.ActivityThread.handleLaunchActivity(ActivityThread.java:3919)
12-05 22:17:08.813 E/AndroidRuntime(29786): 	at android.app.servertransaction.LaunchActivityItem.execute(LaunchActivityItem.java:103)
12-05 22:17:08.813 E/AndroidRuntime(29786): 	at android.app.servertransaction.TransactionExecutor.executeCallbacks(TransactionExecutor.java:135)
12-05 22:17:08.813 E/AndroidRuntime(29786): 	at android.app.servertransaction.TransactionExecutor.execute(TransactionExecutor.java:95)
12-05 22:17:08.813 E/AndroidRuntime(29786): 	at android.app.ActivityThread$H.handleMessage(ActivityThread.java:2311)
12-05 22:17:08.813 E/AndroidRuntime(29786): 	at android.os.Handler.dispatchMessage(Handler.java:111)
12-05 22:17:08.813 E/AndroidRuntime(29786): 	at android.os.Looper.loopOnce(Looper.java:238)
12-05 22:17:08.813 E/AndroidRuntime(29786): 	at android.os.Looper.loop(Looper.java:357)
12-05 22:17:08.813 E/AndroidRuntime(29786): 	at android.app.ActivityThread.main(ActivityThread.java:8089)
12-05 22:17:08.813 E/AndroidRuntime(29786): 	at java.lang.reflect.Method.invoke(Native Method)
12-05 22:17:08.813 E/AndroidRuntime(29786): 	at com.android.internal.os.RuntimeInit$MethodAndArgsCaller.run(RuntimeInit.java:548)
12-05 22:17:08.813 E/AndroidRuntime(29786): 	at com.android.internal.os.ZygoteInit.main(ZygoteInit.java:1026)
12-05 22:17:08.813 E/AndroidRuntime(29786): Caused by: android.content.res.Resources$NotFoundException: File res/color/bottom_action_button_color_tint.xml from ComplexColor resource ID #0x7f060023
12-05 22:17:08.813 E/AndroidRuntime(29786): 	at android.content.res.ResourcesImpl.loadComplexColorForCookie(ResourcesImpl.java:1167)
12-05 22:17:08.813 E/AndroidRuntime(29786): 	at android.content.res.ResourcesImpl.loadComplexColorFromName(ResourcesImpl.java:993)
12-05 22:17:08.813 E/AndroidRuntime(29786): 	at android.content.res.ResourcesImpl.loadColorStateList(ResourcesImpl.java:1072)
12-05 22:17:08.813 E/AndroidRuntime(29786): 	at android.content.res.Resources.loadColorStateList(Resources.java:1139)
12-05 22:17:08.813 E/AndroidRuntime(29786): 	at android.content.res.TypedArray.getColorStateList(TypedArray.java:601)
12-05 22:17:08.813 E/AndroidRuntime(29786): 	at android.widget.ImageView.<init>(ImageView.java:222)
12-05 22:17:08.813 E/AndroidRuntime(29786): 	at android.widget.ImageView.<init>(ImageView.java:190)
12-05 22:17:08.813 E/AndroidRuntime(29786): 	at android.widget.ImageView.<init>(ImageView.java:186)
12-05 22:17:08.813 E/AndroidRuntime(29786): 	... 46 more
12-05 22:17:08.813 E/AndroidRuntime(29786): Caused by: java.lang.UnsupportedOperationException: Can't convert value at index 0 to color: type=0x1
12-05 22:17:08.813 E/AndroidRuntime(29786): 	at android.content.res.TypedArray.getColor(TypedArray.java:534)
12-05 22:17:08.813 E/AndroidRuntime(29786): 	at android.content.res.ColorStateList.inflate(ColorStateList.java:366)
12-05 22:17:08.813 E/AndroidRuntime(29786): 	at android.content.res.ColorStateList.createFromXmlInner(ColorStateList.java:296)
12-05 22:17:08.813 E/AndroidRuntime(29786): 	at android.content.res.ResourcesImpl.loadComplexColorForCookie(ResourcesImpl.java:1160)
12-05 22:17:08.813 E/AndroidRuntime(29786): 	... 53 more
12-05 22:17:08.814 E/statsd  (901): DurationMetric 621770508523184581 dropping data for what dimension key (10)0x2010101->10295[I] (10)0x30000->*job*/com.google.android.webview/org.chromium.android_webview.services.AwVariationsSeedFetcher[S] 
12-05 22:17:08.814 E/statsd  (901): DurationMetric 2258810225604521452 dropping data for what dimension key (10)0x2010101->10295[I] (10)0x30000->*job*/com.google.android.webview/org.chromium.android_webview.services.AwVariationsSeedFetcher[S] 
12-05 22:17:08.815 E/statsd  (901): DurationMetric 1892220958478332972 dropping data for what dimension key (10)0x2010101->10295[I] (10)0x30000->*job*/com.google.android.webview/org.chromium.android_webview.services.AwVariationsSeedFetcher[S] 
12-05 22:17:08.824 W/ActivityTaskManager(1646):   Force finishing activity com.google.android.apps.wallpaper/com.android.customization.picker.CustomizationPickerActivity
12-05 22:17:08.830 I/SurfaceFlinger(1000): operator()(), mtkRenderCntDebug 47266, screenshot (Splash Screen com.google.android.apps.wallpaper#0)
12-05 22:17:08.835 I/Process (29786): Sending signal. PID: 29786 SIG: 9
12-05 22:17:08.838 E/statsd  (901): DurationMetric 621770508523184581 dropping data for what dimension key (10)0x2010101->10369[I] (10)0x30000->*job*/com.google.android.apps.docs.editors.sheets/androidx.work.impl.background.systemjob.SystemJobService[S] 
12-05 22:17:08.838 E/statsd  (901): DurationMetric 2258810225604521452 dropping data for what dimension key (10)0x2010101->10369[I] (10)0x30000->*job*/com.google.android.apps.docs.editors.sheets/androidx.work.impl.background.systemjob.SystemJobService[S] 
12-05 22:17:08.838 E/statsd  (901): DurationMetric 1892220958478332972 dropping data for what dimension key (10)0x2010101->10369[I] (10)0x30000->*job*/com.google.android.apps.docs.editors.sheets/androidx.work.impl.background.systemjob.SystemJobService[S] 
12-05 22:17:08.839 D/nativeloader(26305): Configuring classloader-namespace for other apk . target_sdk_version=33, uses_libraries=ALL, library_path=/data/user_de/0/com.google.android.gms/app_chimera/m/0000000c/CronetDynamite.apk!/lib/arm64-v8a, permitted_path=/data:/mnt/expand
12-05 22:17:08.839 D/nativeloader(26305): Extending system_exposed_libraries: libteeservice_client.trustonic.so:libapuwareapusys.mtk.so:libapuwareapusys_v2.mtk.so:libapuwarexrp.mtk.so:libapuwarexrp_v2.mtk.so:libapuwareutils.mtk.so:libapuwareutils_v2.mtk.so:libapuwarehmp.mtk.so:libmcv_runtime_usdk.mtk.so:libneuron_graph_delegate.mtk.so:libneuronusdk_adapter.mtk.so:libtflite_mtk.mtk.so:libarmnn_ndk.mtk.so:libcmdl_ndk.mtk.so:libnir_neon_driver_ndk.mtk.so:libmvpu_runtime.mtk.so:libmvpu_runtime_pub.mtk.so:libmvpu_engine_pub.mtk.so:libmvpu_pattern_pub.mtk.so:libmvpuop_mtk_cv.mtk.so:libmvpuop_mtk_nn.mtk.so:libmcf_native_window_helper.motocamera.so:libjni_helper.motocameradesktop.so:libimgTuner_jni.motoimagetuner.so
12-05 22:17:08.844 I/DropBoxManagerService(1646): add tag=system_app_crash isTagEnabled=true flags=0x2
12-05 22:17:08.849 I/Zygote  (904): Process 29786 exited due to signal 9 (Killed)
12-05 22:17:08.849 W/DynamicVolume-DynamicVolumeService(4637): onForegroundActivitiesChanged, record latest volume: AppStartVolume(packageUid=10428, packageName=com.google.android.apps.nexuslauncher, timeInMillis=1670296628846, date=Mon Dec 05 22:17:08 EST 2022, startVolume=15, deviceType=8)
12-05 22:17:08.851 W/BroadcastQueue(1646): Background execution not allowed: receiving Intent { act=android.intent.action.DROPBOX_ENTRY_ADDED flg=0x10 (has extras) } to com.google.android.gms/.stats.service.DropBoxEntryAddedReceiver
12-05 22:17:08.855 I/ActivityManager(1646): appDiedLocked: app=ProcessRecord{db49e3b 29786:com.google.android.apps.wallpaper/u0a342} thread=android.os.BinderProxy@7798081 fromBinderDied=true isKilledByAm=false reason=null
12-05 22:17:08.855 I/ActivityManager(1646): Process com.google.android.apps.wallpaper (pid 29786) has died: prcp TOP 
12-05 22:17:08.855 I/libprocessgroup(1646): Successfully killed process cgroup uid 10342 pid 29786 in 0ms
12-05 22:17:08.864 W/BcSmartspaceView(25430): Current card number does not present in the Adapter.
12-05 22:17:08.864 W/BcSmartspaceView(25430): Current card number does not present in the Adapter.
12-05 22:17:08.864 W/BcSmartspaceView(25430): Current card number does not present in the Adapter.
12-05 22:17:08.874 W/FontsContract(29658): Platform version of downloadable fonts is deprecated. Please use androidx version instead.
12-05 22:17:08.880 D/ConnectivityService(1646): requestNetwork for uid/pid:10212/26305 activeRequest: null callbackRequest: 1825 [NetworkRequest [ REQUEST id=1826, [ Capabilities: INTERNET&NOT_RESTRICTED&TRUSTED&NOT_VCN_MANAGED Uid: 10212 RequestorUid: 10212 RequestorPkg: com.google.android.googlequicksearchbox UnderlyingNetworks: Null] ]] callback flags: 0 order: 2147483647
12-05 22:17:08.882 D/ConnectivityService(1646): NetReassign [1826 : null  100] [c 0] [a 0] [i 1]
12-05 22:17:08.882 D/WifiNetworkFactory(1646): got request NetworkRequest [ REQUEST id=1826, [ Capabilities: INTERNET&NOT_RESTRICTED&TRUSTED&NOT_VCN_MANAGED Uid: 10212 RequestorUid: 10212 RequestorPkg: com.google.android.googlequicksearchbox UnderlyingNetworks: Null] ]
12-05 22:17:08.884 D/UntrustedWifiNetworkFactory(1646): got request NetworkRequest [ REQUEST id=1826, [ Capabilities: INTERNET&NOT_RESTRICTED&TRUSTED&NOT_VCN_MANAGED Uid: 10212 RequestorUid: 10212 RequestorPkg: com.google.android.googlequicksearchbox UnderlyingNetworks: Null] ]
12-05 22:17:08.884 D/OemPaidWifiNetworkFactory(1646): got request NetworkRequest [ REQUEST id=1826, [ Capabilities: INTERNET&NOT_RESTRICTED&TRUSTED&NOT_VCN_MANAGED Uid: 10212 RequestorUid: 10212 RequestorPkg: com.google.android.googlequicksearchbox UnderlyingNetworks: Null] ]
12-05 22:17:08.890 I/mtkpower@impl(972): [setMode] type:5, enabled:0
12-05 22:17:08.896 D/ConnectivityService(1646): NetReassign [no changes] [c 0] [a 1] [i 4]
12-05 22:17:08.897 I/AssistantForeground(4355): (REDACTED) Get launcher package: %s
12-05 22:17:08.899 I/GoogleTTSServiceImpl(5057): Cache enabled: true
12-05 22:17:08.904 I/FontLog (6039): Received query Google Sans, URI content://com.google.android.gms.fonts [CONTEXT service_id=132 ]
12-05 22:17:08.905 I/FontLog (6039): Query [Google Sans] resolved to {Google Sans, wdth 100.0, wght 400, ital 0.0, bestEffort false} [CONTEXT service_id=132 ]
12-05 22:17:08.905 I/cr_BindingManager(24923): onTrimMemory: level=40, size=0
12-05 22:17:08.906 W/BroadcastQueue(1646): Background execution not allowed: receiving Intent { act=android.intent.action.DROPBOX_ENTRY_ADDED flg=0x10 (has extras) } to com.google.android.gms/.chimera.GmsIntentOperationService$PersistentTrustedReceiver
12-05 22:17:08.906 I/AiAi    (4314): onTrimMemory() with level 5
12-05 22:17:08.908 I/Finsky  (23124): [2] qcq.onTrimMemory(1): Memory trim requested to level 40
12-05 22:17:08.908 I/GsaVoiceInteractionSrv(4355): Handling ACTION_START_HOTWORD
12-05 22:17:08.910 I/Finsky  (23124): [2] kdx.accept(12): Flushing in-memory image cache
12-05 22:17:08.912 I/GsaVoiceInteractionSrv(4355): (REDACTED) disregardVoiceMatch: %b
12-05 22:17:08.913 I/GoogleInputMethodService(7379): GoogleInputMethodService.onFinishInput():3227 
12-05 22:17:08.913 W/ContentCaptureService(4314): handleSendEvents() received empty list of events
12-05 22:17:08.914 I/FontLog (6039): Font PFD returned from cache for {Google Sans, wdth 100.0, wght 400, ital 0.0, bestEffort false} [CONTEXT service_id=132 ]
12-05 22:17:08.915 I/FontLog (6039): Fetch {Google Sans, wdth 100.0, wght 400, ital 0.0, bestEffort false} end status Status{statusCode=SUCCESS, resolution=null} [CONTEXT service_id=132 ]
12-05 22:17:08.918 I/GoogleInputMethodService(7379): GoogleInputMethodService.updateDeviceLockedStatus():2087 repeatCheckTimes = 0, unlocked = true
12-05 22:17:08.919 I/GoogleInputMethodService(7379): GoogleInputMethodService.onStartInput():1877 onStartInput(EditorInfo{inputType=0x0(NULL) imeOptions=0x0 privateImeOptions=null actionName=UNSPECIFIED actionLabel=null actionId=0 initialSelStart=-1 initialSelEnd=-1 initialCapsMode=0x0 hintText=null label=null packageName=com.google.android.apps.nexuslauncher fieldId=-1 fieldName=null extras=null}, false)
12-05 22:17:08.919 I/GoogleInputMethodService(7379): GoogleInputMethodService.shouldHideHeaderOnInitialState():4008 ShouldHideHeaderOnInitialState = false
12-05 22:17:08.921 I/GoogleInputMethodService(7379): GoogleInputMethodService.updateDeviceLockedStatus():2087 repeatCheckTimes = 2, unlocked = true
12-05 22:17:08.924 I/AppBase (7379): AppBase.onTrimMemory():497 onTrimMemory(): 5
12-05 22:17:08.924 I/GoogleInputMethodService(7379): GoogleInputMethodService.onTrimMemory():4406 onTrimMemory(): 5
12-05 22:17:08.932 I/AstreaHttpConnection(4314): Started download from url='https://gstatic.com/matchmaker/template_table/21072101/2/en-us/superpacks_manifest.zip'
12-05 22:17:08.936 I/FontLog (6039): Pulling font file for id = 279, cache size = 7 [CONTEXT service_id=132 ]
12-05 22:17:08.941 W/Bugle   (29249): TextClassifierLibManagerImpl: Reclaiming memory at level: 60
12-05 22:17:08.946 W/FontsContract(29658): Platform version of downloadable fonts is deprecated. Please use androidx version instead.
12-05 22:17:08.950 I/FontLog (6039): Received query Google Sans:500, URI content://com.google.android.gms.fonts [CONTEXT service_id=132 ]
12-05 22:17:08.950 I/FontLog (6039): Query [Google Sans:500] resolved to {Google Sans, wdth 100.0, wght 500, ital 0.0, bestEffort false} [CONTEXT service_id=132 ]
12-05 22:17:08.952 I/FontLog (6039): Font PFD returned from cache for {Google Sans, wdth 100.0, wght 500, ital 0.0, bestEffort false} [CONTEXT service_id=132 ]
12-05 22:17:08.952 I/FontLog (6039): Fetch {Google Sans, wdth 100.0, wght 500, ital 0.0, bestEffort false} end status Status{statusCode=SUCCESS, resolution=null} [CONTEXT service_id=132 ]
12-05 22:17:08.957 I/FontLog (6039): Pulling font file for id = 280, cache size = 6 [CONTEXT service_id=132 ]
12-05 22:17:08.960 I/BufferQueueProducer(1000): [FramebufferSurface](this:0xb4000071c9641040,id:-1,api:1,p:1000,c:1000) queueBuffer: fps=90.15 dur=1009.43 max=24.55 min=6.48
12-05 22:17:08.961 I/hwcomposer(935): [HWCDisplay] [Display_0 (type:1)] fps:90.153023,dur:1009.39,max:24.70,min:6.37  
12-05 22:17:08.978 I/cr_CronetLibraryLoader(26305): Cronet version: 108.0.5359.28, arch: aarch64
12-05 22:17:08.985 I/SurfaceFlinger(1000): operator()(), mtkRenderCntDebug 47267, screenshot (Wallpaper BBQ wrapper#0)
12-05 22:17:08.985 I/SurfaceFlinger(1000): operator()(), mtkRenderCntDebug 47267, screenshot (com.google.android.apps.nexuslauncher/com.google.android.apps.nexuslauncher.NexusLauncherActivity#1)
12-05 22:17:08.986 D/CompatibilityChangeReporter(5057): Compat change id reported: 160794467; UID 10296; state: ENABLED
12-05 22:17:08.986 I/SurfaceFlinger(1000): operator()(), mtkRenderCntDebug 47267, screenshot (Splash Screen com.google.android.apps.wallpaper#0)
12-05 22:17:08.991 D/CompatibilityChangeReporter(29658): Compat change id reported: 160794467; UID 10369; state: ENABLED
12-05 22:17:09.060 I/AiAiEcho(4314): Predicting[7]: { Feature:15, creation:2022-12-06T02:19:18.941Z, expiry:2022-12-06T02:24:18.941Z, isExpired: true}, { Feature:1, creation:2022-12-06T03:00:00Z, expiry:2022-12-06T04:00:00Z, isExpired: false}, { Feature:1, creation:2022-12-06T04:00:00Z, expiry:2022-12-06T05:00:00Z, isExpired: true}, { Feature:1, creation:2022-12-06T05:00:00Z, expiry:2022-12-06T06:00:00Z, isExpired: true}, { Feature:1, creation:2022-12-06T06:00:00Z, expiry:2022-12-06T07:00:00Z, isExpired: true}, { Feature:1, creation:2022-12-06T07:00:00Z, expiry:2022-12-06T08:00:00Z, isExpired: true}, { Feature:1, creation:2022-12-06T08:00:00Z, expiry:2022-12-06T08:35:56Z, isExpired: true}
12-05 22:17:09.061 I/AiAiEcho(4314): EchoTargets: Feature:1
12-05 22:17:09.061 I/AiAiEcho(4314): Filtered by AiAi flag check: 
12-05 22:17:09.061 I/AiAiEcho(4314): Ranked targets strategy: WEIGHTED, count: 1, ranking metadata: { cardId: WEATHER-569377244, card type: 1, update time: 2022-12-06T03:00:00Z, expiration time: 2022-12-06T04:00:00Z, ranking metadata: RankingMetaData(urgency=0.913, priority=0.3, recency=1.0, rankScore=0.2739, importantTimePoints=# mjr@7bca4) }
12-05 22:17:09.062 I/AiAiEcho(4314): #weatherTwiddler: Weather removes SubtitleSupplementalItem in surface: lockscreen
12-05 22:17:09.065 I/AiAiEcho(4314): #postPredictionTargets: Sending updates to UISurface home with targets# 1
12-05 22:17:09.066 I/AiAiEcho(4314): #postPredictionTargets: Sending updates to UISurface media_data_manager with targets# 0
12-05 22:17:09.066 W/BcSmartspaceCard(25430): No title view to update
12-05 22:17:09.084 I/WindowManager(1646): SURFACE hide Surface(name=Splash Screen com.google.android.apps.wallpaper)/@0x369476e on display:0
12-05 22:17:09.085 W/InputManager-JNI(1646): Input channel object 'eba5b96 Splash Screen com.google.android.apps.wallpaper (client)' was disposed without first being removed with the input manager!
12-05 22:17:09.089 V/WindowManager(1646): Changing focus of displayId=0 to Window{ccf30b1 u0 com.google.android.apps.nexuslauncher/com.google.android.apps.nexuslauncher.NexusLauncherActivity} from null
12-05 22:17:09.098 W/ActivityTaskManager(1646): Can't find TaskDisplayArea to determine support for multi window. Task id=1289 attached=false
12-05 22:17:09.098 W/ActivityTaskManager(1646): Can't find TaskDisplayArea to determine support for multi window. Task id=1289 attached=false
12-05 22:17:09.129 W/Turbo.EvaluateAppBucketsJob(29655): Nothing to log. Snapshots in eval window: 0. Models given by Phenotype: 1. Logging enabled: true
12-05 22:17:09.138 I/SurfaceFlinger(1000): operator()(), mtkRenderCntDebug 47268, screenshot (Wallpaper BBQ wrapper#0)
12-05 22:17:09.138 I/SurfaceFlinger(1000): operator()(), mtkRenderCntDebug 47268, screenshot (com.google.android.apps.nexuslauncher/com.google.android.apps.nexuslauncher.NexusLauncherActivity#1)
12-05 22:17:09.144 D/CompatibilityChangeReporter(1646): Compat change id reported: 135634846; UID 10425; state: DISABLED
12-05 22:17:09.144 D/CompatibilityChangeReporter(1646): Compat change id reported: 177438394; UID 10425; state: DISABLED
12-05 22:17:09.144 D/CompatibilityChangeReporter(1646): Compat change id reported: 135772972; UID 10425; state: DISABLED
12-05 22:17:09.144 D/CompatibilityChangeReporter(1646): Compat change id reported: 135754954; UID 10425; state: ENABLED
12-05 22:17:09.144 D/CompatibilityChangeReporter(1646): Compat change id reported: 143937733; UID 10425; state: ENABLED
12-05 22:17:09.148 I/LPAutoUpdateSynclet(5057): #sync
12-05 22:17:09.160 E/bptu    (6039): Phenotype API error. Event # dsda@554d8adb, EventCode: 5 [CONTEXT service_id=51 ]
12-05 22:17:09.160 E/bptu    (6039): bpsw: 29503
12-05 22:17:09.160 E/bptu    (6039): 	at bpuk.a(:com.google.android.gms@224617044@22.46.17 (190400-491726958):5)
12-05 22:17:09.160 E/bptu    (6039): 	at bptz.b(:com.google.android.gms@224617044@22.46.17 (190400-491726958):6)
12-05 22:17:09.160 E/bptu    (6039): 	at bptx.g(:com.google.android.gms@224617044@22.46.17 (190400-491726958):0)
12-05 22:17:09.160 E/bptu    (6039): 	at bptu.e(:com.google.android.gms@224617044@22.46.17 (190400-491726958):4)
12-05 22:17:09.160 E/bptu    (6039): 	at bptu.f(:com.google.android.gms@224617044@22.46.17 (190400-491726958):2)
12-05 22:17:09.160 E/bptu    (6039): 	at arxv.eq(:com.google.android.gms@224617044@22.46.17 (190400-491726958):1)
12-05 22:17:09.160 E/bptu    (6039): 	at aryc.run(:com.google.android.gms@224617044@22.46.17 (190400-491726958):12)
12-05 22:17:09.160 E/bptu    (6039): 	at cvwo.run(:com.google.android.gms@224617044@22.46.17 (190400-491726958):2)
12-05 22:17:09.160 E/bptu    (6039): 	at aafj.c(:com.google.android.gms@224617044@22.46.17 (190400-491726958):6)
12-05 22:17:09.160 E/bptu    (6039): 	at aafj.run(:com.google.android.gms@224617044@22.46.17 (190400-491726958):8)
12-05 22:17:09.160 E/bptu    (6039): 	at java.util.concurrent.ThreadPoolExecutor.runWorker(ThreadPoolExecutor.java:1137)
12-05 22:17:09.160 E/bptu    (6039): 	at java.util.concurrent.ThreadPoolExecutor$Worker.run(ThreadPoolExecutor.java:637)
12-05 22:17:09.160 E/bptu    (6039): 	at aakn.run(:com.google.android.gms@224617044@22.46.17 (190400-491726958):0)
12-05 22:17:09.160 E/bptu    (6039): 	at java.lang.Thread.run(Thread.java:1012)
12-05 22:17:09.160 E/bptu    (6039): Phenotype API error. Event # dsda@74e0586d, EventCode: 5 [CONTEXT service_id=51 ]
12-05 22:17:09.160 E/bptu    (6039): bpsw: 29503
12-05 22:17:09.160 E/bptu    (6039): 	at bpuk.a(:com.google.android.gms@224617044@22.46.17 (190400-491726958):5)
12-05 22:17:09.160 E/bptu    (6039): 	at bptz.b(:com.google.android.gms@224617044@22.46.17 (190400-491726958):6)
12-05 22:17:09.160 E/bptu    (6039): 	at bptx.g(:com.google.android.gms@224617044@22.46.17 (190400-491726958):0)
12-05 22:17:09.160 E/bptu    (6039): 	at bptu.e(:com.google.android.gms@224617044@22.46.17 (190400-491726958):4)
12-05 22:17:09.160 E/bptu    (6039): 	at bptu.f(:com.google.android.gms@224617044@22.46.17 (190400-491726958):2)
12-05 22:17:09.160 E/bptu    (6039): 	at arxv.eq(:com.google.android.gms@224617044@22.46.17 (190400-491726958):1)
12-05 22:17:09.160 E/bptu    (6039): 	at aryc.run(:com.google.android.gms@224617044@22.46.17 (190400-491726958):12)
12-05 22:17:09.160 E/bptu    (6039): 	at cvwo.run(:com.google.android.gms@224617044@22.46.17 (190400-491726958):2)
12-05 22:17:09.160 E/bptu    (6039): 	at aafj.c(:com.google.android.gms@224617044@22.46.17 (190400-491726958):6)
12-05 22:17:09.160 E/bptu    (6039): 	at aafj.run(:com.google.android.gms@224617044@22.46.17 (190400-491726958):7)
12-05 22:17:09.160 E/bptu    (6039): 	at java.util.concurrent.ThreadPoolExecutor.runWorker(ThreadPoolExecutor.java:1137)
12-05 22:17:09.160 E/bptu    (6039): 	at java.util.concurrent.ThreadPoolExecutor$Worker.run(ThreadPoolExecutor.java:637)
12-05 22:17:09.160 E/bptu    (6039): 	at aakn.run(:com.google.android.gms@224617044@22.46.17 (190400-491726958):0)
12-05 22:17:09.160 E/bptu    (6039): 	at java.lang.Thread.run(Thread.java:1012)
12-05 22:17:09.165 D/Zygote  (904): Forked child process 29888
12-05 22:17:09.166 I/ActivityManager(1646): Start proc 29888:com.spotify.music/u0a425 for service {com.spotify.music/androidx.work.impl.background.systemjob.SystemJobService}
12-05 22:17:09.167 W/AsyncOperation(6039): operation=CommitToConfigurationOperationCall, opStatusCode=29503 [CONTEXT service_id=51 ]
12-05 22:17:09.167 W/AsyncOperation(6039): OperationException[Status{statusCode=unknown status code: 29503, resolution=null}]
12-05 22:17:09.167 W/AsyncOperation(6039): 	at bptu.e(:com.google.android.gms@224617044@22.46.17 (190400-491726958):6)
12-05 22:17:09.167 W/AsyncOperation(6039): 	at bptu.f(:com.google.android.gms@224617044@22.46.17 (190400-491726958):2)
12-05 22:17:09.167 W/AsyncOperation(6039): 	at arxv.eq(:com.google.android.gms@224617044@22.46.17 (190400-491726958):1)
12-05 22:17:09.167 W/AsyncOperation(6039): 	at aryc.run(:com.google.android.gms@224617044@22.46.17 (190400-491726958):12)
12-05 22:17:09.167 W/AsyncOperation(6039): 	at cvwo.run(:com.google.android.gms@224617044@22.46.17 (190400-491726958):2)
12-05 22:17:09.167 W/AsyncOperation(6039): 	at aafj.c(:com.google.android.gms@224617044@22.46.17 (190400-491726958):6)
12-05 22:17:09.167 W/AsyncOperation(6039): 	at aafj.run(:com.google.android.gms@224617044@22.46.17 (190400-491726958):8)
12-05 22:17:09.167 W/AsyncOperation(6039): 	at java.util.concurrent.ThreadPoolExecutor.runWorker(ThreadPoolExecutor.java:1137)
12-05 22:17:09.167 W/AsyncOperation(6039): 	at java.util.concurrent.ThreadPoolExecutor$Worker.run(ThreadPoolExecutor.java:637)
12-05 22:17:09.167 W/AsyncOperation(6039): 	at aakn.run(:com.google.android.gms@224617044@22.46.17 (190400-491726958):0)
12-05 22:17:09.167 W/AsyncOperation(6039): 	at java.lang.Thread.run(Thread.java:1012)
