12-05 22:17:09.611 D/nativeloader(29913): Configuring classloader-namespace for system apk /system/framework/org.apache.http.legacy.jar. target_sdk_version=33, uses_libraries=ALL, library_path=/data/app/~~Mx05Pn9A_22v9ft2mBXJOQ==/com.google.android.gms-HzRHYDF-3_su5w6Q-kS0Lg==/lib/arm64:/data/app/~~Mx05Pn9A_22v9ft2mBXJOQ==/com.google.android.gms-HzRHYDF-3_su5w6Q-kS0Lg==/base.apk!/lib/arm64-v8a:/system/lib64:/system_ext/lib64, permitted_path=/data:/mnt/expand:/data/user/0/com.google.android.gms:/system/lib64:/system_ext/lib64
12-05 22:17:09.611 D/nativeloader(29913): Extending system_exposed_libraries: libteeservice_client.trustonic.so:libapuwareapusys.mtk.so:libapuwareapusys_v2.mtk.so:libapuwarexrp.mtk.so:libapuwarexrp_v2.mtk.so:libapuwareutils.mtk.so:libapuwareutils_v2.mtk.so:libapuwarehmp.mtk.so:libmcv_runtime_usdk.mtk.so:libneuron_graph_delegate.mtk.so:libneuronusdk_adapter.mtk.so:libtflite_mtk.mtk.so:libarmnn_ndk.mtk.so:libcmdl_ndk.mtk.so:libnir_neon_driver_ndk.mtk.so:libmvpu_runtime.mtk.so:libmvpu_runtime_pub.mtk.so:libmvpu_engine_pub.mtk.so:libmvpu_pattern_pub.mtk.so:libmvpuop_mtk_cv.mtk.so:libmvpuop_mtk_nn.mtk.so:libmcf_native_window_helper.motocamera.so:libjni_helper.motocameradesktop.so:libimgTuner_jni.motoimagetuner.so
12-05 22:17:09.618 W/m.spotify.musi(29888): Method com.google.firebase.messaging.FirebaseMessaging com.google.firebase.messaging.FirebaseMessaging.getInstance(p.g5e) failed lock verification and will run slower.
12-05 22:17:09.621 I/A       (26305): (REDACTED) Flag controlled groups: %s
12-05 22:17:09.621 D/CompatibilityChangeReporter(5057): Compat change id reported: 150939131; UID 10296; state: ENABLED
12-05 22:17:09.622 D/nativeloader(29913): Configuring classloader-namespace for system apk /system/framework/com.android.media.remotedisplay.jar. target_sdk_version=33, uses_libraries=ALL, library_path=/data/app/~~Mx05Pn9A_22v9ft2mBXJOQ==/com.google.android.gms-HzRHYDF-3_su5w6Q-kS0Lg==/lib/arm64:/data/app/~~Mx05Pn9A_22v9ft2mBXJOQ==/com.google.android.gms-HzRHYDF-3_su5w6Q-kS0Lg==/base.apk!/lib/arm64-v8a:/system/lib64:/system_ext/lib64, permitted_path=/data:/mnt/expand:/data/user/0/com.google.android.gms:/system/lib64:/system_ext/lib64
12-05 22:17:09.623 D/nativeloader(29913): Extending system_exposed_libraries: libteeservice_client.trustonic.so:libapuwareapusys.mtk.so:libapuwareapusys_v2.mtk.so:libapuwarexrp.mtk.so:libapuwarexrp_v2.mtk.so:libapuwareutils.mtk.so:libapuwareutils_v2.mtk.so:libapuwarehmp.mtk.so:libmcv_runtime_usdk.mtk.so:libneuron_graph_delegate.mtk.so:libneuronusdk_adapter.mtk.so:libtflite_mtk.mtk.so:libarmnn_ndk.mtk.so:libcmdl_ndk.mtk.so:libnir_neon_driver_ndk.mtk.so:libmvpu_runtime.mtk.so:libmvpu_runtime_pub.mtk.so:libmvpu_engine_pub.mtk.so:libmvpu_pattern_pub.mtk.so:libmvpuop_mtk_cv.mtk.so:libmvpuop_mtk_nn.mtk.so:libmcf_native_window_helper.motocamera.so:libjni_helper.motocameradesktop.so:libimgTuner_jni.motoimagetuner.so
12-05 22:17:09.625 I/A       (26305): (REDACTED) Required groups: %s
12-05 22:17:09.631 I/Cello   (29658): [29885:NonCelloThread] init_task.cc:646:MaybeResyncLocalState Detected no change in default fields, default team drive fields, or existing fields returned by the backend.
12-05 22:17:09.632 W/m.spotify.musi(29888): Method void p.qmz.b(android.content.Context) failed lock verification and will run slower.
12-05 22:17:09.646 D/nativeloader(29913): Configuring classloader-namespace for system apk /system/framework/com.android.location.provider.jar. target_sdk_version=33, uses_libraries=ALL, library_path=/data/app/~~Mx05Pn9A_22v9ft2mBXJOQ==/com.google.android.gms-HzRHYDF-3_su5w6Q-kS0Lg==/lib/arm64:/data/app/~~Mx05Pn9A_22v9ft2mBXJOQ==/com.google.android.gms-HzRHYDF-3_su5w6Q-kS0Lg==/base.apk!/lib/arm64-v8a:/system/lib64:/system_ext/lib64, permitted_path=/data:/mnt/expand:/data/user/0/com.google.android.gms:/system/lib64:/system_ext/lib64
12-05 22:17:09.646 D/nativeloader(29913): Extending system_exposed_libraries: libteeservice_client.trustonic.so:libapuwareapusys.mtk.so:libapuwareapusys_v2.mtk.so:libapuwarexrp.mtk.so:libapuwarexrp_v2.mtk.so:libapuwareutils.mtk.so:libapuwareutils_v2.mtk.so:libapuwarehmp.mtk.so:libmcv_runtime_usdk.mtk.so:libneuron_graph_delegate.mtk.so:libneuronusdk_adapter.mtk.so:libtflite_mtk.mtk.so:libarmnn_ndk.mtk.so:libcmdl_ndk.mtk.so:libnir_neon_driver_ndk.mtk.so:libmvpu_runtime.mtk.so:libmvpu_runtime_pub.mtk.so:libmvpu_engine_pub.mtk.so:libmvpu_pattern_pub.mtk.so:libmvpuop_mtk_cv.mtk.so:libmvpuop_mtk_nn.mtk.so:libmcf_native_window_helper.motocamera.so:libjni_helper.motocameradesktop.so:libimgTuner_jni.motoimagetuner.so
12-05 22:17:09.646 I/OpenGLRenderer(13119): Davey! duration=9223366273293ms; Flags=0, FrameTimelineVsyncId=805451, IntendedVsync=5763561467747, Vsync=5763561467747, InputEventId=0, HandleInputStart=5763561883343, AnimationStart=5763561884958, PerformTraversalsStart=5763562116266, DrawStart=5763562517266, FrameDeadline=5763589801080, FrameInterval=5763561879958, FrameStartTime=11111111, SyncQueued=5763562594420, SyncStart=5763562665497, IssueDrawCommandsStart=5763562748343, SwapBuffers=5763564785266, FrameCompleted=9223372036854775807, DequeueBufferDuration=877769, QueueBufferDuration=7260385, GpuCompleted=9223372036854775807, SwapBuffersCompleted=5763573165573, DisplayPresentTime=0, 
12-05 22:17:09.651 W/m.spotify.musi(29888): Method java.lang.Object p.w2z.call() failed lock verification and will run slower.
12-05 22:17:09.656 I/A       (26305): (REDACTED) Migrating NGA groups to APA groups for groups: %s. Attempt %d
12-05 22:17:09.660 I/SurfaceFlinger(1000): operator()(), mtkRenderCntDebug 47273, screenshot (Wallpaper BBQ wrapper#0)
12-05 22:17:09.660 I/SurfaceFlinger(1000): operator()(), mtkRenderCntDebug 47273, screenshot (com.google.android.apps.nexuslauncher/com.google.android.apps.nexuslauncher.NexusLauncherActivity#1)
12-05 22:17:09.678 I/Cello   (29658): [29885:NonCelloThread] sync_engine.cc:1839:MaybeStartRepeatingPushTaskTimer Starting repeating push task timer with interval 30000ms
12-05 22:17:09.683 W/DynamiteModule(29658): Local module descriptor class for com.google.android.gms.providerinstaller.dynamite not found.
12-05 22:17:09.685 I/A       (26305): (REDACTED) Starting the migration of %s -> %s
12-05 22:17:09.701 I/A       (26305): (REDACTED) Starting the migration of %s -> %s
12-05 22:17:09.707 I/A       (26305): (REDACTED) Group %s unknown to APA Data Download!
12-05 22:17:09.707 W/A       (26305): (REDACTED) Skipping %s -> %s. Not eligible for migration
12-05 22:17:09.713 I/LPRequestState(5057): [ManagerRequests] #resolveUnusedLanguagePacks
12-05 22:17:09.714 I/LPRequestState(5057): [ManagerRequests] #resolveDesiredLanguagePacks
12-05 22:17:09.720 I/ZipLPPopulator(5057): Updated file group for group 'langpack-domain_en-US_8041_zipfile' from location: https://dl.google.com/android/voice/soda/en-US/v8041/soda-en-US-v8041.zip
12-05 22:17:09.720 W/System  (29888): ClassLoader referenced unknown path: 
12-05 22:17:09.720 D/nativeloader(29888): Configuring classloader-namespace for other apk . target_sdk_version=33, uses_libraries=, library_path=/data/app/~~Mx05Pn9A_22v9ft2mBXJOQ==/com.google.android.gms-HzRHYDF-3_su5w6Q-kS0Lg==/lib/arm64:/data/app/~~Mx05Pn9A_22v9ft2mBXJOQ==/com.google.android.gms-HzRHYDF-3_su5w6Q-kS0Lg==/base.apk!/lib/arm64-v8a, permitted_path=/data:/mnt/expand:/data/user/0/com.google.android.gms
12-05 22:17:09.720 I/eqp     (5057): #getPendingPackages
12-05 22:17:09.723 D/nativeloader(29913): Configuring classloader-namespace for other apk /data/app/~~Mx05Pn9A_22v9ft2mBXJOQ==/com.google.android.gms-HzRHYDF-3_su5w6Q-kS0Lg==/base.apk. target_sdk_version=33, uses_libraries=libOpenCL.so, library_path=/data/app/~~Mx05Pn9A_22v9ft2mBXJOQ==/com.google.android.gms-HzRHYDF-3_su5w6Q-kS0Lg==/lib/arm64:/data/app/~~Mx05Pn9A_22v9ft2mBXJOQ==/com.google.android.gms-HzRHYDF-3_su5w6Q-kS0Lg==/base.apk!/lib/arm64-v8a, permitted_path=/data:/mnt/expand:/data/user/0/com.google.android.gms
12-05 22:17:09.724 I/LanguagePackMaintenance(5057): Background downloading 0 packs, for an ideal set of 1 total packs
12-05 22:17:09.724 I/LanguagePackMaintenance(5057): Background downloading packs []
12-05 22:17:09.724 I/LanguagePackMaintenance(5057): Ideal set: [en-US_v8041]
12-05 22:17:09.726 W/ProviderHelper(6039): Unknown dynamite feature providerinstaller.dynamite
12-05 22:17:09.728 I/A       (26305): (REDACTED) Starting the migration of %s -> %s
12-05 22:17:09.729 I/BufferQueueProducer(1000): [Wallpaper BBQ wrapper#0](this:0xb4000072197a0aa0,id:-1,api:0,p:-1,c:1000) queueBuffer: fps=45.66 dur=1007.55 max=33.37 min=11.09
12-05 22:17:09.730 I/A       (26305): (REDACTED) Starting the migration of %s -> %s
12-05 22:17:09.731 I/A       (26305): (REDACTED) Starting the migration of %s -> %s
12-05 22:17:09.732 I/A       (26305): (REDACTED) Starting the migration of %s -> %s
12-05 22:17:09.733 W/A       (26305): (REDACTED) Skipping %s -> %s. Not eligible for migration
12-05 22:17:09.736 I/A       (26305): (REDACTED) Starting the migration of %s -> %s
12-05 22:17:09.737 I/A       (26305): (REDACTED) Starting the migration of %s -> %s
12-05 22:17:09.741 I/LPRequestState(5057): [ManagerRequests] #resolveUnusedLanguagePacks
12-05 22:17:09.741 I/LPRequestState(5057): [ManagerRequests] #resolveDesiredLanguagePacks
12-05 22:17:09.741 I/A       (26305): (REDACTED) Starting the migration of %s -> %s
12-05 22:17:09.742 I/LanguagePackMaintenance(5057): Background deleting 0 stale packs: 
12-05 22:17:09.742 I/LanguagePackMaintenance(5057): Background LanguagePack updates finished successfully
12-05 22:17:09.743 I/A       (26305): (REDACTED) Starting the migration of %s -> %s
12-05 22:17:09.751 I/A       (26305): (REDACTED) Starting the migration of %s -> %s
12-05 22:17:09.752 I/A       (26305): (REDACTED) Starting the migration of %s -> %s
12-05 22:17:09.758 W/ProviderInstaller(29658): Failed to load providerinstaller module: No acceptable module com.google.android.gms.providerinstaller.dynamite found. Local version is 0 and remote version is 0.
12-05 22:17:09.771 I/SurfaceFlinger(1000): operator()(), mtkRenderCntDebug 47274, screenshot (Wallpaper BBQ wrapper#0)
12-05 22:17:09.771 I/SurfaceFlinger(1000): operator()(), mtkRenderCntDebug 47274, screenshot (com.google.android.apps.nexuslauncher/com.google.android.apps.nexuslauncher.NexusLauncherActivity#1)
12-05 22:17:09.792 I/A       (26305): (REDACTED) Starting new batch; batchId=%d corpus=%d
12-05 22:17:09.792 I/A       (26305): (REDACTED) Joining existing batch; batchId=%d corpus=%d
12-05 22:17:09.798 I/A       (26305): (REDACTED) Joining existing batch; batchId=%d corpus=%d
12-05 22:17:09.798 I/A       (26305): (REDACTED) Joining existing batch; batchId=%d corpus=%d
12-05 22:17:09.798 I/A       (26305): (REDACTED) Joining existing batch; batchId=%d corpus=%d
12-05 22:17:09.798 I/A       (26305): (REDACTED) Joining existing batch; batchId=%d corpus=%d
12-05 22:17:09.826 V/NativeCrypto(29913): Registering com/google/android/gms/org/conscrypt/NativeCrypto's 295 native methods...
12-05 22:17:09.831 D/Vibrator(986): Vibrator perform 1, 5
12-05 22:17:09.831 I/Vibrator(986): Vibrator on for timeoutMs: 90
12-05 22:17:09.831 D/Vibrator(986): Vibrator using LED trigger
12-05 22:17:09.858 I/TcpProberController(6039): [TcpProberDeviceController-1] Failed to connect to /192.168.0.4:8009
12-05 22:17:09.862 I/BufferQueueProducer(1000): [com.google.android.apps.nexuslauncher/com.google.android.apps.nexuslauncher.NexusLauncherActivity#1](this:0xb400007219818440,id:-1,api:0,p:-1,c:1000) queueBuffer: fps=37.18 dur=1694.47 max=751.59 min=9.03
12-05 22:17:09.864 I/Cello   (29658): [29885:NonCelloThread] fetch_task.cc:633:RunInternal Largest local change id for My Drive at startup: 2439
12-05 22:17:09.866 I/CastSocketMultiplexer(6039): Stopping multiplexer...
12-05 22:17:09.880 I/SurfaceFlinger(1000): operator()(), mtkRenderCntDebug 47275, screenshot (Wallpaper BBQ wrapper#0)
12-05 22:17:09.880 I/SurfaceFlinger(1000): operator()(), mtkRenderCntDebug 47275, screenshot (com.google.android.apps.nexuslauncher/com.google.android.apps.nexuslauncher.NexusLauncherActivity#1)
12-05 22:17:09.887 W/m.spotify.musi(29888): Method void p.xw.run() failed lock verification and will run slower.
12-05 22:17:09.895 I/cr_VariationsSeedFetch(29734): Fetched first run seed in 883 ms
12-05 22:17:09.897 W/m.spotify.musi(29888): Method void p.qv00.run() failed lock verification and will run slower.
12-05 22:17:09.905 D/nativeloader(29658): Configuring classloader-namespace for system apk /system/framework/com.android.media.remotedisplay.jar. target_sdk_version=33, uses_libraries=ALL, library_path=/data/app/~~Mx05Pn9A_22v9ft2mBXJOQ==/com.google.android.gms-HzRHYDF-3_su5w6Q-kS0Lg==/lib/arm64:/data/app/~~Mx05Pn9A_22v9ft2mBXJOQ==/com.google.android.gms-HzRHYDF-3_su5w6Q-kS0Lg==/base.apk!/lib/arm64-v8a:/system/lib64:/system_ext/lib64, permitted_path=/data:/mnt/expand:/data/user/0/com.google.android.gms:/system/lib64:/system_ext/lib64
12-05 22:17:09.907 I/ProviderInstaller(29913): Installed default security provider GmsCore_OpenSSL
12-05 22:17:09.907 I/GMSProviderInstaller(29913): Installed GMS security providers!
12-05 22:17:09.910 W/m.spotify.musi(29888): Method void p.rn10.<init>(android.content.Context, p.ib6, p.x7o) failed lock verification and will run slower.
12-05 22:17:09.920 I/FontLog (6039): Received query Noto Color Emoji Compat, URI content://com.google.android.gms.fonts [CONTEXT service_id=132 ]
12-05 22:17:09.920 I/FontLog (6039): Query [emojicompat-emoji-font] resolved to {Noto Color Emoji Compat, wdth 100.0, wght 400, ital 0.0, bestEffort false} [CONTEXT service_id=132 ]
12-05 22:17:09.922 D/Vibrator(986): Vibrator off
12-05 22:17:09.922 D/Vibrator(986): Vibrator using LED trigger
12-05 22:17:09.932 W/m.spotify.musi(29888): Method java.lang.Object com.spotify.contexts.DeviceAndroid.dynamicMethod(p.y3f, java.lang.Object, java.lang.Object) failed lock verification and will run slower.
12-05 22:17:09.933 W/m.spotify.musi(29888): Method java.lang.Object com.spotify.eventsender.musicintegration.contexts.proto.ClientId.dynamicMethod(p.y3f, java.lang.Object, java.lang.Object) failed lock verification and will run slower.
12-05 22:17:09.938 D/nativeloader(29658): Extending system_exposed_libraries: libteeservice_client.trustonic.so:libapuwareapusys.mtk.so:libapuwareapusys_v2.mtk.so:libapuwarexrp.mtk.so:libapuwarexrp_v2.mtk.so:libapuwareutils.mtk.so:libapuwareutils_v2.mtk.so:libapuwarehmp.mtk.so:libmcv_runtime_usdk.mtk.so:libneuron_graph_delegate.mtk.so:libneuronusdk_adapter.mtk.so:libtflite_mtk.mtk.so:libarmnn_ndk.mtk.so:libcmdl_ndk.mtk.so:libnir_neon_driver_ndk.mtk.so:libmvpu_runtime.mtk.so:libmvpu_runtime_pub.mtk.so:libmvpu_engine_pub.mtk.so:libmvpu_pattern_pub.mtk.so:libmvpuop_mtk_cv.mtk.so:libmvpuop_mtk_nn.mtk.so:libmcf_native_window_helper.motocamera.so:libjni_helper.motocameradesktop.so:libimgTuner_jni.motoimagetuner.so
12-05 22:17:09.938 I/FontLog (6039): Fetch {Noto Color Emoji Compat, wdth 100.0, wght 400, ital 0.0, bestEffort false} end status Status{statusCode=SUCCESS, resolution=null} [CONTEXT service_id=132 ]
12-05 22:17:09.942 I/FontLog (6039): Pulling font file for id = 281, cache size = 6 [CONTEXT service_id=132 ]
12-05 22:17:09.947 I/FontLog (6039): Pulling font file for id = 281, cache size = 6 [CONTEXT service_id=132 ]
12-05 22:17:09.953 D/CompatibilityChangeReporter(29888): Compat change id reported: 160794467; UID 10425; state: ENABLED
12-05 22:17:09.959 I/A       (26305): (REDACTED) Skipping %s -> %s, because %s already exists.
12-05 22:17:09.965 I/BufferQueueProducer(1000): [FramebufferSurface](this:0xb4000071c9641040,id:-1,api:1,p:1000,c:1000) queueBuffer: fps=88.55 dur=1005.05 max=23.77 min=6.31
12-05 22:17:09.966 I/hwcomposer(935): [HWCDisplay] [Display_0 (type:1)] fps:88.550201,dur:1005.08,max:23.75,min:6.29  
12-05 22:17:09.980 I/SurfaceFlinger(1000): operator()(), mtkRenderCntDebug 47276, screenshot (Wallpaper BBQ wrapper#0)
12-05 22:17:09.981 I/SurfaceFlinger(1000): operator()(), mtkRenderCntDebug 47276, screenshot (com.google.android.apps.nexuslauncher/com.google.android.apps.nexuslauncher.NexusLauncherActivity#1)
12-05 22:17:09.996 D/ConnectivityService(1646): requestNetwork for uid/pid:10425/29888 activeRequest: null callbackRequest: 1828 [NetworkRequest [ REQUEST id=1829, [ Capabilities: INTERNET&NOT_RESTRICTED&TRUSTED&NOT_VCN_MANAGED Uid: 10425 RequestorUid: 10425 RequestorPkg: com.spotify.music UnderlyingNetworks: Null] ]] callback flags: 0 order: 2147483647
12-05 22:17:10.000 D/WifiNetworkFactory(1646): got request NetworkRequest [ REQUEST id=1829, [ Capabilities: INTERNET&NOT_RESTRICTED&TRUSTED&NOT_VCN_MANAGED Uid: 10425 RequestorUid: 10425 RequestorPkg: com.spotify.music UnderlyingNetworks: Null] ]
12-05 22:17:10.000 D/UntrustedWifiNetworkFactory(1646): got request NetworkRequest [ REQUEST id=1829, [ Capabilities: INTERNET&NOT_RESTRICTED&TRUSTED&NOT_VCN_MANAGED Uid: 10425 RequestorUid: 10425 RequestorPkg: com.spotify.music UnderlyingNetworks: Null] ]
12-05 22:17:10.000 D/ConnectivityService(1646): NetReassign [1829 : null  100] [c 1] [a 0] [i 3]
12-05 22:17:10.001 D/OemPaidWifiNetworkFactory(1646): got request NetworkRequest [ REQUEST id=1829, [ Capabilities: INTERNET&NOT_RESTRICTED&TRUSTED&NOT_VCN_MANAGED Uid: 10425 RequestorUid: 10425 RequestorPkg: com.spotify.music UnderlyingNetworks: Null] ]
12-05 22:17:10.008 D/CompatibilityChangeReporter(1646): Compat change id reported: 168419799; UID 10163; state: DISABLED
12-05 22:17:10.013 E/m.spotify.musi(29888): Invalid ID 0x00000000.
12-05 22:17:10.021 I/libPowerHal(972): [perfLockRel] hdl:93485, idx:2
12-05 22:17:10.022 I/libPowerHal(972): [PD] MTKPOWER_HINT_APP_TOUCH update cmd:3408600 param:0
12-05 22:17:10.025 I/libPowerHal(972): [perfLockAcq] idx:1 hdl:93487 hint:0 pid:972 duration:80 lock_user:mtkpower@1.0-se => ret_hdl:93487
12-05 22:17:10.026 I/libPowerHal(972): [perfLockAcq] idx:2 hdl:93488 hint:0 pid:972 duration:80 lock_user:mtkpower@1.0-se => ret_hdl:93488
12-05 22:17:10.027 I/libPowerHal(972): [perfLockAcq] idx:3 hdl:93489 hint:0 pid:972 duration:80 lock_user:mtkpower@1.0-se => ret_hdl:93489
12-05 22:17:10.030 W/ActivityManager(1646): Unable to start service Intent { cmp=com.google.android.turboadapter/.GoogleBatteryService } U=0: not found
12-05 22:17:10.042 E/ActivityThread(27935): Service com.google.android.apps.turbo.deadline.library.BatteryFlagService has leaked ServiceConnection zg@3c0ee93 that was originally bound here
12-05 22:17:10.042 E/ActivityThread(27935): android.app.ServiceConnectionLeaked: Service com.google.android.apps.turbo.deadline.library.BatteryFlagService has leaked ServiceConnection zg@3c0ee93 that was originally bound here
12-05 22:17:10.042 E/ActivityThread(27935): 	at android.app.LoadedApk$ServiceDispatcher.<init>(LoadedApk.java:1953)
12-05 22:17:10.042 E/ActivityThread(27935): 	at android.app.LoadedApk.getServiceDispatcherCommon(LoadedApk.java:1825)
12-05 22:17:10.042 E/ActivityThread(27935): 	at android.app.LoadedApk.getServiceDispatcher(LoadedApk.java:1804)
12-05 22:17:10.042 E/ActivityThread(27935): 	at android.app.ContextImpl.bindServiceCommon(ContextImpl.java:1973)
12-05 22:17:10.042 E/ActivityThread(27935): 	at android.app.ContextImpl.bindService(ContextImpl.java:1904)
12-05 22:17:10.042 E/ActivityThread(27935): 	at android.content.ContextWrapper.bindService(ContextWrapper.java:812)
12-05 22:17:10.042 E/ActivityThread(27935): 	at zd.a(PG:9)
12-05 22:17:10.042 E/ActivityThread(27935): 	at gy.b(PG:4)
12-05 22:17:10.042 E/ActivityThread(27935): 	at com.google.android.apps.turbo.deadline.library.BatteryFlagService.c(PG:1)
12-05 22:17:10.042 E/ActivityThread(27935): 	at gd.run(PG:48)
12-05 22:17:10.042 E/ActivityThread(27935): 	at java.util.concurrent.Executors$RunnableAdapter.call(Executors.java:463)
12-05 22:17:10.042 E/ActivityThread(27935): 	at cdo.a(PG:1)
12-05 22:17:10.042 E/ActivityThread(27935): 	at ccy.run(PG:4)
12-05 22:17:10.042 E/ActivityThread(27935): 	at cdp.run(PG:1)
12-05 22:17:10.042 E/ActivityThread(27935): 	at java.util.concurrent.ThreadPoolExecutor.runWorker(ThreadPoolExecutor.java:1137)
12-05 22:17:10.042 E/ActivityThread(27935): 	at java.util.concurrent.ThreadPoolExecutor$Worker.run(ThreadPoolExecutor.java:637)
12-05 22:17:10.042 E/ActivityThread(27935): 	at java.lang.Thread.run(Thread.java:1012)
12-05 22:17:10.044 W/ActivityManager(1646): Unbind failed: could not find connection for android.os.BinderProxy@34b0e7f
12-05 22:17:10.044 W/pool-4-thread-1(29913): type=1400 audit(0.0:5672): avc: denied { read } for name="version" dev="proc" ino=4026532236 scontext=u:r:untrusted_app:s0:c174,c257,c512,c768 tcontext=u:object_r:proc_version:s0 tclass=file permissive=0 app=com.fox2code.mmm
12-05 22:17:10.056 W/ActivityManager(1646): Unable to start service Intent { cmp=com.google.android.turboadapter/.GoogleBatteryService } U=0: not found
12-05 22:17:10.058 E/ActivityThread(29888): Failed to find provider info for com.facebook.katana.provider.AttributionIdProvider
12-05 22:17:10.060 E/ActivityThread(27935): Service com.google.android.apps.turbo.deadline.library.DeadlineUpdateJobService has leaked ServiceConnection zg@e01e0ef that was originally bound here
12-05 22:17:10.060 E/ActivityThread(27935): android.app.ServiceConnectionLeaked: Service com.google.android.apps.turbo.deadline.library.DeadlineUpdateJobService has leaked ServiceConnection zg@e01e0ef that was originally bound here
12-05 22:17:10.060 E/ActivityThread(27935): 	at android.app.LoadedApk$ServiceDispatcher.<init>(LoadedApk.java:1953)
12-05 22:17:10.060 E/ActivityThread(27935): 	at android.app.LoadedApk.getServiceDispatcherCommon(LoadedApk.java:1825)
12-05 22:17:10.060 E/ActivityThread(27935): 	at android.app.LoadedApk.getServiceDispatcher(LoadedApk.java:1804)
12-05 22:17:10.060 E/ActivityThread(27935): 	at android.app.ContextImpl.bindServiceCommon(ContextImpl.java:1973)
12-05 22:17:10.060 E/ActivityThread(27935): 	at android.app.ContextImpl.bindService(ContextImpl.java:1904)
12-05 22:17:10.060 E/ActivityThread(27935): 	at android.content.ContextWrapper.bindService(ContextWrapper.java:812)
12-05 22:17:10.060 E/ActivityThread(27935): 	at zd.a(PG:16)
12-05 22:17:10.060 E/ActivityThread(27935): 	at gy.b(PG:4)
12-05 22:17:10.060 E/ActivityThread(27935): 	at com.google.android.apps.turbo.deadline.library.DeadlineUpdateJobService.c(PG:1)
12-05 22:17:10.060 E/ActivityThread(27935): 	at gd.run(PG:34)
12-05 22:17:10.060 E/ActivityThread(27935): 	at java.util.concurrent.Executors$RunnableAdapter.call(Executors.java:463)
12-05 22:17:10.060 E/ActivityThread(27935): 	at cdo.a(PG:1)
12-05 22:17:10.060 E/ActivityThread(27935): 	at ccy.run(PG:4)
12-05 22:17:10.060 E/ActivityThread(27935): 	at cdp.run(PG:1)
12-05 22:17:10.060 E/ActivityThread(27935): 	at java.util.concurrent.ThreadPoolExecutor.runWorker(ThreadPoolExecutor.java:1137)
12-05 22:17:10.060 E/ActivityThread(27935): 	at java.util.concurrent.ThreadPoolExecutor$Worker.run(ThreadPoolExecutor.java:637)
12-05 22:17:10.060 E/ActivityThread(27935): 	at java.lang.Thread.run(Thread.java:1012)
12-05 22:17:10.062 W/m.spotify.musi(29888): Method boolean p.kod.g() failed lock verification and will run slower.
12-05 22:17:10.064 W/ActivityManager(1646): Unbind failed: could not find connection for android.os.BinderProxy@a22d876
12-05 22:17:10.069 W/ServiceManager(1646): Permission failure: android.permission.HIGH_SAMPLING_RATE_SENSORS from uid=10430 pid=29913
12-05 22:17:10.086 W/m.spotify.musi(29888): Method java.lang.Object com.spotify.messages.PushAndroidDeviceSettingsV1.dynamicMethod(p.y3f, java.lang.Object, java.lang.Object) failed lock verification and will run slower.
12-05 22:17:10.087 I/SheldonFTFilePpltr(26305): #schedule SheldonFinetuningPlan refresh.
12-05 22:17:10.087 I/SheldonFTFilePpltr(26305): com.google.common.f.s: MEDIUM
12-05 22:17:10.087 I/SheldonFTFilePpltr(26305): 	at android.databinding.a.d(PG:5)
12-05 22:17:10.087 I/SheldonFTFilePpltr(26305): 	at com.google.android.apps.search.fedora.l.v.b(PG:2)
12-05 22:17:10.087 I/SheldonFTFilePpltr(26305): 	at com.google.android.libraries.mdi.download.hq.t(PG:3)
12-05 22:17:10.087 I/SheldonFTFilePpltr(26305): 	at com.google.android.libraries.mdi.download.hq.v(PG:1)
12-05 22:17:10.087 I/SheldonFTFilePpltr(26305): 	at com.google.android.libraries.mdi.download.hq.h(PG:2)
12-05 22:17:10.087 I/SheldonFTFilePpltr(26305): 	at com.google.android.apps.gsa.staticplugins.bu.l.a(PG:1)
12-05 22:17:10.087 I/SheldonFTFilePpltr(26305): 	at com.google.android.libraries.gsa.k.a.i.apply(PG:2)
12-05 22:17:10.087 I/SheldonFTFilePpltr(26305): 	at com.google.common.util.concurrent.h.e(PG:2)
12-05 22:17:10.087 I/SheldonFTFilePpltr(26305): 	at com.google.common.util.concurrent.j.run(PG:9)
12-05 22:17:10.087 I/SheldonFTFilePpltr(26305): 	at com.google.android.libraries.i.ac.run(PG:1)
12-05 22:17:10.087 I/SheldonFTFilePpltr(26305): 	at java.util.concurrent.ThreadPoolExecutor.runWorker(ThreadPoolExecutor.java:1137)
12-05 22:17:10.087 I/SheldonFTFilePpltr(26305): 	at java.util.concurrent.ThreadPoolExecutor$Worker.run(ThreadPoolExecutor.java:637)
12-05 22:17:10.087 I/SheldonFTFilePpltr(26305): 	at com.google.android.libraries.i.d.run(PG:2)
12-05 22:17:10.087 I/SheldonFTFilePpltr(26305): 	at java.lang.Thread.run(Thread.java:1012)
12-05 22:17:10.087 I/SheldonFTFilePpltr(26305): 	at com.google.android.libraries.i.ap.run(PG:5)
12-05 22:17:10.093 I/FA      (29888): App measurement initialized, version: 75038
12-05 22:17:10.093 I/FA      (29888): To enable debug logging run: adb shell setprop log.tag.FA VERBOSE
12-05 22:17:10.093 I/FA      (29888): To enable faster debug mode event logging run:
12-05 22:17:10.093 I/FA      (29888):   adb shell setprop debug.firebase.analytics.app com.spotify.music
12-05 22:17:10.094 W/m.spotify.musi(29888): Method boolean p.sth.E(android.content.Context) failed lock verification and will run slower.
12-05 22:17:10.102 I/SurfaceFlinger(1000): operator()(), mtkRenderCntDebug 47277, screenshot (Wallpaper BBQ wrapper#0)
12-05 22:17:10.102 I/SurfaceFlinger(1000): operator()(), mtkRenderCntDebug 47277, screenshot (com.google.android.apps.nexuslauncher/com.google.android.apps.nexuslauncher.NexusLauncherActivity#1)
12-05 22:17:10.105 I/A       (26305): (REDACTED) Skipping %s -> %s, because %s already exists.
12-05 22:17:10.106 I/mtkpower@impl(972): [powerd_req] TIMER_MSG_PERF_LOCK_TIMEOUT hdl:93487
12-05 22:17:10.106 I/libPowerHal(972): [perfLockRel] hdl:93487, idx:1
12-05 22:17:10.106 I/mtkpower@impl(972): [powerd_req] TIMER_MSG_PERF_LOCK_TIMEOUT hdl:93488
12-05 22:17:10.106 I/libPowerHal(972): [perfLockRel] hdl:93488, idx:2
12-05 22:17:10.106 I/mtkpower@impl(972): [powerd_req] TIMER_MSG_PERF_LOCK_TIMEOUT hdl:93489
12-05 22:17:10.106 I/libPowerHal(972): [perfLockRel] hdl:93489, idx:3
12-05 22:17:10.117 E/statsd  (901): DurationMetric 621770508523184581 dropping data for what dimension key (10)0x2010101->10430[I] (10)0x30000->*job*/com.fox2code.mmm/androidx.work.impl.background.systemjob.SystemJobService[S] 
12-05 22:17:10.118 E/statsd  (901): DurationMetric 2258810225604521452 dropping data for what dimension key (10)0x2010101->10430[I] (10)0x30000->*job*/com.fox2code.mmm/androidx.work.impl.background.systemjob.SystemJobService[S] 
12-05 22:17:10.118 E/statsd  (901): DurationMetric 1892220958478332972 dropping data for what dimension key (10)0x2010101->10430[I] (10)0x30000->*job*/com.fox2code.mmm/androidx.work.impl.background.systemjob.SystemJobService[S] 
12-05 22:17:10.123 I/SheldonFTFilePpltr(26305): Finetuning mdd download flag not enabled, scheduling pack deletion.
12-05 22:17:10.124 W/m.spotify.musi(29888): Method void p.zk0.run() failed lock verification and will run slower.
12-05 22:17:10.131 I/SheldonFTFilePpltr(26305): Purging SheldonFinetuningFileGroup...
12-05 22:17:10.145 I/ZipLPPopulator(26305): #scheduleLanguagePackDeletion
12-05 22:17:10.145 I/ZipLPPopulator(26305): com.google.common.f.s: MEDIUM
12-05 22:17:10.145 I/ZipLPPopulator(26305): 	at com.google.android.libraries.aq.b.b.k.ag.b(PG:1)
12-05 22:17:10.145 I/ZipLPPopulator(26305): 	at com.google.android.libraries.mdi.download.hq.t(PG:3)
12-05 22:17:10.145 I/ZipLPPopulator(26305): 	at com.google.android.libraries.mdi.download.hq.v(PG:1)
12-05 22:17:10.145 I/ZipLPPopulator(26305): 	at com.google.android.libraries.mdi.download.hq.h(PG:2)
12-05 22:17:10.145 I/ZipLPPopulator(26305): 	at com.google.android.apps.gsa.staticplugins.bu.l.a(PG:1)
12-05 22:17:10.145 I/ZipLPPopulator(26305): 	at com.google.android.libraries.gsa.k.a.i.apply(PG:2)
12-05 22:17:10.145 I/ZipLPPopulator(26305): 	at com.google.common.util.concurrent.h.e(PG:2)
12-05 22:17:10.145 I/ZipLPPopulator(26305): 	at com.google.common.util.concurrent.j.run(PG:9)
12-05 22:17:10.145 I/ZipLPPopulator(26305): 	at com.google.android.libraries.i.ac.run(PG:1)
12-05 22:17:10.145 I/ZipLPPopulator(26305): 	at java.util.concurrent.ThreadPoolExecutor.runWorker(ThreadPoolExecutor.java:1137)
12-05 22:17:10.145 I/ZipLPPopulator(26305): 	at java.util.concurrent.ThreadPoolExecutor$Worker.run(ThreadPoolExecutor.java:637)
12-05 22:17:10.145 I/ZipLPPopulator(26305): 	at com.google.android.libraries.i.d.run(PG:2)
12-05 22:17:10.145 I/ZipLPPopulator(26305): 	at java.lang.Thread.run(Thread.java:1012)
12-05 22:17:10.145 I/ZipLPPopulator(26305): 	at com.google.android.libraries.i.ap.run(PG:5)
12-05 22:17:10.149 I/ZipLPPopulator(26305): #addNewFileGroups
12-05 22:17:10.156 I/A       (26305): #getDownloadableLanguagePacks
12-05 22:17:10.173 D/CompatibilityChangeReporter(29913): Compat change id reported: 160794467; UID 10430; state: ENABLED
12-05 22:17:10.178 E/b0      (29913): SafeAtomicHelper is broken!
12-05 22:17:10.178 E/b0      (29913): java.lang.ClassCastException
12-05 22:17:10.178 E/b0      (29913): 	at java.util.concurrent.atomic.AtomicReferenceFieldUpdater$AtomicReferenceFieldUpdaterImpl.<init>(AtomicReferenceFieldUpdater.java:365)
12-05 22:17:10.178 E/b0      (29913): 	at java.util.concurrent.atomic.AtomicReferenceFieldUpdater.newUpdater(AtomicReferenceFieldUpdater.java:116)
12-05 22:17:10.178 E/b0      (29913): 	at b0.<clinit>(SourceFile:41)
12-05 22:17:10.178 E/b0      (29913): 	at sr1.<init>(SourceFile:11)
12-05 22:17:10.178 E/b0      (29913): 	at ju0.f(SourceFile:58)
12-05 22:17:10.178 E/b0      (29913): 	at uf.run(SourceFile:25)
12-05 22:17:10.178 E/b0      (29913): 	at k2.run(SourceFile:388)
12-05 22:17:10.178 E/b0      (29913): 	at java.util.concurrent.ThreadPoolExecutor.runWorker(ThreadPoolExecutor.java:1137)
12-05 22:17:10.178 E/b0      (29913): 	at java.util.concurrent.ThreadPoolExecutor$Worker.run(ThreadPoolExecutor.java:637)
12-05 22:17:10.178 E/b0      (29913): 	at java.lang.Thread.run(Thread.java:1012)
12-05 22:17:10.202 I/SurfaceFlinger(1000): operator()(), mtkRenderCntDebug 47278, screenshot (Wallpaper BBQ wrapper#0)
12-05 22:17:10.202 I/SurfaceFlinger(1000): operator()(), mtkRenderCntDebug 47278, screenshot (com.google.android.apps.nexuslauncher/com.google.android.apps.nexuslauncher.NexusLauncherActivity#1)
12-05 22:17:10.205 I/A       (26305): (REDACTED) Skipping %s -> %s, because %s already exists.
12-05 22:17:10.207 I/LPRequestState(26305): (REDACTED) [%s] #resolveDesiredLanguagePacks
12-05 22:17:10.207 I/earchbox:searc(26305): Background young concurrent copying GC freed 125850(6409KB) AllocSpace objects, 67(2028KB) LOS objects, 40% free, 30MB/50MB, paused 95.263ms,213us total 245.330ms
12-05 22:17:10.216 I/earchbox:searc(26305): Method exceeds compiler instruction limit: 22982 in java.lang.Object com.google.android.apps.gsa.binaries.satin.app.ash.a()
12-05 22:17:10.221 I/A       (26305): #getInstalledPackages
12-05 22:17:10.222 D/nativeloader(29658): Configuring classloader-namespace for system apk /system/framework/com.android.location.provider.jar. target_sdk_version=33, uses_libraries=ALL, library_path=/data/app/~~Mx05Pn9A_22v9ft2mBXJOQ==/com.google.android.gms-HzRHYDF-3_su5w6Q-kS0Lg==/lib/arm64:/data/app/~~Mx05Pn9A_22v9ft2mBXJOQ==/com.google.android.gms-HzRHYDF-3_su5w6Q-kS0Lg==/base.apk!/lib/arm64-v8a:/system/lib64:/system_ext/lib64, permitted_path=/data:/mnt/expand:/data/user/0/com.google.android.gms:/system/lib64:/system_ext/lib64
12-05 22:17:10.222 D/nativeloader(29658): Extending system_exposed_libraries: libteeservice_client.trustonic.so:libapuwareapusys.mtk.so:libapuwareapusys_v2.mtk.so:libapuwarexrp.mtk.so:libapuwarexrp_v2.mtk.so:libapuwareutils.mtk.so:libapuwareutils_v2.mtk.so:libapuwarehmp.mtk.so:libmcv_runtime_usdk.mtk.so:libneuron_graph_delegate.mtk.so:libneuronusdk_adapter.mtk.so:libtflite_mtk.mtk.so:libarmnn_ndk.mtk.so:libcmdl_ndk.mtk.so:libnir_neon_driver_ndk.mtk.so:libmvpu_runtime.mtk.so:libmvpu_runtime_pub.mtk.so:libmvpu_engine_pub.mtk.so:libmvpu_pattern_pub.mtk.so:libmvpuop_mtk_cv.mtk.so:libmvpuop_mtk_nn.mtk.so:libmcf_native_window_helper.motocamera.so:libjni_helper.motocameradesktop.so:libimgTuner_jni.motoimagetuner.so
12-05 22:17:10.237 I/A       (26305): (REDACTED) Download file group for language pack: %s
12-05 22:17:10.240 W/A       (26305): (REDACTED) Locale %s is not compatible, please check manifest exists
12-05 22:17:10.242 I/A       (26305): (REDACTED) Skipping %s -> %s, because %s already exists.
12-05 22:17:10.251 I/A       (26305): getLocaleToModelSpecsMap
12-05 22:17:10.255 I/A       (26305): Using proto config with mendel
12-05 22:17:10.257 I/A       (26305): (REDACTED) isModelTypeDspSupported-%b modelType-OK_HEY_GOOGLE locale-%s
12-05 22:17:10.257 I/A       (26305): getLocaleToModelSpecsMap
12-05 22:17:10.258 I/A       (26305): Using proto config with mendel
12-05 22:17:10.258 I/A       (26305): (REDACTED) isModelTypeDspSupported-%b modelType-OK_HEY_GOOGLE locale-%s
12-05 22:17:10.258 I/A       (26305): getLocaleToModelSpecsMap
12-05 22:17:10.258 I/A       (26305): (REDACTED) Skipping %s -> %s, because %s already exists.
12-05 22:17:10.259 I/A       (26305): Using proto config with mendel
12-05 22:17:10.260 I/BufferQueueProducer(1000): [NavigationBar0#0](this:0xb40000721974b3c0,id:-1,api:0,p:-1,c:1000) queueBuffer: fps=80.38 dur=1007.72 max=44.34 min=6.90
12-05 22:17:10.260 I/A       (26305): (REDACTED) isModelTypeDspSupported-%b modelType-OK_HEY_GOOGLE locale-%s
12-05 22:17:10.262 I/A       (26305): getLocaleToModelSpecsMap
12-05 22:17:10.263 I/A       (26305): Using proto config with mendel
12-05 22:17:10.263 I/A       (26305): (REDACTED) Adding from config to map. Locale: %s modelPrefix: %s Location:%s isSpeakerIdSupported: %b
12-05 22:17:10.263 I/A       (26305): (REDACTED) Adding from config to map. Locale: %s modelPrefix: %s Location:%s isSpeakerIdSupported: %b
12-05 22:17:10.263 I/A       (26305): (REDACTED) Adding from config to map. Locale: %s modelPrefix: %s Location:%s isSpeakerIdSupported: %b
12-05 22:17:10.263 I/A       (26305): (REDACTED) Skipping. Expected model: %s Found: %s
12-05 22:17:10.263 I/A       (26305): (REDACTED) Adding from config to map. Locale: %s modelPrefix: %s Location:%s isSpeakerIdSupported: %b
12-05 22:17:10.264 I/HotwordModelPopulator(26305): (REDACTED) #updateHotwordFileGroup group name: %s, raw locale: %s, locale: %s
12-05 22:17:10.274 I/A       (26305): getLocaleToModelSpecsMap
12-05 22:17:10.275 I/A       (26305): Using proto config with mendel
12-05 22:17:10.275 I/A       (26305): (REDACTED) isModelTypeDspSupported-%b modelType-OK_HEY_GOOGLE locale-%s
12-05 22:17:10.276 I/A       (26305): getLocaleToModelSpecsMap
12-05 22:17:10.280 I/A       (26305): Using proto config with mendel
12-05 22:17:10.280 I/A       (26305): (REDACTED) Adding from config to map. Locale: %s modelPrefix: %s Location:%s isSpeakerIdSupported: %b
12-05 22:17:10.280 I/A       (26305): (REDACTED) Adding from config to map. Locale: %s modelPrefix: %s Location:%s isSpeakerIdSupported: %b
12-05 22:17:10.282 I/A       (26305): (REDACTED) Adding from config to map. Locale: %s modelPrefix: %s Location:%s isSpeakerIdSupported: %b
12-05 22:17:10.282 I/A       (26305): (REDACTED) Skipping. Expected model: %s Found: %s
12-05 22:17:10.284 I/A       (26305): (REDACTED) Skipping %s -> %s, because %s already exists.
12-05 22:17:10.285 I/A       (26305): (REDACTED) Adding from config to map. Locale: %s modelPrefix: %s Location:%s isSpeakerIdSupported: %b
12-05 22:17:10.286 I/HotwordModelPopulator(26305): (REDACTED) #updateHotwordFileGroup group name: %s, raw locale: %s, locale: %s
12-05 22:17:10.304 I/A       (26305): (REDACTED) Skipping %s -> %s, because %s already exists.
12-05 22:17:10.306 I/A       (26305): getLocaleToModelSpecsMap
12-05 22:17:10.306 I/A       (26305): Using proto config with mendel
12-05 22:17:10.306 I/A       (26305): (REDACTED) Adding from config to map. Locale: %s modelPrefix: %s Location:%s isSpeakerIdSupported: %b
12-05 22:17:10.306 I/A       (26305): (REDACTED) Adding from config to map. Locale: %s modelPrefix: %s Location:%s isSpeakerIdSupported: %b
12-05 22:17:10.306 I/A       (26305): (REDACTED) Adding from config to map. Locale: %s modelPrefix: %s Location:%s isSpeakerIdSupported: %b
12-05 22:17:10.306 I/A       (26305): (REDACTED) Skipping. Expected model: %s Found: %s
12-05 22:17:10.306 I/A       (26305): (REDACTED) Adding from config to map. Locale: %s modelPrefix: %s Location:%s isSpeakerIdSupported: %b
12-05 22:17:10.306 I/HotwordModelPopulator(26305): (REDACTED) #updateHotwordFileGroup group name: %s, raw locale: %s, locale: %s
12-05 22:17:10.312 I/SurfaceFlinger(1000): operator()(), mtkRenderCntDebug 47279, screenshot (Wallpaper BBQ wrapper#0)
12-05 22:17:10.312 I/SurfaceFlinger(1000): operator()(), mtkRenderCntDebug 47279, screenshot (com.google.android.apps.nexuslauncher/com.google.android.apps.nexuslauncher.NexusLauncherActivity#1)
12-05 22:17:10.327 I/A       (26305): (REDACTED) Skipping %s -> %s, because %s already exists.
12-05 22:17:10.328 D/nativeloader(29658): Configuring classloader-namespace for other apk /data/app/~~Mx05Pn9A_22v9ft2mBXJOQ==/com.google.android.gms-HzRHYDF-3_su5w6Q-kS0Lg==/base.apk. target_sdk_version=33, uses_libraries=libOpenCL.so, library_path=/data/app/~~Mx05Pn9A_22v9ft2mBXJOQ==/com.google.android.gms-HzRHYDF-3_su5w6Q-kS0Lg==/lib/arm64:/data/app/~~Mx05Pn9A_22v9ft2mBXJOQ==/com.google.android.gms-HzRHYDF-3_su5w6Q-kS0Lg==/base.apk!/lib/arm64-v8a, permitted_path=/data:/mnt/expand:/data/user/0/com.google.android.gms
12-05 22:17:10.337 I/libPowerHal(972): [perfLockAcq] idx:1 hdl:93490 hint:0 pid:972 duration:80 lock_user:mtkpower@1.0-se => ret_hdl:93490
12-05 22:17:10.338 I/libPowerHal(972): [perfLockAcq] idx:2 hdl:93491 hint:25 pid:972 duration:10000 lock_user:mtkpower@1.0-se => ret_hdl:93491
12-05 22:17:10.338 I/libPowerHal(972): [PE] MTKPOWER_HINT_APP_TOUCH update cmd:3408600 param:1
12-05 22:17:10.339 I/libPowerHal(972): [perfLockAcq] idx:3 hdl:93492 hint:0 pid:972 duration:80 lock_user:mtkpower@1.0-se => ret_hdl:93492
12-05 22:17:10.360 I/A       (26305): (REDACTED) Skipping %s -> %s, because %s already exists.
12-05 22:17:10.366 D/nativeloader(29888): Configuring classloader-namespace for system apk /system/framework/org.apache.http.legacy.jar. target_sdk_version=33, uses_libraries=ALL, library_path=/data/app/~~Mx05Pn9A_22v9ft2mBXJOQ==/com.google.android.gms-HzRHYDF-3_su5w6Q-kS0Lg==/lib/arm64:/data/app/~~Mx05Pn9A_22v9ft2mBXJOQ==/com.google.android.gms-HzRHYDF-3_su5w6Q-kS0Lg==/base.apk!/lib/arm64-v8a:/system/lib64:/system_ext/lib64, permitted_path=/data:/mnt/expand:/data/user/0/com.google.android.gms:/system/lib64:/system_ext/lib64
12-05 22:17:10.366 D/nativeloader(29888): Extending system_exposed_libraries: libteeservice_client.trustonic.so:libapuwareapusys.mtk.so:libapuwareapusys_v2.mtk.so:libapuwarexrp.mtk.so:libapuwarexrp_v2.mtk.so:libapuwareutils.mtk.so:libapuwareutils_v2.mtk.so:libapuwarehmp.mtk.so:libmcv_runtime_usdk.mtk.so:libneuron_graph_delegate.mtk.so:libneuronusdk_adapter.mtk.so:libtflite_mtk.mtk.so:libarmnn_ndk.mtk.so:libcmdl_ndk.mtk.so:libnir_neon_driver_ndk.mtk.so:libmvpu_runtime.mtk.so:libmvpu_runtime_pub.mtk.so:libmvpu_engine_pub.mtk.so:libmvpu_pattern_pub.mtk.so:libmvpuop_mtk_cv.mtk.so:libmvpuop_mtk_nn.mtk.so:libmcf_native_window_helper.motocamera.so:libjni_helper.motocameradesktop.so:libimgTuner_jni.motoimagetuner.so
12-05 22:17:10.367 W/System.err(29888): java.lang.NoSuchMethodError: no non-static method "Lio/reactivex/rxjava3/core/ObservableEmitter;.setCancellable(Lio/reactivex/rxjava3/functions/Cancellable;)V"
12-05 22:17:10.367 W/System.err(29888): 	at java.lang.Runtime.nativeLoad(Native Method)
12-05 22:17:10.367 W/System.err(29888): 	at java.lang.Runtime.nativeLoad(Runtime.java:1121)
12-05 22:17:10.367 W/System.err(29888): 	at java.lang.Runtime.loadLibrary0(Runtime.java:1075)
12-05 22:17:10.367 W/System.err(29888): 	at java.lang.Runtime.loadLibrary0(Runtime.java:998)
12-05 22:17:10.367 W/System.err(29888): 	at java.lang.System.loadLibrary(System.java:1661)
12-05 22:17:10.367 W/System.err(29888): 	at p.vno.run(Unknown Source:43)
12-05 22:17:10.371 D/nativeloader(29888): Configuring classloader-namespace for system apk /system/framework/com.android.media.remotedisplay.jar. target_sdk_version=33, uses_libraries=ALL, library_path=/data/app/~~Mx05Pn9A_22v9ft2mBXJOQ==/com.google.android.gms-HzRHYDF-3_su5w6Q-kS0Lg==/lib/arm64:/data/app/~~Mx05Pn9A_22v9ft2mBXJOQ==/com.google.android.gms-HzRHYDF-3_su5w6Q-kS0Lg==/base.apk!/lib/arm64-v8a:/system/lib64:/system_ext/lib64, permitted_path=/data:/mnt/expand:/data/user/0/com.google.android.gms:/system/lib64:/system_ext/lib64
12-05 22:17:10.372 D/nativeloader(29888): Extending system_exposed_libraries: libteeservice_client.trustonic.so:libapuwareapusys.mtk.so:libapuwareapusys_v2.mtk.so:libapuwarexrp.mtk.so:libapuwarexrp_v2.mtk.so:libapuwareutils.mtk.so:libapuwareutils_v2.mtk.so:libapuwarehmp.mtk.so:libmcv_runtime_usdk.mtk.so:libneuron_graph_delegate.mtk.so:libneuronusdk_adapter.mtk.so:libtflite_mtk.mtk.so:libarmnn_ndk.mtk.so:libcmdl_ndk.mtk.so:libnir_neon_driver_ndk.mtk.so:libmvpu_runtime.mtk.so:libmvpu_runtime_pub.mtk.so:libmvpu_engine_pub.mtk.so:libmvpu_pattern_pub.mtk.so:libmvpuop_mtk_cv.mtk.so:libmvpuop_mtk_nn.mtk.so:libmcf_native_window_helper.motocamera.so:libjni_helper.motocameradesktop.so:libimgTuner_jni.motoimagetuner.so
12-05 22:17:10.372 W/System.err(29888): java.lang.RuntimeException: Failed finding method 'ObservableEmitter.setCancellable'
12-05 22:17:10.372 W/System.err(29888): 	at java.lang.Runtime.nativeLoad(Native Method)
12-05 22:17:10.372 W/System.err(29888): 	at java.lang.Runtime.nativeLoad(Runtime.java:1121)
12-05 22:17:10.372 W/System.err(29888): 	at java.lang.Runtime.loadLibrary0(Runtime.java:1075)
12-05 22:17:10.372 W/System.err(29888): 	at java.lang.Runtime.loadLibrary0(Runtime.java:998)
12-05 22:17:10.372 W/System.err(29888): 	at java.lang.System.loadLibrary(System.java:1661)
12-05 22:17:10.372 W/System.err(29888): 	at p.vno.run(Unknown Source:43)
12-05 22:17:10.372 W/System.err(29888): java.lang.NoSuchMethodError: no non-static method "Lio/reactivex/rxjava3/core/SingleEmitter;.onSuccess(Ljava/lang/Object;)V"
12-05 22:17:10.373 W/System.err(29888): 	at java.lang.Runtime.nativeLoad(Native Method)
12-05 22:17:10.373 W/System.err(29888): 	at java.lang.Runtime.nativeLoad(Runtime.java:1121)
12-05 22:17:10.373 W/System.err(29888): 	at java.lang.Runtime.loadLibrary0(Runtime.java:1075)
12-05 22:17:10.373 W/System.err(29888): 	at java.lang.Runtime.loadLibrary0(Runtime.java:998)
12-05 22:17:10.373 W/System.err(29888): 	at java.lang.System.loadLibrary(System.java:1661)
12-05 22:17:10.373 W/System.err(29888): 	at p.vno.run(Unknown Source:43)
12-05 22:17:10.373 W/System.err(29888): java.lang.RuntimeException: Failed finding method 'SingleEmitter.onSuccess'
12-05 22:17:10.373 W/System.err(29888): 	at java.lang.Runtime.nativeLoad(Native Method)
12-05 22:17:10.373 W/System.err(29888): 	at java.lang.Runtime.nativeLoad(Runtime.java:1121)
12-05 22:17:10.373 W/System.err(29888): 	at java.lang.Runtime.loadLibrary0(Runtime.java:1075)
12-05 22:17:10.373 W/System.err(29888): 	at java.lang.Runtime.loadLibrary0(Runtime.java:998)
12-05 22:17:10.373 W/System.err(29888): 	at java.lang.System.loadLibrary(System.java:1661)
12-05 22:17:10.373 W/System.err(29888): 	at p.vno.run(Unknown Source:43)
12-05 22:17:10.382 D/nativeloader(29888): Configuring classloader-namespace for system apk /system/framework/com.android.location.provider.jar. target_sdk_version=33, uses_libraries=ALL, library_path=/data/app/~~Mx05Pn9A_22v9ft2mBXJOQ==/com.google.android.gms-HzRHYDF-3_su5w6Q-kS0Lg==/lib/arm64:/data/app/~~Mx05Pn9A_22v9ft2mBXJOQ==/com.google.android.gms-HzRHYDF-3_su5w6Q-kS0Lg==/base.apk!/lib/arm64-v8a:/system/lib64:/system_ext/lib64, permitted_path=/data:/mnt/expand:/data/user/0/com.google.android.gms:/system/lib64:/system_ext/lib64
12-05 22:17:10.382 D/nativeloader(29888): Extending system_exposed_libraries: libteeservice_client.trustonic.so:libapuwareapusys.mtk.so:libapuwareapusys_v2.mtk.so:libapuwarexrp.mtk.so:libapuwarexrp_v2.mtk.so:libapuwareutils.mtk.so:libapuwareutils_v2.mtk.so:libapuwarehmp.mtk.so:libmcv_runtime_usdk.mtk.so:libneuron_graph_delegate.mtk.so:libneuronusdk_adapter.mtk.so:libtflite_mtk.mtk.so:libarmnn_ndk.mtk.so:libcmdl_ndk.mtk.so:libnir_neon_driver_ndk.mtk.so:libmvpu_runtime.mtk.so:libmvpu_runtime_pub.mtk.so:libmvpu_engine_pub.mtk.so:libmvpu_pattern_pub.mtk.so:libmvpuop_mtk_cv.mtk.so:libmvpuop_mtk_nn.mtk.so:libmcf_native_window_helper.motocamera.so:libjni_helper.motocameradesktop.so:libimgTuner_jni.motoimagetuner.so
12-05 22:17:10.389 I/A       (26305): (REDACTED) Skipping %s -> %s, because %s already exists.
12-05 22:17:10.411 D/nativeloader(29888): Configuring classloader-namespace for other apk /data/app/~~Mx05Pn9A_22v9ft2mBXJOQ==/com.google.android.gms-HzRHYDF-3_su5w6Q-kS0Lg==/base.apk. target_sdk_version=33, uses_libraries=libOpenCL.so, library_path=/data/app/~~Mx05Pn9A_22v9ft2mBXJOQ==/com.google.android.gms-HzRHYDF-3_su5w6Q-kS0Lg==/lib/arm64:/data/app/~~Mx05Pn9A_22v9ft2mBXJOQ==/com.google.android.gms-HzRHYDF-3_su5w6Q-kS0Lg==/base.apk!/lib/arm64-v8a, permitted_path=/data:/mnt/expand:/data/user/0/com.google.android.gms
12-05 22:17:10.412 I/SurfaceFlinger(1000): operator()(), mtkRenderCntDebug 47280, screenshot (Wallpaper BBQ wrapper#0)
12-05 22:17:10.412 I/SurfaceFlinger(1000): operator()(), mtkRenderCntDebug 47280, screenshot (com.google.android.apps.nexuslauncher/com.google.android.apps.nexuslauncher.NexusLauncherActivity#1)
12-05 22:17:10.418 I/mtkpower@impl(972): [powerd_req] TIMER_MSG_PERF_LOCK_TIMEOUT hdl:93490
12-05 22:17:10.418 I/libPowerHal(972): [perfLockRel] hdl:93490, idx:1
12-05 22:17:10.418 I/mtkpower@impl(972): [powerd_req] TIMER_MSG_PERF_LOCK_TIMEOUT hdl:93492
12-05 22:17:10.418 I/libPowerHal(972): [perfLockRel] hdl:93492, idx:3
12-05 22:17:10.427 I/libPowerHal(972): [perfLockRel] hdl:93491, idx:2
12-05 22:17:10.428 I/libPowerHal(972): [PD] MTKPOWER_HINT_APP_TOUCH update cmd:3408600 param:0
12-05 22:17:10.429 I/libPowerHal(972): [perfLockAcq] idx:1 hdl:93493 hint:0 pid:972 duration:80 lock_user:mtkpower@1.0-se => ret_hdl:93493
12-05 22:17:10.433 I/ActivityTaskManager(1646): START u0 {act=android.intent.action.SET_WALLPAPER flg=0x10008000 pkg=com.google.android.apps.wallpaper cmp=com.google.android.apps.wallpaper/com.android.customization.picker.CustomizationPickerActivity bnds=[151,604][529,702] (has extras)} from uid 10428
12-05 22:17:10.433 D/ActivityTaskManager(1646): getPreferredLaunchDisplay userset_displayid false current displayId -1
12-05 22:17:10.435 D/ActivityTaskManager(1646): getPreferredLaunchDisplay userset_displayid false current displayId -1
12-05 22:17:10.435 W/ActivityTaskManager(1646): Can't find TaskDisplayArea to determine support for multi window. Task id=1290 attached=false
12-05 22:17:10.437 D/ActivityTaskManager(1646): getPreferredLaunchDisplay userset_displayid false current displayId -1
12-05 22:17:10.439 I/mtkpower@impl(972): [setMode] type:5, enabled:1
12-05 22:17:10.444 I/libPowerHal(972): [perfLockAcq] idx:2 hdl:93494 hint:11 pid:972 duration:3000 lock_user:mtkpower@1.0-se => ret_hdl:93494
12-05 22:17:10.444 I/libPowerHal(972): LAUNCH: set gpu opp level max: 0
12-05 22:17:10.447 I/libPowerHal(972): [perfLockRel] hdl:93483, idx:0
12-05 22:17:10.451 I/SurfaceFlinger(1000): [SF client] NEW(0xb400007129695b30) for (13119:com.android.systemui)
12-05 22:17:10.458 V/NativeCrypto(29658): Registering com/google/android/gms/org/conscrypt/NativeCrypto's 295 native methods...
12-05 22:17:10.466 D/CompatibilityChangeReporter(1646): Compat change id reported: 135634846; UID 10342; state: DISABLED
12-05 22:17:10.466 D/CompatibilityChangeReporter(1646): Compat change id reported: 177438394; UID 10342; state: DISABLED
12-05 22:17:10.466 D/CompatibilityChangeReporter(1646): Compat change id reported: 135772972; UID 10342; state: DISABLED
12-05 22:17:10.466 D/CompatibilityChangeReporter(1646): Compat change id reported: 135754954; UID 10342; state: ENABLED
12-05 22:17:10.466 D/CompatibilityChangeReporter(1646): Compat change id reported: 143937733; UID 10342; state: ENABLED
12-05 22:17:10.467 D/CustomAppIcons(13119): Get custom app icon: com.android.systemui.SystemUIApplication@4822420 | com.google.android.apps.wallpaper | com.android.customization.picker.customizationpickeractivity
12-05 22:17:10.467 D/CustomAppIcons(13119): Icon from CustomAppIcons: com.google.android.apps.wallpaper | com.android.customization.picker.customizationpickeractivity | null
12-05 22:17:10.479 E/BufferQueueDebug(1000): [Splash Screen com.google.android.apps.wallpaper#0](this:0xb4000072199a6f00,id:-1,api:0,p:-1,c:-1) id info cannot be read from 'Splash Screen com.google.android.apps.wallpaper#0'
12-05 22:17:10.479 I/BufferQueueDebug(1000): [Splash Screen com.google.android.apps.wallpaper#0](this:0xb4000072199a6f00,id:-1,api:0,p:-1,c:-1) BufferQueue core=(1000:/system/bin/surfaceflinger)
12-05 22:17:10.482 V/WindowManager(1646): Changing focus of displayId=0 to null from Window{ccf30b1 u0 com.google.android.apps.nexuslauncher/com.google.android.apps.nexuslauncher.NexusLauncherActivity}
