12-05 22:17:00.739 I/mtkpower@impl(972): [powerd_req] TIMER_MSG_PERF_LOCK_TIMEOUT hdl:93399
12-05 22:17:00.739 I/libPowerHal(972): [perfLockRel] hdl:93399, idx:3
12-05 22:17:00.740 I/libPowerHal(972): INTERACTION: cpu_ctrl set cpu freq: -1 -1 -1 -1
12-05 22:17:00.750 I/NearbyDiscovery(6039): FastPairCache: Not triggering, because RSSI -59 is below the threshold of -57, XX:XX:XX:XX:1C:9E [CONTEXT service_id=265 group_by="40:01:00:43:1C:9E" ratelimit_period="30 SECONDS" ]
12-05 22:17:00.761 V/WindowManager(1646): Changing focus of displayId=0 to Window{5155cfd u0 com.pluscubed.matlog/com.pluscubed.logcat.ui.LogcatActivity} from Window{f06989f u0 PopupWindow:bbfba1b}
12-05 22:17:00.794 I/GoogleInputMethodService(7379): GoogleInputMethodService.onFinishInput():3227 
12-05 22:17:00.796 I/GoogleInputMethodService(7379): GoogleInputMethodService.updateDeviceLockedStatus():2087 repeatCheckTimes = 0, unlocked = true
12-05 22:17:00.796 I/GoogleInputMethodService(7379): GoogleInputMethodService.onStartInput():1877 onStartInput(EditorInfo{inputType=0x0(NULL) imeOptions=0x0 privateImeOptions=null actionName=UNSPECIFIED actionLabel=null actionId=0 initialSelStart=-1 initialSelEnd=-1 initialCapsMode=0x0 hintText=null label=null packageName=com.pluscubed.matlog fieldId=-1 fieldName=null extras=null}, false)
12-05 22:17:00.796 I/GoogleInputMethodService(7379): GoogleInputMethodService.shouldHideHeaderOnInitialState():4008 ShouldHideHeaderOnInitialState = false
12-05 22:17:00.797 I/GoogleInputMethodService(7379): GoogleInputMethodService.updateDeviceLockedStatus():2087 repeatCheckTimes = 2, unlocked = true
12-05 22:17:00.801 I/SurfaceFlinger(1000): operator()(), mtkRenderCntDebug 47194, screenshot (com.pluscubed.matlog/com.pluscubed.logcat.ui.LogcatActivity#0)
12-05 22:17:00.898 I/BufferQueueProducer(1000): [FramebufferSurface](this:0xb4000071c9641040,id:-1,api:1,p:1000,c:1000) queueBuffer: fps=60.53 dur=1007.74 max=80.86 min=7.09
12-05 22:17:00.899 I/hwcomposer(935): [HWCDisplay] [Display_0 (type:1)] fps:60.542152,dur:1007.56,max:80.86,min:6.89  
12-05 22:17:00.922 I/SurfaceFlinger(1000): operator()(), mtkRenderCntDebug 47195, screenshot (com.pluscubed.matlog/com.pluscubed.logcat.ui.LogcatActivity#0)
12-05 22:17:01.034 I/SurfaceFlinger(1000): operator()(), mtkRenderCntDebug 47196, screenshot (com.pluscubed.matlog/com.pluscubed.logcat.ui.LogcatActivity#0)
12-05 22:17:01.077 I/BufferQueueProducer(29428): [ViewRootImpl[PopupWindow:bbfba1b]#5(BLAST Consumer)5](id:72f400000005,api:1,p:29428,c:29428) disconnect: api 1
12-05 22:17:01.078 D/OpenGLRenderer(29428): endAllActiveAnimators on 0x7a82ee5d10 (MenuPopupWindow$MenuDropDownListView) with handle 0x7992e1ef40
12-05 22:17:01.079 W/InputManager-JNI(1646): Input channel object 'f06989f PopupWindow:bbfba1b (client)' was disposed without first being removed with the input manager!
12-05 22:17:01.088 I/BLASTBufferQueue(29428): [ViewRootImpl[PopupWindow:bbfba1b]#5] destructor()
12-05 22:17:01.088 I/BufferQueueConsumer(29428): [ViewRootImpl[PopupWindow:bbfba1b]#5(BLAST Consumer)5](id:72f400000005,api:0,p:-1,c:29428) disconnect
12-05 22:17:01.092 I/BufferQueueDebug(1000): [PopupWindow:bbfba1b#0](this:0xb4000072199545b0,id:-1,api:0,p:-1,c:1000) onDestructor()
12-05 22:17:01.092 I/BLASTBufferQueue(29428): releaseBufferCallbackThunk bufferId:126392297586708 framenumber:52 blastBufferQueue is dead
12-05 22:17:01.163 I/SurfaceFlinger(1000): operator()(), mtkRenderCntDebug 47197, screenshot (com.pluscubed.matlog/com.pluscubed.logcat.ui.LogcatActivity#0)
12-05 22:17:01.194 I/OpenGLRenderer(29428): Davey! duration=9223366281731ms; Flags=0, FrameTimelineVsyncId=803889, IntendedVsync=5755123020264, Vsync=5755123020264, InputEventId=0, HandleInputStart=5755123511035, AnimationStart=5755123513496, PerformTraversalsStart=5755123781188, DrawStart=5755135184265, FrameDeadline=5755151353597, FrameInterval=5755123504650, FrameStartTime=11111111, SyncQueued=5755137221881, SyncStart=5755137239958, IssueDrawCommandsStart=5755137542496, SwapBuffers=5755139098804, FrameCompleted=9223372036854775807, DequeueBufferDuration=17462, QueueBufferDuration=567461, GpuCompleted=9223372036854775807, SwapBuffersCompleted=5755139971958, DisplayPresentTime=0, 
12-05 22:17:01.224 I/BufferQueueProducer(1000): [com.pluscubed.matlog/com.pluscubed.logcat.ui.LogcatActivity#0](this:0xb40000721997f120,id:-1,api:0,p:-1,c:1000) queueBuffer: fps=61.52 dur=1007.88 max=89.82 min=8.88
12-05 22:17:01.370 I/SurfaceFlinger(1000): operator()(), mtkRenderCntDebug 47198, screenshot (com.pluscubed.matlog/com.pluscubed.logcat.ui.LogcatActivity#0)
12-05 22:17:01.418 I/hwcomposer(935): [HWC] (0)fire a callback of refresh to SF[4]  
12-05 22:17:01.488 I/libPerfCtl(972): xgfGetFPS pid:13119 fps:-1
12-05 22:17:01.488 I/libPerfCtl(972): xgfGetFPS pid:29428 fps:88
12-05 22:17:01.521 I/SurfaceFlinger(1000): operator()(), mtkRenderCntDebug 47199, screenshot (com.pluscubed.matlog/com.pluscubed.logcat.ui.LogcatActivity#0)
12-05 22:17:01.568 I/WifiHAL (2539): Get link layer stats
12-05 22:17:01.568 I/WifiHAL (2539): GetLinkStatsCommand::create
12-05 22:17:01.568 D/android.hardware.wifi@1.0-service-lazy(2539): WifiRequest::create vendor command to iface 32, vendor_id=0x1a11, subcmd=0x1200, res=0
12-05 22:17:01.569 I/android.hardware.wifi@1.0-service-lazy(2539): WifiCommand::requestResponse err=-14
12-05 22:17:01.569 I/WifiHAL (2539): wifi_get_link_stats: result=-1
12-05 22:17:01.569 E/WifiVendorHal(1646): getWifiLinkLayerStats_1_5_Internal(l.1191) failed {.code = ERROR_UNKNOWN, .description = unknown}
12-05 22:17:01.642 I/SurfaceFlinger(1000): operator()(), mtkRenderCntDebug 47200, screenshot (com.pluscubed.matlog/com.pluscubed.logcat.ui.LogcatActivity#0)
12-05 22:17:01.775 I/SurfaceFlinger(1000): operator()(), mtkRenderCntDebug 47201, screenshot (com.pluscubed.matlog/com.pluscubed.logcat.ui.LogcatActivity#0)
12-05 22:17:01.906 I/BufferQueueProducer(1000): [FramebufferSurface](this:0xb4000071c9641040,id:-1,api:1,p:1000,c:1000) queueBuffer: fps=80.42 dur=1007.17 max=52.26 min=7.15
12-05 22:17:01.907 I/hwcomposer(935): [HWCDisplay] [Display_0 (type:1)] fps:80.408516,dur:1007.36,max:51.76,min:6.71  
12-05 22:17:01.933 I/SurfaceFlinger(1000): operator()(), mtkRenderCntDebug 47202, screenshot (com.pluscubed.matlog/com.pluscubed.logcat.ui.LogcatActivity#0)
12-05 22:17:02.079 I/SurfaceFlinger(1000): operator()(), mtkRenderCntDebug 47203, screenshot (com.pluscubed.matlog/com.pluscubed.logcat.ui.LogcatActivity#0)
12-05 22:17:02.138 I/hwcomposer(935): [HWC] (0)fire a callback of refresh to SF[4]  
12-05 22:17:02.173 I/OpenGLRenderer(29428): Davey! duration=9223366280757ms; Flags=0, FrameTimelineVsyncId=804048, IntendedVsync=5756097543007, Vsync=5756097543007, InputEventId=0, HandleInputStart=5756098294804, AnimationStart=5756098296573, PerformTraversalsStart=5756098434496, DrawStart=5756106673496, FrameDeadline=5756114765229, FrameInterval=5756098291035, FrameStartTime=11111111, SyncQueued=5756109572958, SyncStart=5756109691727, IssueDrawCommandsStart=5756110994112, SwapBuffers=5756113119342, FrameCompleted=9223372036854775807, DequeueBufferDuration=22384, QueueBufferDuration=713231, GpuCompleted=9223372036854775807, SwapBuffersCompleted=5756114326188, DisplayPresentTime=0, 
12-05 22:17:02.188 I/SurfaceFlinger(1000): operator()(), mtkRenderCntDebug 47204, screenshot (com.pluscubed.matlog/com.pluscubed.logcat.ui.LogcatActivity#0)
12-05 22:17:02.205 I/OpenGLRenderer(29428): Davey! duration=9223366280723ms; Flags=0, FrameTimelineVsyncId=804053, IntendedVsync=5756130761069, Vsync=5756130761069, InputEventId=0, HandleInputStart=5756131307650, AnimationStart=5756131309265, PerformTraversalsStart=5756131474188, DrawStart=5756140682496, FrameDeadline=5756159094402, FrameInterval=5756131303650, FrameStartTime=11111111, SyncQueued=5756143563727, SyncStart=5756143676958, IssueDrawCommandsStart=5756144148573, SwapBuffers=5756146422496, FrameCompleted=9223372036854775807, DequeueBufferDuration=24308, QueueBufferDuration=680000, GpuCompleted=9223372036854775807, SwapBuffersCompleted=5756147736265, DisplayPresentTime=0, 
12-05 22:17:02.232 I/BufferQueueProducer(1000): [com.pluscubed.matlog/com.pluscubed.logcat.ui.LogcatActivity#0](this:0xb40000721997f120,id:-1,api:0,p:-1,c:1000) queueBuffer: fps=71.43 dur=1008.02 max=65.29 min=8.90
12-05 22:17:02.289 I/SurfaceFlinger(1000): operator()(), mtkRenderCntDebug 47205, screenshot (com.pluscubed.matlog/com.pluscubed.logcat.ui.LogcatActivity#0)
12-05 22:17:02.314 D/BoundBrokerSvc(30965): onBind: Intent { act=com.google.android.gms.safetynet.service.START pkg=com.google.android.gms }
12-05 22:17:02.314 D/BoundBrokerSvc(30965): Loading bound service for intent: Intent { act=com.google.android.gms.safetynet.service.START pkg=com.google.android.gms }
12-05 22:17:02.453 I/SurfaceFlinger(1000): operator()(), mtkRenderCntDebug 47206, screenshot (com.pluscubed.matlog/com.pluscubed.logcat.ui.LogcatActivity#0)
12-05 22:17:02.488 I/libPerfCtl(972): xgfGetFPS pid:13119 fps:-1
12-05 22:17:02.488 I/libPerfCtl(972): xgfGetFPS pid:29428 fps:71
12-05 22:17:02.563 I/SurfaceFlinger(1000): operator()(), mtkRenderCntDebug 47207, screenshot (com.pluscubed.matlog/com.pluscubed.logcat.ui.LogcatActivity#0)
12-05 22:17:02.664 I/SurfaceFlinger(1000): operator()(), mtkRenderCntDebug 47208, screenshot (com.pluscubed.matlog/com.pluscubed.logcat.ui.LogcatActivity#0)
12-05 22:17:02.678 I/hwcomposer(935): [HWC] (0)fire a callback of refresh to SF[4]  
12-05 22:17:02.764 I/SurfaceFlinger(1000): operator()(), mtkRenderCntDebug 47209, screenshot (com.pluscubed.matlog/com.pluscubed.logcat.ui.LogcatActivity#0)
12-05 22:17:02.786 I/hwcomposer(935): [HWC] (0)fire a callback of refresh to SF[4]  
12-05 22:17:02.864 I/SurfaceFlinger(1000): operator()(), mtkRenderCntDebug 47210, screenshot (com.pluscubed.matlog/com.pluscubed.logcat.ui.LogcatActivity#0)
12-05 22:17:02.902 I/hwcomposer(935): [HWC] (0)fire a callback of refresh to SF[4]  
12-05 22:17:02.920 I/BufferQueueProducer(1000): [FramebufferSurface](this:0xb4000071c9641040,id:-1,api:1,p:1000,c:1000) queueBuffer: fps=51.26 dur=1014.40 max=81.27 min=8.16
12-05 22:17:02.921 I/hwcomposer(935): [HWCDisplay] [Display_0 (type:1)] fps:51.277958,dur:1014.08,max:81.27,min:7.85  
12-05 22:17:02.973 I/SurfaceFlinger(1000): operator()(), mtkRenderCntDebug 47211, screenshot (com.pluscubed.matlog/com.pluscubed.logcat.ui.LogcatActivity#0)
12-05 22:17:03.072 I/SurfaceFlinger(1000): operator()(), mtkRenderCntDebug 47212, screenshot (com.pluscubed.matlog/com.pluscubed.logcat.ui.LogcatActivity#0)
12-05 22:17:03.086 I/hwcomposer(935): [HWC] (0)fire a callback of refresh to SF[4]  
12-05 22:17:03.106 I/OpenGLRenderer(29428): Davey! duration=9223366279826ms; Flags=0, FrameTimelineVsyncId=804173, IntendedVsync=5757027750492, Vsync=5757027750492, InputEventId=0, HandleInputStart=5757028148035, AnimationStart=5757028149804, PerformTraversalsStart=5757028284265, DrawStart=5757035275419, FrameDeadline=5757044972714, FrameInterval=5757028145188, FrameStartTime=11111111, SyncQueued=5757038091958, SyncStart=5757038207035, IssueDrawCommandsStart=5757038636881, SwapBuffers=5757041709496, FrameCompleted=9223372036854775807, DequeueBufferDuration=23000, QueueBufferDuration=1053616, GpuCompleted=9223372036854775807, SwapBuffersCompleted=5757044390188, DisplayPresentTime=0, 
12-05 22:17:03.174 I/SurfaceFlinger(1000): operator()(), mtkRenderCntDebug 47213, screenshot (com.pluscubed.matlog/com.pluscubed.logcat.ui.LogcatActivity#0)
12-05 22:17:03.218 I/hwcomposer(935): [HWC] (0)fire a callback of refresh to SF[4]  
12-05 22:17:03.251 I/BufferQueueProducer(1000): [com.pluscubed.matlog/com.pluscubed.logcat.ui.LogcatActivity#0](this:0xb40000721997f120,id:-1,api:0,p:-1,c:1000) queueBuffer: fps=43.19 dur=1018.81 max=88.78 min=9.75
12-05 22:17:03.273 I/SurfaceFlinger(1000): operator()(), mtkRenderCntDebug 47214, screenshot (com.pluscubed.matlog/com.pluscubed.logcat.ui.LogcatActivity#0)
12-05 22:17:03.375 I/SurfaceFlinger(1000): operator()(), mtkRenderCntDebug 47215, screenshot (com.pluscubed.matlog/com.pluscubed.logcat.ui.LogcatActivity#0)
12-05 22:17:03.382 I/hwcomposer(935): [HWC] (0)fire a callback of refresh to SF[4]  
12-05 22:17:03.457 I/libPowerHal(972): [perfLockAcq] idx:0 hdl:93400 hint:0 pid:972 duration:80 lock_user:mtkpower@1.0-se => ret_hdl:93400
12-05 22:17:03.458 I/libPowerHal(972): INTERACTION: cpu_ctrl set cpu freq: 1500000 -1 1418000 -1
12-05 22:17:03.459 I/libPowerHal(972): [perfLockAcq] idx:1 hdl:93401 hint:25 pid:972 duration:10000 lock_user:mtkpower@1.0-se => ret_hdl:93401
12-05 22:17:03.460 I/libPowerHal(972): [PE] MTKPOWER_HINT_APP_TOUCH update cmd:3408600 param:1
12-05 22:17:03.460 I/libPowerHal(972): [perfLockAcq] idx:2 hdl:93402 hint:0 pid:972 duration:80 lock_user:mtkpower@1.0-se => ret_hdl:93402
12-05 22:17:03.473 I/SurfaceFlinger(1000): operator()(), mtkRenderCntDebug 47216, screenshot (com.pluscubed.matlog/com.pluscubed.logcat.ui.LogcatActivity#0)
12-05 22:17:03.488 I/libPowerHal(972): [perfLockAcq] idx:3 hdl:93403 hint:0 pid:972 duration:80 lock_user:mtkpower@1.0-se => ret_hdl:93403
12-05 22:17:03.488 I/libPerfCtl(972): xgfGetFPS pid:13119 fps:-1
12-05 22:17:03.488 I/libPerfCtl(972): xgfGetFPS pid:29428 fps:40
12-05 22:17:03.494 I/libPowerHal(972): [perfLockAcq] idx:4 hdl:93404 hint:0 pid:972 duration:80 lock_user:mtkpower@1.0-se => ret_hdl:93404
12-05 22:17:03.499 I/libPowerHal(972): [perfLockAcq] idx:5 hdl:93405 hint:0 pid:972 duration:80 lock_user:mtkpower@1.0-se => ret_hdl:93405
12-05 22:17:03.505 I/libPowerHal(972): [perfLockAcq] idx:6 hdl:93406 hint:0 pid:972 duration:80 lock_user:mtkpower@1.0-se => ret_hdl:93406
12-05 22:17:03.507 I/mtkpower@impl(972): [setMode] type:5, enabled:1
12-05 22:17:03.507 I/libPowerHal(972): [perfLockAcq] idx:7 hdl:93407 hint:11 pid:972 duration:3000 lock_user:mtkpower@1.0-se => ret_hdl:93407
12-05 22:17:03.507 I/libPowerHal(972): LAUNCH: set gpu opp level: 0
12-05 22:17:03.508 I/libPowerHal(972): LAUNCH: set gpu opp level max: 0
12-05 22:17:03.508 I/libPowerHal(972): LAUNCH: cpu_ctrl set cpu freq: 2000000 -1 2203000 -1
12-05 22:17:03.508 I/libPowerHal(972): [PE] LAUNCH update cmd:1000000, param:0
12-05 22:17:03.508 I/libPowerHal(972): [PE] LAUNCH update cmd:1420100, param:1
12-05 22:17:03.508 I/libPowerHal(972): [PE] LAUNCH update cmd:410000, param:1
12-05 22:17:03.508 I/libPowerHal(972): [PE] LAUNCH update cmd:1408300, param:100
12-05 22:17:03.508 I/libPowerHal(972): [PE] LAUNCH update cmd:300c000, param:15
12-05 22:17:03.508 I/libPowerHal(972): [PE] LAUNCH update cmd:1424000, param:40000000
12-05 22:17:03.508 I/libPowerHal(972): [PE] LAUNCH update cmd:1424100, param:1
12-05 22:17:03.508 I/libPowerHal(972): set_data_partition_boost: value:1, scn:0xb40000791ae94978
12-05 22:17:03.508 I/libPowerHal(972): set_f2fs_current_flush_merge:1
12-05 22:17:03.508 I/libPowerHal(972): [PE] LAUNCH update cmd:2c14000 param:1
12-05 22:17:03.508 I/libPowerHal(972): [PE] LAUNCH update cmd:1000000 param:0
12-05 22:17:03.508 I/libPowerHal(972): [perfLockRel] hdl:92073, idx:-1
12-05 22:17:03.509 I/InputDispatcher(1646): Monitor swipe-up (server) is stealing touch from [5155cfd com.pluscubed.matlog/com.pluscubed.logcat.ui.LogcatActivity (server), ]
12-05 22:17:03.511 I/libPowerHal(972): [perfLockAcq] idx:8 hdl:93408 hint:0 pid:972 duration:80 lock_user:mtkpower@1.0-se => ret_hdl:93408
12-05 22:17:03.512 I/BpBinder(1000): onLastStrongRef automatically unlinking death recipients: <uncached descriptor>
12-05 22:17:03.516 I/WindowManager(1646): SURFACE SHOW Surface(name=com.google.pixel.wallpapers21.parallaxflower.multiflower.bloomingbotanicals.BloomingBotanicalsWallpaperService)/@0xabc56ef on display:0
12-05 22:17:03.516 I/libPowerHal(972): [perfLockAcq] idx:9 hdl:93409 hint:0 pid:972 duration:80 lock_user:mtkpower@1.0-se => ret_hdl:93409
12-05 22:17:03.524 I/libPowerHal(972): [perfLockAcq] idx:10 hdl:93410 hint:0 pid:972 duration:80 lock_user:mtkpower@1.0-se => ret_hdl:93410
12-05 22:17:03.524 W/DynamicVolume-DynamicVolumeService(4637): onForegroundActivitiesChanged, record latest volume: AppStartVolume(packageUid=10428, packageName=com.google.android.apps.nexuslauncher, timeInMillis=1670296623520, date=Mon Dec 05 22:17:03 EST 2022, startVolume=15, deviceType=8)
12-05 22:17:03.526 V/ShadeControllerImpl(13119): NotificationShadeWindow: com.android.systemui.statusbar.phone.NotificationShadeWindowView{a38bae4 I.E...... ......ID 0,0-720,1600} canPanelBeCollapsed(): false
12-05 22:17:03.528 I/libPowerHal(972): [perfLockAcq] idx:11 hdl:93411 hint:0 pid:972 duration:80 lock_user:mtkpower@1.0-se => ret_hdl:93411
12-05 22:17:03.530 E/BufferQueueDebug(1000): [com.google.android.apps.nexuslauncher/com.google.android.apps.nexuslauncher.NexusLauncherActivity#0](this:0xb4000072199545b0,id:-1,api:0,p:-1,c:-1) id info cannot be read from 'com.google.android.apps.nexuslauncher/com.google.android.apps.nexuslauncher.NexusLauncherActivity#0'
12-05 22:17:03.530 I/BufferQueueDebug(1000): [com.google.android.apps.nexuslauncher/com.google.android.apps.nexuslauncher.NexusLauncherActivity#0](this:0xb4000072199545b0,id:-1,api:0,p:-1,c:-1) BufferQueue core=(1000:/system/bin/surfaceflinger)
12-05 22:17:03.534 I/libPowerHal(972): [perfLockAcq] idx:12 hdl:93412 hint:0 pid:972 duration:80 lock_user:mtkpower@1.0-se => ret_hdl:93412
12-05 22:17:03.536 I/BufferQueueConsumer(26305): [](id:66c10000000d,api:0,p:-1,c:26305) connect: controlledByApp=false
12-05 22:17:03.536 I/OriginChannel(942): flush: [4]
12-05 22:17:03.537 I/BLASTBufferQueue(26305): [ViewRootImpl[NexusLauncherActivity]#13] constructor()
12-05 22:17:03.538 I/HfLooper(942): [4] flush complete
12-05 22:17:03.538 I/mtkpower@impl(972): [powerd_req] TIMER_MSG_PERF_LOCK_TIMEOUT hdl:93400
12-05 22:17:03.538 I/libPowerHal(972): [perfLockRel] hdl:93400, idx:0
12-05 22:17:03.539 I/libPowerHal(972): [perfLockAcq] idx:13 hdl:93413 hint:0 pid:972 duration:80 lock_user:mtkpower@1.0-se => ret_hdl:93413
12-05 22:17:03.541 I/mtkpower@impl(972): [powerd_req] TIMER_MSG_PERF_LOCK_TIMEOUT hdl:93402
12-05 22:17:03.541 I/libPowerHal(972): [perfLockRel] hdl:93402, idx:2
12-05 22:17:03.543 E/BufferQueueDebug(1000): [com.google.android.apps.nexuslauncher/com.google.android.apps.nexuslauncher.NexusLauncherActivity#1](this:0xb400007219818440,id:-1,api:0,p:-1,c:-1) id info cannot be read from 'com.google.android.apps.nexuslauncher/com.google.android.apps.nexuslauncher.NexusLauncherActivity#1'
12-05 22:17:03.543 I/BufferQueueDebug(1000): [com.google.android.apps.nexuslauncher/com.google.android.apps.nexuslauncher.NexusLauncherActivity#1](this:0xb400007219818440,id:-1,api:0,p:-1,c:-1) BufferQueue core=(1000:/system/bin/surfaceflinger)
12-05 22:17:03.546 I/libPowerHal(972): [perfLockAcq] idx:0 hdl:93414 hint:0 pid:972 duration:80 lock_user:mtkpower@1.0-se => ret_hdl:93414
12-05 22:17:03.548 V/WindowManager(1646): Changing focus of displayId=0 to null from Window{5155cfd u0 com.pluscubed.matlog/com.pluscubed.logcat.ui.LogcatActivity}
12-05 22:17:03.550 I/libPowerHal(972): [perfLockAcq] idx:2 hdl:93415 hint:0 pid:972 duration:80 lock_user:mtkpower@1.0-se => ret_hdl:93415
12-05 22:17:03.550 I/A       (26305): (REDACTED) onApplyWindowInsets: systemWindowInsets=%s
12-05 22:17:03.551 I/A       (26305): (REDACTED) onApplyWindowInsets: systemWindowInsets=%s
12-05 22:17:03.551 I/BufferQueueConsumer(25430): [](id:63560000009e,api:0,p:-1,c:25430) connect: controlledByApp=false
12-05 22:17:03.552 I/BLASTBufferQueue(25430): [ViewRootImpl[NexusLauncherActivity]#122] constructor()
12-05 22:17:03.553 I/BufferQueueProducer(25430): [ViewRootImpl[NexusLauncherActivity]#122(BLAST Consumer)122](id:63560000009e,api:1,p:25430,c:25430) connect: api=1 producerControlledByApp=true
12-05 22:17:03.556 I/libPowerHal(972): [perfLockAcq] idx:14 hdl:93416 hint:0 pid:972 duration:80 lock_user:mtkpower@1.0-se => ret_hdl:93416
12-05 22:17:03.557 I/LatencyTracker(25430): ACTION_TOGGLE_RECENTS latency=100
12-05 22:17:03.559 I/BufferQueueProducer(26305): [ViewRootImpl[NexusLauncherActivity]#13(BLAST Consumer)13](id:66c10000000d,api:1,p:26305,c:26305) connect: api=1 producerControlledByApp=true
12-05 22:17:03.562 I/libPowerHal(972): [perfLockAcq] idx:15 hdl:93417 hint:0 pid:972 duration:80 lock_user:mtkpower@1.0-se => ret_hdl:93417
12-05 22:17:03.565 I/libPowerHal(972): [perfLockAcq] idx:16 hdl:93418 hint:0 pid:972 duration:80 lock_user:mtkpower@1.0-se => ret_hdl:93418
12-05 22:17:03.568 I/mtkpower@impl(972): [powerd_req] TIMER_MSG_PERF_LOCK_TIMEOUT hdl:93403
12-05 22:17:03.568 I/libPowerHal(972): [perfLockRel] hdl:93403, idx:3
12-05 22:17:03.568 I/libPowerHal(972): [perfLockAcq] idx:17 hdl:93419 hint:0 pid:972 duration:80 lock_user:mtkpower@1.0-se => ret_hdl:93419
12-05 22:17:03.574 I/mtkpower@impl(972): [powerd_req] TIMER_MSG_PERF_LOCK_TIMEOUT hdl:93404
12-05 22:17:03.574 I/libPowerHal(972): [perfLockRel] hdl:93404, idx:4
12-05 22:17:03.575 I/libPowerHal(972): [perfLockAcq] idx:3 hdl:93420 hint:0 pid:972 duration:80 lock_user:mtkpower@1.0-se => ret_hdl:93420
12-05 22:17:03.577 I/libPowerHal(972): [perfLockAcq] idx:4 hdl:93421 hint:0 pid:972 duration:80 lock_user:mtkpower@1.0-se => ret_hdl:93421
12-05 22:17:03.579 I/mtkpower@impl(972): [powerd_req] TIMER_MSG_PERF_LOCK_TIMEOUT hdl:93405
12-05 22:17:03.579 I/libPowerHal(972): [perfLockRel] hdl:93405, idx:5
12-05 22:17:03.583 I/libPowerHal(972): [perfLockAcq] idx:5 hdl:93422 hint:0 pid:972 duration:80 lock_user:mtkpower@1.0-se => ret_hdl:93422
12-05 22:17:03.584 I/mtkpower@impl(972): [powerd_req] TIMER_MSG_PERF_LOCK_TIMEOUT hdl:93406
12-05 22:17:03.585 I/libPowerHal(972): [perfLockRel] hdl:93406, idx:6
12-05 22:17:03.585 I/libPowerHal(972): [perfLockRel] hdl:93401, idx:1
12-05 22:17:03.585 I/libPowerHal(972): [PD] MTKPOWER_HINT_APP_TOUCH update cmd:3408600 param:0
12-05 22:17:03.589 I/libPowerHal(972): [perfLockAcq] idx:18 hdl:93423 hint:0 pid:972 duration:1191 lock_user:mtkpower@1.0-se => ret_hdl:93423
12-05 22:17:03.591 I/mtkpower@impl(972): [powerd_req] TIMER_MSG_PERF_LOCK_TIMEOUT hdl:93408
12-05 22:17:03.591 I/libPowerHal(972): [perfLockRel] hdl:93408, idx:8
12-05 22:17:03.595 I/libPowerHal(972): [perfLockAcq] idx:1 hdl:93424 hint:0 pid:972 duration:80 lock_user:mtkpower@1.0-se => ret_hdl:93424
12-05 22:17:03.595 D/NavigationModeController(13119): getCurrentUserContext: contextUser=0 currentUser=0
12-05 22:17:03.596 I/mtkpower@impl(972): [powerd_req] TIMER_MSG_PERF_LOCK_TIMEOUT hdl:93409
12-05 22:17:03.596 I/libPowerHal(972): [perfLockRel] hdl:93409, idx:9
12-05 22:17:03.603 I/mtkpower@impl(972): [powerd_req] TIMER_MSG_PERF_LOCK_TIMEOUT hdl:93410
12-05 22:17:03.603 I/libPowerHal(972): [perfLockRel] hdl:93410, idx:10
12-05 22:17:03.608 I/mtkpower@impl(972): [powerd_req] TIMER_MSG_PERF_LOCK_TIMEOUT hdl:93411
12-05 22:17:03.608 I/libPowerHal(972): [perfLockRel] hdl:93411, idx:11
12-05 22:17:03.614 I/mtkpower@impl(972): [powerd_req] TIMER_MSG_PERF_LOCK_TIMEOUT hdl:93412
12-05 22:17:03.614 I/libPowerHal(972): [perfLockRel] hdl:93412, idx:12
12-05 22:17:03.618 I/mtkpower@impl(972): [powerd_req] TIMER_MSG_PERF_LOCK_TIMEOUT hdl:93413
12-05 22:17:03.619 I/libPowerHal(972): [perfLockRel] hdl:93413, idx:13
12-05 22:17:03.625 I/mtkpower@impl(972): [powerd_req] TIMER_MSG_PERF_LOCK_TIMEOUT hdl:93414
12-05 22:17:03.625 I/libPowerHal(972): [perfLockRel] hdl:93414, idx:0
12-05 22:17:03.630 I/mtkpower@impl(972): [powerd_req] TIMER_MSG_PERF_LOCK_TIMEOUT hdl:93415
12-05 22:17:03.630 I/libPowerHal(972): [perfLockRel] hdl:93415, idx:2
12-05 22:17:03.636 I/mtkpower@impl(972): [powerd_req] TIMER_MSG_PERF_LOCK_TIMEOUT hdl:93416
12-05 22:17:03.637 I/libPowerHal(972): [perfLockRel] hdl:93416, idx:14
12-05 22:17:03.640 I/Columbus/ColumbusService(22939): Switching action from LaunchAssistantAction to AccessibilityServiceGlobalAction
12-05 22:17:03.641 I/Columbus/Service(22939): Unblocked, current action AccessibilityServiceGlobalAction and triple action AccessibilityServiceGlobalAction
12-05 22:17:03.641 I/mtkpower@impl(972): [powerd_req] TIMER_MSG_PERF_LOCK_TIMEOUT hdl:93417
12-05 22:17:03.641 I/libPowerHal(972): [perfLockRel] hdl:93417, idx:15
12-05 22:17:03.646 I/mtkpower@impl(972): [powerd_req] TIMER_MSG_PERF_LOCK_TIMEOUT hdl:93418
12-05 22:17:03.646 I/libPowerHal(972): [perfLockRel] hdl:93418, idx:16
12-05 22:17:03.648 I/mtkpower@impl(972): [powerd_req] TIMER_MSG_PERF_LOCK_TIMEOUT hdl:93419
12-05 22:17:03.648 I/libPowerHal(972): [perfLockRel] hdl:93419, idx:17
12-05 22:17:03.656 I/mtkpower@impl(972): [powerd_req] TIMER_MSG_PERF_LOCK_TIMEOUT hdl:93420
12-05 22:17:03.656 I/libPowerHal(972): [perfLockRel] hdl:93420, idx:3
12-05 22:17:03.658 I/mtkpower@impl(972): [powerd_req] TIMER_MSG_PERF_LOCK_TIMEOUT hdl:93421
12-05 22:17:03.658 I/libPowerHal(972): [perfLockRel] hdl:93421, idx:4
12-05 22:17:03.660 I/BufferQueueProducer(1000): [Wallpaper BBQ wrapper#0](this:0xb4000072197a0aa0,id:-1,api:0,p:-1,c:1000) queueBuffer: fps=0.04 dur=72754.01 max=72665.45 min=43.71
12-05 22:17:03.664 I/mtkpower@impl(972): [powerd_req] TIMER_MSG_PERF_LOCK_TIMEOUT hdl:93422
12-05 22:17:03.664 I/libPowerHal(972): [perfLockRel] hdl:93422, idx:5
12-05 22:17:03.675 I/WindowManager(1646): SURFACE SHOW Surface(name=com.google.android.apps.nexuslauncher/com.google.android.apps.nexuslauncher.NexusLauncherActivity)/@0x2824c on display:0
12-05 22:17:03.675 I/WindowManager(1646): SURFACE SHOW Surface(name=com.google.android.apps.nexuslauncher/com.google.android.apps.nexuslauncher.NexusLauncherActivity)/@0x78cd295 on display:0
12-05 22:17:03.676 I/mtkpower@impl(972): [powerd_req] TIMER_MSG_PERF_LOCK_TIMEOUT hdl:93424
12-05 22:17:03.676 I/libPowerHal(972): [perfLockRel] hdl:93424, idx:1
12-05 22:17:03.679 I/OpenGLRenderer(26305): Davey! duration=74960ms; Flags=1, FrameTimelineVsyncId=792673, IntendedVsync=5682656567515, Vsync=5682656567515, InputEventId=0, HandleInputStart=5682656829569, AnimationStart=5682656830723, PerformTraversalsStart=5682656831107, DrawStart=5682720888953, FrameDeadline=5682684900848, FrameInterval=5682656826799, FrameStartTime=11111111, SyncQueued=5682722270799, SyncStart=5682722470184, IssueDrawCommandsStart=5682722934415, SwapBuffers=5682730003646, FrameCompleted=5757617492958, DequeueBufferDuration=32308, QueueBufferDuration=1200615, GpuCompleted=5757617492958, SwapBuffersCompleted=5682735103030, DisplayPresentTime=12948317087400035, 
12-05 22:17:03.692 I/SurfaceFlinger(1000): operator()(), mtkRenderCntDebug 47217, screenshot (Wallpaper BBQ wrapper#0)
12-05 22:17:03.692 I/SurfaceFlinger(1000): operator()(), mtkRenderCntDebug 47217, screenshot (com.google.android.apps.nexuslauncher/com.google.android.apps.nexuslauncher.NexusLauncherActivity#1)
12-05 22:17:03.726 I/BufferQueueProducer(1000): [NavigationBar0#0](this:0xb40000721974b3c0,id:-1,api:0,p:-1,c:1000) queueBuffer: fps=0.56 dur=88741.82 max=87745.43 min=10.72
12-05 22:17:03.828 I/thermal_repeater(1244): [recvMdThermalInfo] ret=24, strLen=127,  3, 42, -50, 0, 32767, 1
12-05 22:17:03.834 I/SurfaceFlinger(1000): operator()(), mtkRenderCntDebug 47218, screenshot (Wallpaper BBQ wrapper#0)
12-05 22:17:03.834 I/SurfaceFlinger(1000): operator()(), mtkRenderCntDebug 47218, screenshot (com.google.android.apps.nexuslauncher/com.google.android.apps.nexuslauncher.NexusLauncherActivity#1)
12-05 22:17:03.931 I/BufferQueueProducer(1000): [FramebufferSurface](this:0xb4000071c9641040,id:-1,api:1,p:1000,c:1000) queueBuffer: fps=61.29 dur=1011.50 max=79.69 min=8.13
12-05 22:17:03.932 I/hwcomposer(935): [HWCDisplay] [Display_0 (type:1)] fps:61.303070,dur:1011.37,max:79.81,min:7.98  
12-05 22:17:03.945 I/SurfaceFlinger(1000): operator()(), mtkRenderCntDebug 47219, screenshot (Wallpaper BBQ wrapper#0)
12-05 22:17:03.945 I/SurfaceFlinger(1000): operator()(), mtkRenderCntDebug 47219, screenshot (com.google.android.apps.nexuslauncher/com.google.android.apps.nexuslauncher.NexusLauncherActivity#1)
12-05 22:17:03.974 I/LatencyTracker(1646): ACTION_START_RECENTS_ANIMATION latency=195
12-05 22:17:04.011 I/Columbus/ColumbusService(22939): Switching action from AccessibilityServiceGlobalAction to LaunchAssistantAction
12-05 22:17:04.011 I/Columbus/Service(22939): Unblocked, current action LaunchAssistantAction and triple action AccessibilityServiceGlobalAction
12-05 22:17:04.014 I/SurfaceFlinger(1000): operator()(), mtkRenderCntDebug 47220, screenshot (com.pluscubed.matlog/com.pluscubed.logcat.ui.LogcatActivity#0)
12-05 22:17:04.021 I/mtkpower@impl(972): [setMode] type:5, enabled:0
12-05 22:17:04.025 V/WindowManager(1646): Changing focus of displayId=0 to Window{ccf30b1 u0 com.google.android.apps.nexuslauncher/com.google.android.apps.nexuslauncher.NexusLauncherActivity} from null
12-05 22:17:04.035 W/BcSmartspaceView(25430): Current card number does not present in the Adapter.
12-05 22:17:04.035 W/BcSmartspaceView(25430): Current card number does not present in the Adapter.
12-05 22:17:04.035 W/BcSmartspaceView(25430): Current card number does not present in the Adapter.
12-05 22:17:04.038 W/DynamicVolume-DynamicVolumeService(4637): onForegroundActivitiesChanged, record latest volume: AppStartVolume(packageUid=10428, packageName=com.google.android.apps.nexuslauncher, timeInMillis=1670296624036, date=Mon Dec 05 22:17:04 EST 2022, startVolume=15, deviceType=8)
12-05 22:17:04.043 I/WindowManager(1646): SURFACE hide Surface(name=com.pluscubed.matlog/com.pluscubed.logcat.ui.LogcatActivity)/@0xe5c7f6d on display:0
12-05 22:17:04.066 I/GoogleInputMethodService(7379): GoogleInputMethodService.onFinishInput():3227 
12-05 22:17:04.066 W/ContentCaptureService(4314): handleSendEvents() received empty list of events
12-05 22:17:04.068 I/GoogleInputMethodService(7379): GoogleInputMethodService.updateDeviceLockedStatus():2087 repeatCheckTimes = 0, unlocked = true
12-05 22:17:04.068 I/GoogleInputMethodService(7379): GoogleInputMethodService.onStartInput():1877 onStartInput(EditorInfo{inputType=0x0(NULL) imeOptions=0x0 privateImeOptions=null actionName=UNSPECIFIED actionLabel=null actionId=0 initialSelStart=-1 initialSelEnd=-1 initialCapsMode=0x0 hintText=null label=null packageName=com.google.android.apps.nexuslauncher fieldId=-1 fieldName=null extras=null}, false)
12-05 22:17:04.068 I/GoogleInputMethodService(7379): GoogleInputMethodService.shouldHideHeaderOnInitialState():4008 ShouldHideHeaderOnInitialState = false
12-05 22:17:04.070 D/BoundBrokerSvc(30965): onBind: Intent { act=com.google.android.gms.measurement.START pkg=com.google.android.gms }
12-05 22:17:04.070 D/BoundBrokerSvc(30965): Loading bound service for intent: Intent { act=com.google.android.gms.measurement.START pkg=com.google.android.gms }
12-05 22:17:04.071 I/GoogleInputMethodService(7379): GoogleInputMethodService.updateDeviceLockedStatus():2087 repeatCheckTimes = 2, unlocked = true
12-05 22:17:04.094 I/AssistantForeground(4355): (REDACTED) Get launcher package: %s
12-05 22:17:04.098 I/BufferQueueProducer(29428): [ViewRootImpl[LogcatActivity]#0(BLAST Consumer)0](id:72f400000000,api:1,p:29428,c:29428) disconnect: api 1
12-05 22:17:04.099 I/SurfaceFlinger(1000): operator()(), mtkRenderCntDebug 47221, screenshot (Wallpaper BBQ wrapper#0)
12-05 22:17:04.100 I/SurfaceFlinger(1000): operator()(), mtkRenderCntDebug 47221, screenshot (com.google.android.apps.nexuslauncher/com.google.android.apps.nexuslauncher.NexusLauncherActivity#1)
12-05 22:17:04.101 I/BLASTBufferQueue(29428): [ViewRootImpl[LogcatActivity]#0] destructor()
12-05 22:17:04.101 I/BufferQueueConsumer(29428): [ViewRootImpl[LogcatActivity]#0(BLAST Consumer)0](id:72f400000000,api:0,p:-1,c:29428) disconnect
12-05 22:17:04.108 D/BoundBrokerSvc(30965): onBind: Intent { act=com.google.android.gms.inappreach.service.START dat=chimera-action: cmp=com.google.android.gms/.chimera.GmsApiService }
12-05 22:17:04.108 D/BoundBrokerSvc(30965): Loading bound service for intent: Intent { act=com.google.android.gms.inappreach.service.START dat=chimera-action: cmp=com.google.android.gms/.chimera.GmsApiService }
12-05 22:17:04.116 I/GsaVoiceInteractionSrv(4355): Handling ACTION_START_HOTWORD
12-05 22:17:04.122 I/GsaVoiceInteractionSrv(4355): (REDACTED) disregardVoiceMatch: %b
12-05 22:17:04.126 I/BufferQueueDebug(1000): [com.pluscubed.matlog/com.pluscubed.logcat.ui.LogcatActivity#0](this:0xb40000721997f120,id:-1,api:0,p:-1,c:1000) onDestructor()
12-05 22:17:04.126 I/BLASTBufferQueue(29428): releaseBufferCallbackThunk bufferId:126392297586691 framenumber:3890 blastBufferQueue is dead
12-05 22:17:04.145 I/OpenGLRenderer(26305): Davey! duration=73635ms; Flags=0, FrameTimelineVsyncId=793027, IntendedVsync=5684451185187, Vsync=5684640074074, InputEventId=1339176821, HandleInputStart=5684646155030, AnimationStart=5684646155953, PerformTraversalsStart=5684646156338, DrawStart=5684651132646, FrameDeadline=5684479518520, FrameInterval=5684646152261, FrameStartTime=11111111, SyncQueued=5684651491415, SyncStart=5684651573492, IssueDrawCommandsStart=5684652098800, SwapBuffers=5684653413876, FrameCompleted=5758086298727, DequeueBufferDuration=30769, QueueBufferDuration=2289846, GpuCompleted=5758086298727, SwapBuffersCompleted=5684661634415, DisplayPresentTime=27303506540429358, 
12-05 22:17:04.197 I/AiAiEcho(4314): Predicting[7]: { Feature:15, creation:2022-12-06T02:19:18.941Z, expiry:2022-12-06T02:24:18.941Z, isExpired: true}, { Feature:1, creation:2022-12-06T03:00:00Z, expiry:2022-12-06T04:00:00Z, isExpired: false}, { Feature:1, creation:2022-12-06T04:00:00Z, expiry:2022-12-06T05:00:00Z, isExpired: true}, { Feature:1, creation:2022-12-06T05:00:00Z, expiry:2022-12-06T06:00:00Z, isExpired: true}, { Feature:1, creation:2022-12-06T06:00:00Z, expiry:2022-12-06T07:00:00Z, isExpired: true}, { Feature:1, creation:2022-12-06T07:00:00Z, expiry:2022-12-06T08:00:00Z, isExpired: true}, { Feature:1, creation:2022-12-06T08:00:00Z, expiry:2022-12-06T08:35:56Z, isExpired: true}
12-05 22:17:04.198 I/AiAiEcho(4314): EchoTargets: Feature:1
12-05 22:17:04.198 I/AiAiEcho(4314): Filtered by AiAi flag check: 
12-05 22:17:04.199 I/AiAiEcho(4314): Ranked targets strategy: WEIGHTED, count: 1, ranking metadata: { cardId: WEATHER-569377244, card type: 1, update time: 2022-12-06T03:00:00Z, expiration time: 2022-12-06T04:00:00Z, ranking metadata: RankingMetaData(urgency=0.915, priority=0.3, recency=1.0, rankScore=0.2745, importantTimePoints=# mjr@7bca4) }
12-05 22:17:04.200 I/SurfaceFlinger(1000): operator()(), mtkRenderCntDebug 47222, screenshot (Wallpaper BBQ wrapper#0)
12-05 22:17:04.200 I/SurfaceFlinger(1000): operator()(), mtkRenderCntDebug 47222, screenshot (com.google.android.apps.nexuslauncher/com.google.android.apps.nexuslauncher.NexusLauncherActivity#1)
12-05 22:17:04.201 I/AiAiEcho(4314): #weatherTwiddler: Weather removes SubtitleSupplementalItem in surface: lockscreen
12-05 22:17:04.209 I/AiAiEcho(4314): #postPredictionTargets: Sending updates to UISurface home with targets# 1
12-05 22:17:04.210 I/AiAiEcho(4314): #postPredictionTargets: Sending updates to UISurface media_data_manager with targets# 0
12-05 22:17:04.211 W/BcSmartspaceCard(25430): No title view to update
12-05 22:17:04.235 I/ogle.android.a(4314): Background concurrent copying GC freed 335351(11MB) AllocSpace objects, 0(0B) LOS objects, 49% free, 11MB/22MB, paused 587us,135us total 135.152ms
12-05 22:17:04.238 W/System  (4314): A resource failed to call close. 
12-05 22:17:04.242 I/libPowerHal(972): [perfLockAcq] idx:0 hdl:93425 hint:0 pid:972 duration:80 lock_user:mtkpower@1.0-se => ret_hdl:93425
12-05 22:17:04.244 I/libPowerHal(972): [perfLockAcq] idx:1 hdl:93426 hint:25 pid:972 duration:10000 lock_user:mtkpower@1.0-se => ret_hdl:93426
12-05 22:17:04.244 I/libPowerHal(972): [PE] MTKPOWER_HINT_APP_TOUCH update cmd:3408600 param:1
12-05 22:17:04.245 I/libPowerHal(972): [perfLockAcq] idx:2 hdl:93427 hint:0 pid:972 duration:80 lock_user:mtkpower@1.0-se => ret_hdl:93427
12-05 22:17:04.286 I/libPowerHal(972): [perfLockAcq] idx:3 hdl:93428 hint:0 pid:972 duration:80 lock_user:mtkpower@1.0-se => ret_hdl:93428
12-05 22:17:04.291 I/libPowerHal(972): [perfLockAcq] idx:4 hdl:93429 hint:0 pid:972 duration:80 lock_user:mtkpower@1.0-se => ret_hdl:93429
12-05 22:17:04.297 I/libPowerHal(972): [perfLockAcq] idx:5 hdl:93430 hint:0 pid:972 duration:80 lock_user:mtkpower@1.0-se => ret_hdl:93430
12-05 22:17:04.307 I/SurfaceFlinger(1000): operator()(), mtkRenderCntDebug 47223, screenshot (Wallpaper BBQ wrapper#0)
12-05 22:17:04.307 I/SurfaceFlinger(1000): operator()(), mtkRenderCntDebug 47223, screenshot (com.google.android.apps.nexuslauncher/com.google.android.apps.nexuslauncher.NexusLauncherActivity#1)
12-05 22:17:04.314 I/libPowerHal(972): [perfLockAcq] idx:6 hdl:93431 hint:0 pid:972 duration:80 lock_user:mtkpower@1.0-se => ret_hdl:93431
12-05 22:17:04.322 I/mtkpower@impl(972): [powerd_req] TIMER_MSG_PERF_LOCK_TIMEOUT hdl:93425
12-05 22:17:04.322 I/libPowerHal(972): [perfLockRel] hdl:93425, idx:0
12-05 22:17:04.326 I/mtkpower@impl(972): [powerd_req] TIMER_MSG_PERF_LOCK_TIMEOUT hdl:93427
12-05 22:17:04.326 I/libPowerHal(972): [perfLockRel] hdl:93427, idx:2
12-05 22:17:04.336 I/libPowerHal(972): [perfLockAcq] idx:0 hdl:93432 hint:0 pid:972 duration:80 lock_user:mtkpower@1.0-se => ret_hdl:93432
12-05 22:17:04.363 I/libPowerHal(972): [perfLockAcq] idx:2 hdl:93433 hint:0 pid:972 duration:80 lock_user:mtkpower@1.0-se => ret_hdl:93433
12-05 22:17:04.364 I/libPowerHal(972): [perfLockAcq] idx:8 hdl:93434 hint:0 pid:972 duration:80 lock_user:mtkpower@1.0-se => ret_hdl:93434
12-05 22:17:04.366 I/mtkpower@impl(972): [powerd_req] TIMER_MSG_PERF_LOCK_TIMEOUT hdl:93428
12-05 22:17:04.366 I/libPowerHal(972): [perfLockRel] hdl:93428, idx:3
12-05 22:17:04.372 I/mtkpower@impl(972): [powerd_req] TIMER_MSG_PERF_LOCK_TIMEOUT hdl:93429
12-05 22:17:04.372 I/libPowerHal(972): [perfLockRel] hdl:93429, idx:4
12-05 22:17:04.377 I/mtkpower@impl(972): [powerd_req] TIMER_MSG_PERF_LOCK_TIMEOUT hdl:93430
12-05 22:17:04.377 I/libPowerHal(972): [perfLockRel] hdl:93430, idx:5
12-05 22:17:04.391 I/libPowerHal(972): [perfLockAcq] idx:3 hdl:93435 hint:0 pid:972 duration:80 lock_user:mtkpower@1.0-se => ret_hdl:93435
12-05 22:17:04.393 I/mtkpower@impl(972): [powerd_req] TIMER_MSG_PERF_LOCK_TIMEOUT hdl:93431
12-05 22:17:04.394 I/libPowerHal(972): [perfLockRel] hdl:93431, idx:6
12-05 22:17:04.407 I/SurfaceFlinger(1000): operator()(), mtkRenderCntDebug 47224, screenshot (Wallpaper BBQ wrapper#0)
12-05 22:17:04.408 I/SurfaceFlinger(1000): operator()(), mtkRenderCntDebug 47224, screenshot (com.google.android.apps.nexuslauncher/com.google.android.apps.nexuslauncher.NexusLauncherActivity#1)
12-05 22:17:04.416 I/mtkpower@impl(972): [powerd_req] TIMER_MSG_PERF_LOCK_TIMEOUT hdl:93432
12-05 22:17:04.416 I/libPowerHal(972): [perfLockRel] hdl:93432, idx:0
12-05 22:17:04.419 I/libPowerHal(972): [perfLockAcq] idx:0 hdl:93436 hint:0 pid:972 duration:80 lock_user:mtkpower@1.0-se => ret_hdl:93436
12-05 22:17:04.435 I/libPowerHal(972): [perfLockAcq] idx:4 hdl:93437 hint:0 pid:972 duration:80 lock_user:mtkpower@1.0-se => ret_hdl:93437
12-05 22:17:04.444 I/mtkpower@impl(972): [powerd_req] TIMER_MSG_PERF_LOCK_TIMEOUT hdl:93433
12-05 22:17:04.444 I/libPowerHal(972): [perfLockRel] hdl:93433, idx:2
12-05 22:17:04.444 I/mtkpower@impl(972): [powerd_req] TIMER_MSG_PERF_LOCK_TIMEOUT hdl:93434
12-05 22:17:04.444 I/libPowerHal(972): [perfLockRel] hdl:93434, idx:8
12-05 22:17:04.471 I/mtkpower@impl(972): [powerd_req] TIMER_MSG_PERF_LOCK_TIMEOUT hdl:93435
12-05 22:17:04.471 I/libPowerHal(972): [perfLockRel] hdl:93435, idx:3
12-05 22:17:04.485 I/libPowerHal(972): [perfLockAcq] idx:2 hdl:93438 hint:0 pid:972 duration:80 lock_user:mtkpower@1.0-se => ret_hdl:93438
12-05 22:17:04.486 I/libPowerHal(972): [perfLockAcq] idx:3 hdl:93439 hint:0 pid:972 duration:80 lock_user:mtkpower@1.0-se => ret_hdl:93439
12-05 22:17:04.488 I/libPerfCtl(972): xgfGetFPS pid:2751 fps:42
12-05 22:17:04.488 I/libPerfCtl(972): xgfGetFPS pid:13119 fps:90
12-05 22:17:04.488 I/libPerfCtl(972): xgfGetFPS pid:25430 fps:80
12-05 22:17:04.488 I/libPerfCtl(972): xgfGetFPS pid:26305 fps:-1
12-05 22:17:04.488 I/libPerfCtl(972): xgfGetFPS pid:29428 fps:54
12-05 22:17:04.491 I/libPowerHal(972): [perfLockAcq] idx:5 hdl:93440 hint:0 pid:972 duration:80 lock_user:mtkpower@1.0-se => ret_hdl:93440
12-05 22:17:04.499 I/mtkpower@impl(972): [powerd_req] TIMER_MSG_PERF_LOCK_TIMEOUT hdl:93436
12-05 22:17:04.499 I/libPowerHal(972): [perfLockRel] hdl:93436, idx:0
12-05 22:17:04.508 I/SurfaceFlinger(1000): operator()(), mtkRenderCntDebug 47225, screenshot (Wallpaper BBQ wrapper#0)
12-05 22:17:04.508 I/SurfaceFlinger(1000): operator()(), mtkRenderCntDebug 47225, screenshot (com.google.android.apps.nexuslauncher/com.google.android.apps.nexuslauncher.NexusLauncherActivity#1)
12-05 22:17:04.516 I/mtkpower@impl(972): [powerd_req] TIMER_MSG_PERF_LOCK_TIMEOUT hdl:93437
12-05 22:17:04.516 I/libPowerHal(972): [perfLockRel] hdl:93437, idx:4
12-05 22:17:04.565 I/mtkpower@impl(972): [powerd_req] TIMER_MSG_PERF_LOCK_TIMEOUT hdl:93438
12-05 22:17:04.565 I/libPowerHal(972): [perfLockRel] hdl:93438, idx:2
12-05 22:17:04.567 I/mtkpower@impl(972): [powerd_req] TIMER_MSG_PERF_LOCK_TIMEOUT hdl:93439
12-05 22:17:04.567 I/libPowerHal(972): [perfLockRel] hdl:93439, idx:3
12-05 22:17:04.571 I/mtkpower@impl(972): [powerd_req] TIMER_MSG_PERF_LOCK_TIMEOUT hdl:93440
12-05 22:17:04.571 I/libPowerHal(972): [perfLockRel] hdl:93440, idx:5
12-05 22:17:04.589 I/WifiHAL (2539): Get link layer stats
12-05 22:17:04.589 I/WifiHAL (2539): GetLinkStatsCommand::create
12-05 22:17:04.589 D/android.hardware.wifi@1.0-service-lazy(2539): WifiRequest::create vendor command to iface 32, vendor_id=0x1a11, subcmd=0x1200, res=0
12-05 22:17:04.589 I/android.hardware.wifi@1.0-service-lazy(2539): WifiCommand::requestResponse err=-14
12-05 22:17:04.589 I/WifiHAL (2539): wifi_get_link_stats: result=-1
12-05 22:17:04.590 E/WifiVendorHal(1646): getWifiLinkLayerStats_1_5_Internal(l.1191) failed {.code = ERROR_UNKNOWN, .description = unknown}
12-05 22:17:04.602 I/libPowerHal(972): [perfLockAcq] idx:0 hdl:93441 hint:0 pid:972 duration:80 lock_user:mtkpower@1.0-se => ret_hdl:93441
12-05 22:17:04.602 I/libPowerHal(972): [perfLockAcq] idx:2 hdl:93442 hint:0 pid:972 duration:80 lock_user:mtkpower@1.0-se => ret_hdl:93442
12-05 22:17:04.607 I/libPowerHal(972): [perfLockAcq] idx:3 hdl:93443 hint:0 pid:972 duration:80 lock_user:mtkpower@1.0-se => ret_hdl:93443
12-05 22:17:04.608 I/SurfaceFlinger(1000): operator()(), mtkRenderCntDebug 47226, screenshot (Wallpaper BBQ wrapper#0)
12-05 22:17:04.608 I/SurfaceFlinger(1000): operator()(), mtkRenderCntDebug 47226, screenshot (com.google.android.apps.nexuslauncher/com.google.android.apps.nexuslauncher.NexusLauncherActivity#1)
12-05 22:17:04.651 D/Vibrator(986): Vibrator perform 1, 5
12-05 22:17:04.651 I/Vibrator(986): Vibrator on for timeoutMs: 90
12-05 22:17:04.651 D/Vibrator(986): Vibrator using LED trigger
12-05 22:17:04.679 I/BufferQueueProducer(1000): [com.google.android.apps.nexuslauncher/com.google.android.apps.nexuslauncher.NexusLauncherActivity#1](this:0xb400007219818440,id:-1,api:0,p:-1,c:1000) queueBuffer: fps=48.76 dur=1107.38 max=442.75 min=6.96
12-05 22:17:04.679 I/BufferQueueProducer(1000): [Wallpaper BBQ wrapper#0](this:0xb4000072197a0aa0,id:-1,api:0,p:-1,c:1000) queueBuffer: fps=43.18 dur=1018.94 max=66.65 min=9.53
12-05 22:17:04.681 I/mtkpower@impl(972): [powerd_req] TIMER_MSG_PERF_LOCK_TIMEOUT hdl:93441
12-05 22:17:04.681 I/libPowerHal(972): [perfLockRel] hdl:93441, idx:0
12-05 22:17:04.683 I/mtkpower@impl(972): [powerd_req] TIMER_MSG_PERF_LOCK_TIMEOUT hdl:93442
12-05 22:17:04.683 I/libPowerHal(972): [perfLockRel] hdl:93442, idx:2
12-05 22:17:04.687 I/mtkpower@impl(972): [powerd_req] TIMER_MSG_PERF_LOCK_TIMEOUT hdl:93443
12-05 22:17:04.687 I/libPowerHal(972): [perfLockRel] hdl:93443, idx:3
12-05 22:17:04.708 I/SurfaceFlinger(1000): operator()(), mtkRenderCntDebug 47227, screenshot (Wallpaper BBQ wrapper#0)
12-05 22:17:04.708 I/SurfaceFlinger(1000): operator()(), mtkRenderCntDebug 47227, screenshot (com.google.android.apps.nexuslauncher/com.google.android.apps.nexuslauncher.NexusLauncherActivity#1)
12-05 22:17:04.734 I/BufferQueueProducer(1000): [NavigationBar0#0](this:0xb40000721974b3c0,id:-1,api:0,p:-1,c:1000) queueBuffer: fps=90.29 dur=1007.89 max=16.24 min=7.49
12-05 22:17:04.740 I/libPowerHal(972): [perfLockAcq] idx:0 hdl:93444 hint:0 pid:972 duration:80 lock_user:mtkpower@1.0-se => ret_hdl:93444
12-05 22:17:04.741 I/libPowerHal(972): [perfLockAcq] idx:2 hdl:93445 hint:0 pid:972 duration:80 lock_user:mtkpower@1.0-se => ret_hdl:93445
12-05 22:17:04.742 D/Vibrator(986): Vibrator off
12-05 22:17:04.742 D/Vibrator(986): Vibrator using LED trigger
12-05 22:17:04.768 I/libPowerHal(972): [perfLockAcq] idx:3 hdl:93446 hint:0 pid:972 duration:80 lock_user:mtkpower@1.0-se => ret_hdl:93446
12-05 22:17:04.781 I/mtkpower@impl(972): [powerd_req] TIMER_MSG_PERF_LOCK_TIMEOUT hdl:93423
12-05 22:17:04.781 I/libPowerHal(972): [perfLockRel] hdl:93423, idx:18
12-05 22:17:04.808 I/SurfaceFlinger(1000): operator()(), mtkRenderCntDebug 47228, screenshot (Wallpaper BBQ wrapper#0)
12-05 22:17:04.808 I/SurfaceFlinger(1000): operator()(), mtkRenderCntDebug 47228, screenshot (com.google.android.apps.nexuslauncher/com.google.android.apps.nexuslauncher.NexusLauncherActivity#1)
12-05 22:17:04.820 I/mtkpower@impl(972): [powerd_req] TIMER_MSG_PERF_LOCK_TIMEOUT hdl:93444
12-05 22:17:04.820 I/libPowerHal(972): [perfLockRel] hdl:93444, idx:0
12-05 22:17:04.821 I/mtkpower@impl(972): [powerd_req] TIMER_MSG_PERF_LOCK_TIMEOUT hdl:93445
12-05 22:17:04.821 I/libPowerHal(972): [perfLockRel] hdl:93445, idx:2
12-05 22:17:04.829 I/libPowerHal(972): [perfLockAcq] idx:0 hdl:93447 hint:0 pid:972 duration:80 lock_user:mtkpower@1.0-se => ret_hdl:93447
12-05 22:17:04.844 I/libPowerHal(972): [perfLockAcq] idx:2 hdl:93448 hint:0 pid:972 duration:80 lock_user:mtkpower@1.0-se => ret_hdl:93448
12-05 22:17:04.845 I/libPowerHal(972): [perfLockRel] hdl:93426, idx:1
12-05 22:17:04.846 I/libPowerHal(972): [PD] MTKPOWER_HINT_APP_TOUCH update cmd:3408600 param:0
12-05 22:17:04.846 I/libPowerHal(972): [perfLockAcq] idx:4 hdl:93449 hint:0 pid:972 duration:80 lock_user:mtkpower@1.0-se => ret_hdl:93449
12-05 22:17:04.847 I/mtkpower@impl(972): [powerd_req] TIMER_MSG_PERF_LOCK_TIMEOUT hdl:93446
12-05 22:17:04.847 I/libPowerHal(972): [perfLockRel] hdl:93446, idx:3
12-05 22:17:04.908 I/SurfaceFlinger(1000): operator()(), mtkRenderCntDebug 47229, screenshot (Wallpaper BBQ wrapper#0)
12-05 22:17:04.909 I/mtkpower@impl(972): [powerd_req] TIMER_MSG_PERF_LOCK_TIMEOUT hdl:93447
12-05 22:17:04.909 I/libPowerHal(972): [perfLockRel] hdl:93447, idx:0
12-05 22:17:04.909 I/SurfaceFlinger(1000): operator()(), mtkRenderCntDebug 47229, screenshot (com.google.android.apps.nexuslauncher/com.google.android.apps.nexuslauncher.NexusLauncherActivity#1)
12-05 22:17:04.924 I/mtkpower@impl(972): [powerd_req] TIMER_MSG_PERF_LOCK_TIMEOUT hdl:93448
12-05 22:17:04.924 I/libPowerHal(972): [perfLockRel] hdl:93448, idx:2
12-05 22:17:04.926 I/mtkpower@impl(972): [powerd_req] TIMER_MSG_PERF_LOCK_TIMEOUT hdl:93449
12-05 22:17:04.926 I/libPowerHal(972): [perfLockRel] hdl:93449, idx:4
12-05 22:17:04.936 I/BufferQueueProducer(1000): [FramebufferSurface](this:0xb4000071c9641040,id:-1,api:1,p:1000,c:1000) queueBuffer: fps=90.55 dur=1005.00 max=19.47 min=7.45
12-05 22:17:04.937 I/hwcomposer(935): [HWCDisplay] [Display_0 (type:1)] fps:90.564651,dur:1004.81,max:19.48,min:7.47  
12-05 22:17:05.016 I/SurfaceFlinger(1000): operator()(), mtkRenderCntDebug 47230, screenshot (Wallpaper BBQ wrapper#0)
12-05 22:17:05.016 I/SurfaceFlinger(1000): operator()(), mtkRenderCntDebug 47230, screenshot (com.google.android.apps.nexuslauncher/com.google.android.apps.nexuslauncher.NexusLauncherActivity#1)
12-05 22:17:05.116 I/SurfaceFlinger(1000): operator()(), mtkRenderCntDebug 47231, screenshot (Wallpaper BBQ wrapper#0)
12-05 22:17:05.116 I/SurfaceFlinger(1000): operator()(), mtkRenderCntDebug 47231, screenshot (com.google.android.apps.nexuslauncher/com.google.android.apps.nexuslauncher.NexusLauncherActivity#1)
12-05 22:17:05.216 I/SurfaceFlinger(1000): operator()(), mtkRenderCntDebug 47232, screenshot (Wallpaper BBQ wrapper#0)
12-05 22:17:05.216 I/SurfaceFlinger(1000): operator()(), mtkRenderCntDebug 47232, screenshot (com.google.android.apps.nexuslauncher/com.google.android.apps.nexuslauncher.NexusLauncherActivity#1)
12-05 22:17:05.316 I/SurfaceFlinger(1000): operator()(), mtkRenderCntDebug 47233, screenshot (Wallpaper BBQ wrapper#0)
12-05 22:17:05.316 I/SurfaceFlinger(1000): operator()(), mtkRenderCntDebug 47233, screenshot (com.google.android.apps.nexuslauncher/com.google.android.apps.nexuslauncher.NexusLauncherActivity#1)
12-05 22:17:05.417 I/SurfaceFlinger(1000): operator()(), mtkRenderCntDebug 47234, screenshot (Wallpaper BBQ wrapper#0)
12-05 22:17:05.417 I/SurfaceFlinger(1000): operator()(), mtkRenderCntDebug 47234, screenshot (com.google.android.apps.nexuslauncher/com.google.android.apps.nexuslauncher.NexusLauncherActivity#1)
12-05 22:17:05.488 I/libPerfCtl(972): xgfGetFPS pid:2751 fps:36
12-05 22:17:05.488 I/libPerfCtl(972): xgfGetFPS pid:13119 fps:89
12-05 22:17:05.489 I/libPerfCtl(972): xgfGetFPS pid:25430 fps:90
12-05 22:17:05.489 I/libPerfCtl(972): xgfGetFPS pid:26305 fps:-1
12-05 22:17:05.489 I/libPerfCtl(972): xgfGetFPS pid:29428 fps:-1
12-05 22:17:05.517 I/SurfaceFlinger(1000): operator()(), mtkRenderCntDebug 47235, screenshot (Wallpaper BBQ wrapper#0)
12-05 22:17:05.517 I/SurfaceFlinger(1000): operator()(), mtkRenderCntDebug 47235, screenshot (com.google.android.apps.nexuslauncher/com.google.android.apps.nexuslauncher.NexusLauncherActivity#1)
12-05 22:17:05.614 I/libPowerHal(972): [perfLockAcq] idx:0 hdl:93450 hint:0 pid:972 duration:80 lock_user:mtkpower@1.0-se => ret_hdl:93450
12-05 22:17:05.615 I/libPowerHal(972): [perfLockAcq] idx:1 hdl:93451 hint:25 pid:972 duration:10000 lock_user:mtkpower@1.0-se => ret_hdl:93451
12-05 22:17:05.615 I/libPowerHal(972): [PE] MTKPOWER_HINT_APP_TOUCH update cmd:3408600 param:1
